[2026-10-10T14:11:29.635+0000] {processor.py:161} INFO - Started process (PID=51) to work on /opt/airflow/dags/f1_pipeline_dag.py
[2026-10-10T14:11:29.636+0000] {processor.py:830} INFO - Processing file /opt/airflow/dags/f1_pipeline_dag.py for tasks to queue
[2026-10-10T14:11:29.637+0000] {logging_mixin.py:188} INFO - [2026-10-10T14:11:29.637+0000] {dagbag.py:545} INFO - Filling up the DagBag from /opt/airflow/dags/f1_pipeline_dag.py
[2026-10-10T14:11:29.648+0000] {processor.py:840} INFO - DAG(s) 'f1_data_analytics' retrieved from /opt/airflow/dags/f1_pipeline_dag.py
[2026-10-10T14:11:29.653+0000] {logging_mixin.py:188} INFO - [2026-10-10T14:11:29.653+0000] {dag.py:3096} INFO - Sync 1 DAGs
[2026-10-10T14:11:29.663+0000] {logging_mixin.py:188} INFO - [2026-10-10T14:11:29.662+0000] {dag.py:3954} INFO - Setting next_dagrun for f1_data_analytics to None, run_after=None
[2026-10-10T14:11:29.681+0000] {processor.py:183} INFO - Processing /opt/airflow/dags/f1_pipeline_dag.py took 0.050 seconds
[2026-10-10T14:11:59.830+0000] {processor.py:161} INFO - Started process (PID=77) to work on /opt/airflow/dags/f1_pipeline_dag.py
[2026-10-10T14:11:59.831+0000] {processor.py:830} INFO - Processing file /opt/airflow/dags/f1_pipeline_dag.py for tasks to queue
[2026-10-10T14:11:59.833+0000] {logging_mixin.py:188} INFO - [2026-10-10T14:11:59.833+0000] {dagbag.py:545} INFO - Filling up the DagBag from /opt/airflow/dags/f1_pipeline_dag.py
[2026-10-10T14:11:59.851+0000] {processor.py:840} INFO - DAG(s) 'f1_data_analytics' retrieved from /opt/airflow/dags/f1_pipeline_dag.py
[2026-10-10T14:12:00.069+0000] {logging_mixin.py:188} INFO - [2026-10-10T14:12:00.069+0000] {dag.py:3096} INFO - Sync 1 DAGs
[2026-10-10T14:12:00.076+0000] {logging_mixin.py:188} INFO - [2026-10-10T14:12:00.075+0000] {dag.py:3954} INFO - Setting next_dagrun for f1_data_analytics to None, run_after=None
[2026-10-10T14:12:00.091+0000] {processor.py:183} INFO - Processing /opt/airflow/dags/f1_pipeline_dag.py took 0.270 seconds
[2026-10-10T14:12:30.484+0000] {processor.py:161} INFO - Started process (PID=78) to work on /opt/airflow/dags/f1_pipeline_dag.py
[2026-10-10T14:12:30.487+0000] {processor.py:830} INFO - Processing file /opt/airflow/dags/f1_pipeline_dag.py for tasks to queue
[2026-10-10T14:12:30.490+0000] {logging_mixin.py:188} INFO - [2026-10-10T14:12:30.489+0000] {dagbag.py:545} INFO - Filling up the DagBag from /opt/airflow/dags/f1_pipeline_dag.py
[2026-10-10T14:12:30.508+0000] {processor.py:840} INFO - DAG(s) 'f1_data_analytics' retrieved from /opt/airflow/dags/f1_pipeline_dag.py
[2026-10-10T14:12:30.554+0000] {logging_mixin.py:188} INFO - [2026-10-10T14:12:30.554+0000] {dag.py:3096} INFO - Sync 1 DAGs
[2026-10-10T14:12:30.562+0000] {logging_mixin.py:188} INFO - [2026-10-10T14:12:30.562+0000] {dag.py:3954} INFO - Setting next_dagrun for f1_data_analytics to None, run_after=None
[2026-10-10T14:12:30.686+0000] {processor.py:183} INFO - Processing /opt/airflow/dags/f1_pipeline_dag.py took 0.211 seconds
[2026-10-10T14:13:01.021+0000] {processor.py:161} INFO - Started process (PID=79) to work on /opt/airflow/dags/f1_pipeline_dag.py
[2026-10-10T14:13:01.022+0000] {processor.py:830} INFO - Processing file /opt/airflow/dags/f1_pipeline_dag.py for tasks to queue
[2026-10-10T14:13:01.025+0000] {logging_mixin.py:188} INFO - [2026-10-10T14:13:01.024+0000] {dagbag.py:545} INFO - Filling up the DagBag from /opt/airflow/dags/f1_pipeline_dag.py
[2026-10-10T14:13:01.042+0000] {processor.py:840} INFO - DAG(s) 'f1_data_analytics' retrieved from /opt/airflow/dags/f1_pipeline_dag.py
[2026-10-10T14:13:01.090+0000] {logging_mixin.py:188} INFO - [2026-10-10T14:13:01.090+0000] {dag.py:3096} INFO - Sync 1 DAGs
[2026-10-10T14:13:01.202+0000] {logging_mixin.py:188} INFO - [2026-10-10T14:13:01.202+0000] {dag.py:3954} INFO - Setting next_dagrun for f1_data_analytics to None, run_after=None
[2026-10-10T14:13:01.217+0000] {processor.py:183} INFO - Processing /opt/airflow/dags/f1_pipeline_dag.py took 0.205 seconds
[2026-10-10T14:13:31.684+0000] {processor.py:161} INFO - Started process (PID=80) to work on /opt/airflow/dags/f1_pipeline_dag.py
[2026-10-10T14:13:31.687+0000] {processor.py:830} INFO - Processing file /opt/airflow/dags/f1_pipeline_dag.py for tasks to queue
[2026-10-10T14:13:31.689+0000] {logging_mixin.py:188} INFO - [2026-10-10T14:13:31.689+0000] {dagbag.py:545} INFO - Filling up the DagBag from /opt/airflow/dags/f1_pipeline_dag.py
[2026-10-10T14:13:31.708+0000] {processor.py:840} INFO - DAG(s) 'f1_data_analytics' retrieved from /opt/airflow/dags/f1_pipeline_dag.py
[2026-10-10T14:13:31.868+0000] {logging_mixin.py:188} INFO - [2026-10-10T14:13:31.868+0000] {dag.py:3096} INFO - Sync 1 DAGs
[2026-10-10T14:13:31.876+0000] {logging_mixin.py:188} INFO - [2026-10-10T14:13:31.876+0000] {dag.py:3954} INFO - Setting next_dagrun for f1_data_analytics to None, run_after=None
[2026-10-10T14:13:31.892+0000] {processor.py:183} INFO - Processing /opt/airflow/dags/f1_pipeline_dag.py took 0.220 seconds
[2026-10-10T14:14:34.246+0000] {processor.py:161} INFO - Started process (PID=129) to work on /opt/airflow/dags/f1_pipeline_dag.py
[2026-10-10T14:14:34.248+0000] {processor.py:830} INFO - Processing file /opt/airflow/dags/f1_pipeline_dag.py for tasks to queue
[2026-10-10T14:14:34.251+0000] {logging_mixin.py:188} INFO - [2026-10-10T14:14:34.250+0000] {dagbag.py:545} INFO - Filling up the DagBag from /opt/airflow/dags/f1_pipeline_dag.py
[2026-10-10T14:14:34.269+0000] {processor.py:840} INFO - DAG(s) 'f1_data_analytics' retrieved from /opt/airflow/dags/f1_pipeline_dag.py
[2026-10-10T14:14:34.419+0000] {logging_mixin.py:188} INFO - [2026-10-10T14:14:34.419+0000] {dag.py:3096} INFO - Sync 1 DAGs
[2026-10-10T14:14:34.426+0000] {logging_mixin.py:188} INFO - [2026-10-10T14:14:34.426+0000] {dag.py:3954} INFO - Setting next_dagrun for f1_data_analytics to None, run_after=None
[2026-10-10T14:14:34.442+0000] {processor.py:183} INFO - Processing /opt/airflow/dags/f1_pipeline_dag.py took 0.204 seconds
[2026-10-10T14:15:08.316+0000] {processor.py:161} INFO - Started process (PID=442) to work on /opt/airflow/dags/f1_pipeline_dag.py
[2026-10-10T14:15:08.318+0000] {processor.py:830} INFO - Processing file /opt/airflow/dags/f1_pipeline_dag.py for tasks to queue
[2026-10-10T14:15:08.321+0000] {logging_mixin.py:188} INFO - [2026-10-10T14:15:08.320+0000] {dagbag.py:545} INFO - Filling up the DagBag from /opt/airflow/dags/f1_pipeline_dag.py
[2026-10-10T14:15:08.338+0000] {processor.py:840} INFO - DAG(s) 'f1_data_analytics' retrieved from /opt/airflow/dags/f1_pipeline_dag.py
[2026-10-10T14:15:08.483+0000] {logging_mixin.py:188} INFO - [2026-10-10T14:15:08.482+0000] {dag.py:3096} INFO - Sync 1 DAGs
[2026-10-10T14:15:08.490+0000] {logging_mixin.py:188} INFO - [2026-10-10T14:15:08.490+0000] {dag.py:3954} INFO - Setting next_dagrun for f1_data_analytics to None, run_after=None
[2026-10-10T14:15:08.505+0000] {processor.py:183} INFO - Processing /opt/airflow/dags/f1_pipeline_dag.py took 0.199 seconds
[2026-10-10T14:15:39.585+0000] {processor.py:161} INFO - Started process (PID=709) to work on /opt/airflow/dags/f1_pipeline_dag.py
[2026-10-10T14:15:39.586+0000] {processor.py:830} INFO - Processing file /opt/airflow/dags/f1_pipeline_dag.py for tasks to queue
[2026-10-10T14:15:39.589+0000] {logging_mixin.py:188} INFO - [2026-10-10T14:15:39.588+0000] {dagbag.py:545} INFO - Filling up the DagBag from /opt/airflow/dags/f1_pipeline_dag.py
[2026-10-10T14:15:39.610+0000] {processor.py:840} INFO - DAG(s) 'f1_data_analytics' retrieved from /opt/airflow/dags/f1_pipeline_dag.py
[2026-10-10T14:15:39.768+0000] {logging_mixin.py:188} INFO - [2026-10-10T14:15:39.768+0000] {dag.py:3096} INFO - Sync 1 DAGs
[2026-10-10T14:15:39.777+0000] {logging_mixin.py:188} INFO - [2026-10-10T14:15:39.777+0000] {dag.py:3954} INFO - Setting next_dagrun for f1_data_analytics to None, run_after=None
[2026-10-10T14:15:39.793+0000] {processor.py:183} INFO - Processing /opt/airflow/dags/f1_pipeline_dag.py took 0.216 seconds
[2026-10-10T14:16:11.011+0000] {processor.py:161} INFO - Started process (PID=710) to work on /opt/airflow/dags/f1_pipeline_dag.py
[2026-10-10T14:16:11.014+0000] {processor.py:830} INFO - Processing file /opt/airflow/dags/f1_pipeline_dag.py for tasks to queue
[2026-10-10T14:16:11.015+0000] {logging_mixin.py:188} INFO - [2026-10-10T14:16:11.015+0000] {dagbag.py:545} INFO - Filling up the DagBag from /opt/airflow/dags/f1_pipeline_dag.py
[2026-10-10T14:16:11.027+0000] {processor.py:840} INFO - DAG(s) 'f1_data_analytics' retrieved from /opt/airflow/dags/f1_pipeline_dag.py
[2026-10-10T14:16:11.079+0000] {logging_mixin.py:188} INFO - [2026-10-10T14:16:11.078+0000] {dag.py:3096} INFO - Sync 1 DAGs
[2026-10-10T14:16:11.088+0000] {logging_mixin.py:188} INFO - [2026-10-10T14:16:11.087+0000] {dag.py:3954} INFO - Setting next_dagrun for f1_data_analytics to None, run_after=None
[2026-10-10T14:16:11.104+0000] {processor.py:183} INFO - Processing /opt/airflow/dags/f1_pipeline_dag.py took 0.097 seconds
[2026-10-10T14:16:41.205+0000] {processor.py:161} INFO - Started process (PID=711) to work on /opt/airflow/dags/f1_pipeline_dag.py
[2026-10-10T14:16:41.206+0000] {processor.py:830} INFO - Processing file /opt/airflow/dags/f1_pipeline_dag.py for tasks to queue
[2026-10-10T14:16:41.208+0000] {logging_mixin.py:188} INFO - [2026-10-10T14:16:41.208+0000] {dagbag.py:545} INFO - Filling up the DagBag from /opt/airflow/dags/f1_pipeline_dag.py
[2026-10-10T14:16:41.225+0000] {processor.py:840} INFO - DAG(s) 'f1_data_analytics' retrieved from /opt/airflow/dags/f1_pipeline_dag.py
[2026-10-10T14:16:41.258+0000] {logging_mixin.py:188} INFO - [2026-10-10T14:16:41.258+0000] {dag.py:3096} INFO - Sync 1 DAGs
[2026-10-10T14:16:41.268+0000] {logging_mixin.py:188} INFO - [2026-10-10T14:16:41.267+0000] {dag.py:3954} INFO - Setting next_dagrun for f1_data_analytics to None, run_after=None
[2026-10-10T14:16:41.286+0000] {processor.py:183} INFO - Processing /opt/airflow/dags/f1_pipeline_dag.py took 0.088 seconds
[2026-10-10T14:17:11.530+0000] {processor.py:161} INFO - Started process (PID=712) to work on /opt/airflow/dags/f1_pipeline_dag.py
[2026-10-10T14:17:11.533+0000] {processor.py:830} INFO - Processing file /opt/airflow/dags/f1_pipeline_dag.py for tasks to queue
[2026-10-10T14:17:11.535+0000] {logging_mixin.py:188} INFO - [2026-10-10T14:17:11.535+0000] {dagbag.py:545} INFO - Filling up the DagBag from /opt/airflow/dags/f1_pipeline_dag.py
[2026-10-10T14:17:11.554+0000] {processor.py:840} INFO - DAG(s) 'f1_data_analytics' retrieved from /opt/airflow/dags/f1_pipeline_dag.py
[2026-10-10T14:17:11.598+0000] {logging_mixin.py:188} INFO - [2026-10-10T14:17:11.598+0000] {dag.py:3096} INFO - Sync 1 DAGs
[2026-10-10T14:17:11.607+0000] {logging_mixin.py:188} INFO - [2026-10-10T14:17:11.607+0000] {dag.py:3954} INFO - Setting next_dagrun for f1_data_analytics to None, run_after=None
[2026-10-10T14:17:11.622+0000] {processor.py:183} INFO - Processing /opt/airflow/dags/f1_pipeline_dag.py took 0.102 seconds
[2026-10-10T14:17:41.849+0000] {processor.py:161} INFO - Started process (PID=713) to work on /opt/airflow/dags/f1_pipeline_dag.py
[2026-10-10T14:17:41.850+0000] {processor.py:830} INFO - Processing file /opt/airflow/dags/f1_pipeline_dag.py for tasks to queue
[2026-10-10T14:17:41.853+0000] {logging_mixin.py:188} INFO - [2026-10-10T14:17:41.853+0000] {dagbag.py:545} INFO - Filling up the DagBag from /opt/airflow/dags/f1_pipeline_dag.py
[2026-10-10T14:17:41.871+0000] {processor.py:840} INFO - DAG(s) 'f1_data_analytics' retrieved from /opt/airflow/dags/f1_pipeline_dag.py
[2026-10-10T14:17:41.918+0000] {logging_mixin.py:188} INFO - [2026-10-10T14:17:41.918+0000] {dag.py:3096} INFO - Sync 1 DAGs
[2026-10-10T14:17:41.926+0000] {logging_mixin.py:188} INFO - [2026-10-10T14:17:41.926+0000] {dag.py:3954} INFO - Setting next_dagrun for f1_data_analytics to None, run_after=None
[2026-10-10T14:17:41.942+0000] {processor.py:183} INFO - Processing /opt/airflow/dags/f1_pipeline_dag.py took 0.102 seconds
[2026-10-10T14:18:12.179+0000] {processor.py:161} INFO - Started process (PID=714) to work on /opt/airflow/dags/f1_pipeline_dag.py
[2026-10-10T14:18:12.182+0000] {processor.py:830} INFO - Processing file /opt/airflow/dags/f1_pipeline_dag.py for tasks to queue
[2026-10-10T14:18:12.185+0000] {logging_mixin.py:188} INFO - [2026-10-10T14:18:12.184+0000] {dagbag.py:545} INFO - Filling up the DagBag from /opt/airflow/dags/f1_pipeline_dag.py
[2026-10-10T14:18:12.203+0000] {processor.py:840} INFO - DAG(s) 'f1_data_analytics' retrieved from /opt/airflow/dags/f1_pipeline_dag.py
[2026-10-10T14:18:12.248+0000] {logging_mixin.py:188} INFO - [2026-10-10T14:18:12.248+0000] {dag.py:3096} INFO - Sync 1 DAGs
[2026-10-10T14:18:12.256+0000] {logging_mixin.py:188} INFO - [2026-10-10T14:18:12.256+0000] {dag.py:3954} INFO - Setting next_dagrun for f1_data_analytics to None, run_after=None
[2026-10-10T14:18:12.272+0000] {processor.py:183} INFO - Processing /opt/airflow/dags/f1_pipeline_dag.py took 0.101 seconds
[2026-10-10T14:18:42.537+0000] {processor.py:161} INFO - Started process (PID=715) to work on /opt/airflow/dags/f1_pipeline_dag.py
[2026-10-10T14:18:42.541+0000] {processor.py:830} INFO - Processing file /opt/airflow/dags/f1_pipeline_dag.py for tasks to queue
[2026-10-10T14:18:42.544+0000] {logging_mixin.py:188} INFO - [2026-10-10T14:18:42.544+0000] {dagbag.py:545} INFO - Filling up the DagBag from /opt/airflow/dags/f1_pipeline_dag.py
[2026-10-10T14:18:42.563+0000] {processor.py:840} INFO - DAG(s) 'f1_data_analytics' retrieved from /opt/airflow/dags/f1_pipeline_dag.py
[2026-10-10T14:18:42.597+0000] {logging_mixin.py:188} INFO - [2026-10-10T14:18:42.597+0000] {dag.py:3096} INFO - Sync 1 DAGs
[2026-10-10T14:18:42.605+0000] {logging_mixin.py:188} INFO - [2026-10-10T14:18:42.605+0000] {dag.py:3954} INFO - Setting next_dagrun for f1_data_analytics to None, run_after=None
[2026-10-10T14:18:42.620+0000] {processor.py:183} INFO - Processing /opt/airflow/dags/f1_pipeline_dag.py took 0.094 seconds
[2026-10-10T14:19:12.858+0000] {processor.py:161} INFO - Started process (PID=716) to work on /opt/airflow/dags/f1_pipeline_dag.py
[2026-10-10T14:19:12.859+0000] {processor.py:830} INFO - Processing file /opt/airflow/dags/f1_pipeline_dag.py for tasks to queue
[2026-10-10T14:19:12.862+0000] {logging_mixin.py:188} INFO - [2026-10-10T14:19:12.861+0000] {dagbag.py:545} INFO - Filling up the DagBag from /opt/airflow/dags/f1_pipeline_dag.py
[2026-10-10T14:19:12.885+0000] {processor.py:840} INFO - DAG(s) 'f1_data_analytics' retrieved from /opt/airflow/dags/f1_pipeline_dag.py
[2026-10-10T14:19:12.947+0000] {logging_mixin.py:188} INFO - [2026-10-10T14:19:12.947+0000] {dag.py:3096} INFO - Sync 1 DAGs
[2026-10-10T14:19:12.961+0000] {logging_mixin.py:188} INFO - [2026-10-10T14:19:12.961+0000] {dag.py:3954} INFO - Setting next_dagrun for f1_data_analytics to None, run_after=None
[2026-10-10T14:19:12.978+0000] {processor.py:183} INFO - Processing /opt/airflow/dags/f1_pipeline_dag.py took 0.129 seconds
[2026-10-10T14:19:43.182+0000] {processor.py:161} INFO - Started process (PID=717) to work on /opt/airflow/dags/f1_pipeline_dag.py
[2026-10-10T14:19:43.185+0000] {processor.py:830} INFO - Processing file /opt/airflow/dags/f1_pipeline_dag.py for tasks to queue
[2026-10-10T14:19:43.188+0000] {logging_mixin.py:188} INFO - [2026-10-10T14:19:43.187+0000] {dagbag.py:545} INFO - Filling up the DagBag from /opt/airflow/dags/f1_pipeline_dag.py
[2026-10-10T14:19:43.206+0000] {processor.py:840} INFO - DAG(s) 'f1_data_analytics' retrieved from /opt/airflow/dags/f1_pipeline_dag.py
[2026-10-10T14:19:43.256+0000] {logging_mixin.py:188} INFO - [2026-10-10T14:19:43.255+0000] {dag.py:3096} INFO - Sync 1 DAGs
[2026-10-10T14:19:43.265+0000] {logging_mixin.py:188} INFO - [2026-10-10T14:19:43.265+0000] {dag.py:3954} INFO - Setting next_dagrun for f1_data_analytics to None, run_after=None
[2026-10-10T14:19:43.282+0000] {processor.py:183} INFO - Processing /opt/airflow/dags/f1_pipeline_dag.py took 0.109 seconds
[2026-10-10T14:20:13.474+0000] {processor.py:161} INFO - Started process (PID=718) to work on /opt/airflow/dags/f1_pipeline_dag.py
[2026-10-10T14:20:13.475+0000] {processor.py:830} INFO - Processing file /opt/airflow/dags/f1_pipeline_dag.py for tasks to queue
[2026-10-10T14:20:13.478+0000] {logging_mixin.py:188} INFO - [2026-10-10T14:20:13.477+0000] {dagbag.py:545} INFO - Filling up the DagBag from /opt/airflow/dags/f1_pipeline_dag.py
[2026-10-10T14:20:13.496+0000] {processor.py:840} INFO - DAG(s) 'f1_data_analytics' retrieved from /opt/airflow/dags/f1_pipeline_dag.py
[2026-10-10T14:20:13.532+0000] {logging_mixin.py:188} INFO - [2026-10-10T14:20:13.532+0000] {dag.py:3096} INFO - Sync 1 DAGs
[2026-10-10T14:20:13.542+0000] {logging_mixin.py:188} INFO - [2026-10-10T14:20:13.542+0000] {dag.py:3954} INFO - Setting next_dagrun for f1_data_analytics to None, run_after=None
[2026-10-10T14:20:13.559+0000] {processor.py:183} INFO - Processing /opt/airflow/dags/f1_pipeline_dag.py took 0.095 seconds
[2026-10-10T14:20:43.666+0000] {processor.py:161} INFO - Started process (PID=719) to work on /opt/airflow/dags/f1_pipeline_dag.py
[2026-10-10T14:20:43.669+0000] {processor.py:830} INFO - Processing file /opt/airflow/dags/f1_pipeline_dag.py for tasks to queue
[2026-10-10T14:20:43.672+0000] {logging_mixin.py:188} INFO - [2026-10-10T14:20:43.672+0000] {dagbag.py:545} INFO - Filling up the DagBag from /opt/airflow/dags/f1_pipeline_dag.py
[2026-10-10T14:20:43.691+0000] {processor.py:840} INFO - DAG(s) 'f1_data_analytics' retrieved from /opt/airflow/dags/f1_pipeline_dag.py
[2026-10-10T14:20:43.738+0000] {logging_mixin.py:188} INFO - [2026-10-10T14:20:43.738+0000] {dag.py:3096} INFO - Sync 1 DAGs
[2026-10-10T14:20:43.747+0000] {logging_mixin.py:188} INFO - [2026-10-10T14:20:43.747+0000] {dag.py:3954} INFO - Setting next_dagrun for f1_data_analytics to None, run_after=None
[2026-10-10T14:20:43.763+0000] {processor.py:183} INFO - Processing /opt/airflow/dags/f1_pipeline_dag.py took 0.106 seconds
[2026-10-10T14:21:13.940+0000] {processor.py:161} INFO - Started process (PID=720) to work on /opt/airflow/dags/f1_pipeline_dag.py
[2026-10-10T14:21:13.942+0000] {processor.py:830} INFO - Processing file /opt/airflow/dags/f1_pipeline_dag.py for tasks to queue
[2026-10-10T14:21:13.945+0000] {logging_mixin.py:188} INFO - [2026-10-10T14:21:13.944+0000] {dagbag.py:545} INFO - Filling up the DagBag from /opt/airflow/dags/f1_pipeline_dag.py
[2026-10-10T14:21:13.964+0000] {processor.py:840} INFO - DAG(s) 'f1_data_analytics' retrieved from /opt/airflow/dags/f1_pipeline_dag.py
[2026-10-10T14:21:14.003+0000] {logging_mixin.py:188} INFO - [2026-10-10T14:21:14.003+0000] {dag.py:3096} INFO - Sync 1 DAGs
[2026-10-10T14:21:14.012+0000] {logging_mixin.py:188} INFO - [2026-10-10T14:21:14.012+0000] {dag.py:3954} INFO - Setting next_dagrun for f1_data_analytics to None, run_after=None
[2026-10-10T14:21:14.030+0000] {processor.py:183} INFO - Processing /opt/airflow/dags/f1_pipeline_dag.py took 0.101 seconds
[2026-10-10T14:21:44.242+0000] {processor.py:161} INFO - Started process (PID=721) to work on /opt/airflow/dags/f1_pipeline_dag.py
[2026-10-10T14:21:44.245+0000] {processor.py:830} INFO - Processing file /opt/airflow/dags/f1_pipeline_dag.py for tasks to queue
[2026-10-10T14:21:44.248+0000] {logging_mixin.py:188} INFO - [2026-10-10T14:21:44.247+0000] {dagbag.py:545} INFO - Filling up the DagBag from /opt/airflow/dags/f1_pipeline_dag.py
[2026-10-10T14:21:44.269+0000] {processor.py:840} INFO - DAG(s) 'f1_data_analytics' retrieved from /opt/airflow/dags/f1_pipeline_dag.py
[2026-10-10T14:21:44.312+0000] {logging_mixin.py:188} INFO - [2026-10-10T14:21:44.312+0000] {dag.py:3096} INFO - Sync 1 DAGs
[2026-10-10T14:21:44.321+0000] {logging_mixin.py:188} INFO - [2026-10-10T14:21:44.320+0000] {dag.py:3954} INFO - Setting next_dagrun for f1_data_analytics to None, run_after=None
[2026-10-10T14:21:44.336+0000] {processor.py:183} INFO - Processing /opt/airflow/dags/f1_pipeline_dag.py took 0.104 seconds
[2026-10-10T14:22:14.546+0000] {processor.py:161} INFO - Started process (PID=722) to work on /opt/airflow/dags/f1_pipeline_dag.py
[2026-10-10T14:22:14.547+0000] {processor.py:830} INFO - Processing file /opt/airflow/dags/f1_pipeline_dag.py for tasks to queue
[2026-10-10T14:22:14.550+0000] {logging_mixin.py:188} INFO - [2026-10-10T14:22:14.550+0000] {dagbag.py:545} INFO - Filling up the DagBag from /opt/airflow/dags/f1_pipeline_dag.py
[2026-10-10T14:22:14.570+0000] {processor.py:840} INFO - DAG(s) 'f1_data_analytics' retrieved from /opt/airflow/dags/f1_pipeline_dag.py
[2026-10-10T14:22:14.615+0000] {logging_mixin.py:188} INFO - [2026-10-10T14:22:14.615+0000] {dag.py:3096} INFO - Sync 1 DAGs
[2026-10-10T14:22:14.624+0000] {logging_mixin.py:188} INFO - [2026-10-10T14:22:14.623+0000] {dag.py:3954} INFO - Setting next_dagrun for f1_data_analytics to None, run_after=None
[2026-10-10T14:22:14.639+0000] {processor.py:183} INFO - Processing /opt/airflow/dags/f1_pipeline_dag.py took 0.103 seconds
[2026-10-10T14:22:44.852+0000] {processor.py:161} INFO - Started process (PID=723) to work on /opt/airflow/dags/f1_pipeline_dag.py
[2026-10-10T14:22:44.860+0000] {processor.py:830} INFO - Processing file /opt/airflow/dags/f1_pipeline_dag.py for tasks to queue
[2026-10-10T14:22:44.863+0000] {logging_mixin.py:188} INFO - [2026-10-10T14:22:44.863+0000] {dagbag.py:545} INFO - Filling up the DagBag from /opt/airflow/dags/f1_pipeline_dag.py
[2026-10-10T14:22:44.882+0000] {processor.py:840} INFO - DAG(s) 'f1_data_analytics' retrieved from /opt/airflow/dags/f1_pipeline_dag.py
[2026-10-10T14:22:44.926+0000] {logging_mixin.py:188} INFO - [2026-10-10T14:22:44.926+0000] {dag.py:3096} INFO - Sync 1 DAGs
[2026-10-10T14:22:44.935+0000] {logging_mixin.py:188} INFO - [2026-10-10T14:22:44.935+0000] {dag.py:3954} INFO - Setting next_dagrun for f1_data_analytics to None, run_after=None
[2026-10-10T14:22:44.952+0000] {processor.py:183} INFO - Processing /opt/airflow/dags/f1_pipeline_dag.py took 0.110 seconds
[2026-10-10T14:23:15.158+0000] {processor.py:161} INFO - Started process (PID=724) to work on /opt/airflow/dags/f1_pipeline_dag.py
[2026-10-10T14:23:15.159+0000] {processor.py:830} INFO - Processing file /opt/airflow/dags/f1_pipeline_dag.py for tasks to queue
[2026-10-10T14:23:15.162+0000] {logging_mixin.py:188} INFO - [2026-10-10T14:23:15.161+0000] {dagbag.py:545} INFO - Filling up the DagBag from /opt/airflow/dags/f1_pipeline_dag.py
[2026-10-10T14:23:15.180+0000] {processor.py:840} INFO - DAG(s) 'f1_data_analytics' retrieved from /opt/airflow/dags/f1_pipeline_dag.py
[2026-10-10T14:23:15.225+0000] {logging_mixin.py:188} INFO - [2026-10-10T14:23:15.225+0000] {dag.py:3096} INFO - Sync 1 DAGs
[2026-10-10T14:23:15.235+0000] {logging_mixin.py:188} INFO - [2026-10-10T14:23:15.234+0000] {dag.py:3954} INFO - Setting next_dagrun for f1_data_analytics to None, run_after=None
[2026-10-10T14:23:15.250+0000] {processor.py:183} INFO - Processing /opt/airflow/dags/f1_pipeline_dag.py took 0.102 seconds
[2026-10-10T14:23:45.457+0000] {processor.py:161} INFO - Started process (PID=725) to work on /opt/airflow/dags/f1_pipeline_dag.py
[2026-10-10T14:23:45.465+0000] {processor.py:830} INFO - Processing file /opt/airflow/dags/f1_pipeline_dag.py for tasks to queue
[2026-10-10T14:23:45.468+0000] {logging_mixin.py:188} INFO - [2026-10-10T14:23:45.468+0000] {dagbag.py:545} INFO - Filling up the DagBag from /opt/airflow/dags/f1_pipeline_dag.py
[2026-10-10T14:23:45.487+0000] {processor.py:840} INFO - DAG(s) 'f1_data_analytics' retrieved from /opt/airflow/dags/f1_pipeline_dag.py
[2026-10-10T14:23:45.535+0000] {logging_mixin.py:188} INFO - [2026-10-10T14:23:45.535+0000] {dag.py:3096} INFO - Sync 1 DAGs
[2026-10-10T14:23:45.543+0000] {logging_mixin.py:188} INFO - [2026-10-10T14:23:45.543+0000] {dag.py:3954} INFO - Setting next_dagrun for f1_data_analytics to None, run_after=None
[2026-10-10T14:23:45.558+0000] {processor.py:183} INFO - Processing /opt/airflow/dags/f1_pipeline_dag.py took 0.111 seconds
[2026-10-10T14:24:15.735+0000] {processor.py:161} INFO - Started process (PID=726) to work on /opt/airflow/dags/f1_pipeline_dag.py
[2026-10-10T14:24:15.736+0000] {processor.py:830} INFO - Processing file /opt/airflow/dags/f1_pipeline_dag.py for tasks to queue
[2026-10-10T14:24:15.739+0000] {logging_mixin.py:188} INFO - [2026-10-10T14:24:15.738+0000] {dagbag.py:545} INFO - Filling up the DagBag from /opt/airflow/dags/f1_pipeline_dag.py
[2026-10-10T14:24:15.759+0000] {processor.py:840} INFO - DAG(s) 'f1_data_analytics' retrieved from /opt/airflow/dags/f1_pipeline_dag.py
[2026-10-10T14:24:15.803+0000] {logging_mixin.py:188} INFO - [2026-10-10T14:24:15.803+0000] {dag.py:3096} INFO - Sync 1 DAGs
[2026-10-10T14:24:15.812+0000] {logging_mixin.py:188} INFO - [2026-10-10T14:24:15.812+0000] {dag.py:3954} INFO - Setting next_dagrun for f1_data_analytics to None, run_after=None
[2026-10-10T14:24:15.827+0000] {processor.py:183} INFO - Processing /opt/airflow/dags/f1_pipeline_dag.py took 0.102 seconds
[2026-10-10T14:24:46.037+0000] {processor.py:161} INFO - Started process (PID=727) to work on /opt/airflow/dags/f1_pipeline_dag.py
[2026-10-10T14:24:46.040+0000] {processor.py:830} INFO - Processing file /opt/airflow/dags/f1_pipeline_dag.py for tasks to queue
[2026-10-10T14:24:46.042+0000] {logging_mixin.py:188} INFO - [2026-10-10T14:24:46.042+0000] {dagbag.py:545} INFO - Filling up the DagBag from /opt/airflow/dags/f1_pipeline_dag.py
[2026-10-10T14:24:46.061+0000] {processor.py:840} INFO - DAG(s) 'f1_data_analytics' retrieved from /opt/airflow/dags/f1_pipeline_dag.py
[2026-10-10T14:24:46.106+0000] {logging_mixin.py:188} INFO - [2026-10-10T14:24:46.106+0000] {dag.py:3096} INFO - Sync 1 DAGs
[2026-10-10T14:24:46.114+0000] {logging_mixin.py:188} INFO - [2026-10-10T14:24:46.114+0000] {dag.py:3954} INFO - Setting next_dagrun for f1_data_analytics to None, run_after=None
[2026-10-10T14:24:46.130+0000] {processor.py:183} INFO - Processing /opt/airflow/dags/f1_pipeline_dag.py took 0.103 seconds
[2026-10-10T14:25:16.337+0000] {processor.py:161} INFO - Started process (PID=728) to work on /opt/airflow/dags/f1_pipeline_dag.py
[2026-10-10T14:25:16.339+0000] {processor.py:830} INFO - Processing file /opt/airflow/dags/f1_pipeline_dag.py for tasks to queue
[2026-10-10T14:25:16.341+0000] {logging_mixin.py:188} INFO - [2026-10-10T14:25:16.341+0000] {dagbag.py:545} INFO - Filling up the DagBag from /opt/airflow/dags/f1_pipeline_dag.py
[2026-10-10T14:25:16.359+0000] {processor.py:840} INFO - DAG(s) 'f1_data_analytics' retrieved from /opt/airflow/dags/f1_pipeline_dag.py
[2026-10-10T14:25:16.405+0000] {logging_mixin.py:188} INFO - [2026-10-10T14:25:16.405+0000] {dag.py:3096} INFO - Sync 1 DAGs
[2026-10-10T14:25:16.413+0000] {logging_mixin.py:188} INFO - [2026-10-10T14:25:16.413+0000] {dag.py:3954} INFO - Setting next_dagrun for f1_data_analytics to None, run_after=None
[2026-10-10T14:25:16.429+0000] {processor.py:183} INFO - Processing /opt/airflow/dags/f1_pipeline_dag.py took 0.100 seconds
[2026-10-10T14:25:46.639+0000] {processor.py:161} INFO - Started process (PID=729) to work on /opt/airflow/dags/f1_pipeline_dag.py
[2026-10-10T14:25:46.642+0000] {processor.py:830} INFO - Processing file /opt/airflow/dags/f1_pipeline_dag.py for tasks to queue
[2026-10-10T14:25:46.645+0000] {logging_mixin.py:188} INFO - [2026-10-10T14:25:46.645+0000] {dagbag.py:545} INFO - Filling up the DagBag from /opt/airflow/dags/f1_pipeline_dag.py
[2026-10-10T14:25:46.666+0000] {processor.py:840} INFO - DAG(s) 'f1_data_analytics' retrieved from /opt/airflow/dags/f1_pipeline_dag.py
[2026-10-10T14:25:46.704+0000] {logging_mixin.py:188} INFO - [2026-10-10T14:25:46.704+0000] {dag.py:3096} INFO - Sync 1 DAGs
[2026-10-10T14:25:46.714+0000] {logging_mixin.py:188} INFO - [2026-10-10T14:25:46.714+0000] {dag.py:3954} INFO - Setting next_dagrun for f1_data_analytics to None, run_after=None
[2026-10-10T14:25:46.732+0000] {processor.py:183} INFO - Processing /opt/airflow/dags/f1_pipeline_dag.py took 0.103 seconds
