[2026-10-05T17:23:55.773+0000] {local_task_job_runner.py:120} INFO - ::group::Pre task execution logs
[2026-10-05T17:23:55.792+0000] {taskinstance.py:2076} INFO - Dependencies all met for dep_context=non-requeueable deps ti=<TaskInstance: f1_data_analytics.silver_script manual__2026-10-05T17:23:18+00:00 [queued]>
[2026-10-05T17:23:55.797+0000] {taskinstance.py:2076} INFO - Dependencies all met for dep_context=requeueable deps ti=<TaskInstance: f1_data_analytics.silver_script manual__2026-10-05T17:23:18+00:00 [queued]>
[2026-10-05T17:23:55.797+0000] {taskinstance.py:2306} INFO - Starting attempt 3 of 4
[2026-10-05T17:23:55.806+0000] {taskinstance.py:2330} INFO - Executing <Task(_PythonDecoratedOperator): silver_script> on 2026-10-05 17:23:18+00:00
[2026-10-05T17:23:55.810+0000] {standard_task_runner.py:63} INFO - Started process 443 to run task
[2026-10-05T17:23:55.812+0000] {standard_task_runner.py:90} INFO - Running: ['airflow', 'tasks', 'run', 'f1_data_analytics', 'silver_script', 'manual__2026-10-05T17:23:18+00:00', '--job-id', '17', '--raw', '--subdir', 'DAGS_FOLDER/f1_pipeline_dag.py', '--cfg-path', '/tmp/tmp6avq98he']
[2026-10-05T17:23:55.814+0000] {standard_task_runner.py:91} INFO - Job 17: Subtask silver_script
[2026-10-05T17:23:55.839+0000] {task_command.py:426} INFO - Running <TaskInstance: f1_data_analytics.silver_script manual__2026-10-05T17:23:18+00:00 [running]> on host 92542028ff84
[2026-10-05T17:23:55.881+0000] {taskinstance.py:2648} INFO - Exporting env vars: AIRFLOW_CTX_DAG_OWNER='airflow' AIRFLOW_CTX_DAG_ID='f1_data_analytics' AIRFLOW_CTX_TASK_ID='silver_script' AIRFLOW_CTX_EXECUTION_DATE='2026-10-05T17:23:18+00:00' AIRFLOW_CTX_TRY_NUMBER='3' AIRFLOW_CTX_DAG_RUN_ID='manual__2026-10-05T17:23:18+00:00'
[2026-10-05T17:23:55.881+0000] {taskinstance.py:430} INFO - ::endgroup::
[2026-10-05T17:23:55.884+0000] {taskinstance.py:441} INFO - ::group::Post task execution logs
[2026-10-05T17:23:55.887+0000] {taskinstance.py:2905} ERROR - Task failed with exception
Traceback (most recent call last):
  File "/home/airflow/.local/lib/python3.11/site-packages/airflow/models/taskinstance.py", line 465, in _execute_task
    result = _execute_callable(context=context, **execute_callable_kwargs)
             ^^^^^^^^^^^^^^^^^^^^^^^^^^^^^^^^^^^^^^^^^^^^^^^^^^^^^^^^^^^^^
  File "/home/airflow/.local/lib/python3.11/site-packages/airflow/models/taskinstance.py", line 432, in _execute_callable
    return execute_callable(context=context, **execute_callable_kwargs)
           ^^^^^^^^^^^^^^^^^^^^^^^^^^^^^^^^^^^^^^^^^^^^^^^^^^^^^^^^^^^^
  File "/home/airflow/.local/lib/python3.11/site-packages/airflow/models/baseoperator.py", line 401, in wrapper
    return func(self, *args, **kwargs)
           ^^^^^^^^^^^^^^^^^^^^^^^^^^^
  File "/home/airflow/.local/lib/python3.11/site-packages/airflow/decorators/base.py", line 265, in execute
    return_value = super().execute(context)
                   ^^^^^^^^^^^^^^^^^^^^^^^^
  File "/home/airflow/.local/lib/python3.11/site-packages/airflow/models/baseoperator.py", line 401, in wrapper
    return func(self, *args, **kwargs)
           ^^^^^^^^^^^^^^^^^^^^^^^^^^^
  File "/home/airflow/.local/lib/python3.11/site-packages/airflow/operators/python.py", line 235, in execute
    return_value = self.execute_callable()
                   ^^^^^^^^^^^^^^^^^^^^^^^
  File "/home/airflow/.local/lib/python3.11/site-packages/airflow/operators/python.py", line 252, in execute_callable
    return self.python_callable(*self.op_args, **self.op_kwargs)
           ^^^^^^^^^^^^^^^^^^^^^^^^^^^^^^^^^^^^^^^^^^^^^^^^^^^^^
  File "/opt/airflow/dags/f1_pipeline_dag.py", line 79, in silver_script
    run_spark_with_db_env("/opt/airflow/scripts/process_silver_telemetry.py")
  File "/opt/airflow/dags/f1_pipeline_dag.py", line 17, in run_spark_with_db_env
    conn_info = hook.get_connection(hook.postgres_conn_id)
                ^^^^^^^^^^^^^^^^^^^^^^^^^^^^^^^^^^^^^^^^^^
  File "/home/airflow/.local/lib/python3.11/site-packages/airflow/hooks/base.py", line 83, in get_connection
    conn = Connection.get_connection_from_secrets(conn_id)
           ^^^^^^^^^^^^^^^^^^^^^^^^^^^^^^^^^^^^^^^^^^^^^^^
  File "/home/airflow/.local/lib/python3.11/site-packages/airflow/models/connection.py", line 519, in get_connection_from_secrets
    raise AirflowNotFoundException(f"The conn_id `{conn_id}` isn't defined")
airflow.exceptions.AirflowNotFoundException: The conn_id `postgres_conn_id` isn't defined
[2026-10-05T17:23:55.890+0000] {taskinstance.py:1206} INFO - Marking task as UP_FOR_RETRY. dag_id=f1_data_analytics, task_id=silver_script, run_id=manual__2026-10-05T17:23:18+00:00, execution_date=20261005T172318, start_date=20261005T172355, end_date=20261005T172355
[2026-10-05T17:23:55.897+0000] {standard_task_runner.py:110} ERROR - Failed to execute job 17 for task silver_script (The conn_id `postgres_conn_id` isn't defined; 443)
[2026-10-05T17:23:55.904+0000] {local_task_job_runner.py:240} INFO - Task exited with return code 1
[2026-10-05T17:23:55.917+0000] {taskinstance.py:3503} INFO - 0 downstream tasks scheduled from follow-on schedule check
[2026-10-05T17:23:55.918+0000] {local_task_job_runner.py:222} INFO - ::endgroup::
