[2026-10-05T17:21:55.602+0000] {local_task_job_runner.py:120} INFO - ::group::Pre task execution logs
[2026-10-05T17:21:55.622+0000] {taskinstance.py:2076} INFO - Dependencies all met for dep_context=non-requeueable deps ti=<TaskInstance: f1_data_analytics.check_db_alive manual__2026-10-05T17:21:27+00:00 [queued]>
[2026-10-05T17:21:55.627+0000] {taskinstance.py:2076} INFO - Dependencies all met for dep_context=requeueable deps ti=<TaskInstance: f1_data_analytics.check_db_alive manual__2026-10-05T17:21:27+00:00 [queued]>
[2026-10-05T17:21:55.627+0000] {taskinstance.py:2306} INFO - Starting attempt 1 of 1
[2026-10-05T17:21:55.636+0000] {taskinstance.py:2330} INFO - Executing <Task(PostgresOperator): check_db_alive> on 2026-10-05 17:21:27+00:00
[2026-10-05T17:21:55.641+0000] {standard_task_runner.py:63} INFO - Started process 364 to run task
[2026-10-05T17:21:55.643+0000] {standard_task_runner.py:90} INFO - Running: ['airflow', 'tasks', 'run', 'f1_data_analytics', 'check_db_alive', 'manual__2026-10-05T17:21:27+00:00', '--job-id', '12', '--raw', '--subdir', 'DAGS_FOLDER/f1_pipeline_dag.py', '--cfg-path', '/tmp/tmp786bqbib']
[2026-10-05T17:21:55.645+0000] {standard_task_runner.py:91} INFO - Job 12: Subtask check_db_alive
[2026-10-05T17:21:55.675+0000] {task_command.py:426} INFO - Running <TaskInstance: f1_data_analytics.check_db_alive manual__2026-10-05T17:21:27+00:00 [running]> on host 92542028ff84
[2026-10-05T17:21:55.731+0000] {taskinstance.py:2648} INFO - Exporting env vars: AIRFLOW_CTX_DAG_OWNER='airflow' AIRFLOW_CTX_DAG_ID='f1_data_analytics' AIRFLOW_CTX_TASK_ID='check_db_alive' AIRFLOW_CTX_EXECUTION_DATE='2026-10-05T17:21:27+00:00' AIRFLOW_CTX_TRY_NUMBER='1' AIRFLOW_CTX_DAG_RUN_ID='manual__2026-10-05T17:21:27+00:00'
[2026-10-05T17:21:55.732+0000] {taskinstance.py:430} INFO - ::endgroup::
[2026-10-05T17:21:55.732+0000] {sql.py:276} INFO - Executing: SELECT 1;
[2026-10-05T17:21:55.735+0000] {taskinstance.py:441} INFO - ::group::Post task execution logs
[2026-10-05T17:21:55.740+0000] {taskinstance.py:2905} ERROR - Task failed with exception
Traceback (most recent call last):
  File "/home/airflow/.local/lib/python3.11/site-packages/airflow/models/taskinstance.py", line 465, in _execute_task
    result = _execute_callable(context=context, **execute_callable_kwargs)
             ^^^^^^^^^^^^^^^^^^^^^^^^^^^^^^^^^^^^^^^^^^^^^^^^^^^^^^^^^^^^^
  File "/home/airflow/.local/lib/python3.11/site-packages/airflow/models/taskinstance.py", line 432, in _execute_callable
    return execute_callable(context=context, **execute_callable_kwargs)
           ^^^^^^^^^^^^^^^^^^^^^^^^^^^^^^^^^^^^^^^^^^^^^^^^^^^^^^^^^^^^
  File "/home/airflow/.local/lib/python3.11/site-packages/airflow/models/baseoperator.py", line 401, in wrapper
    return func(self, *args, **kwargs)
           ^^^^^^^^^^^^^^^^^^^^^^^^^^^
  File "/home/airflow/.local/lib/python3.11/site-packages/airflow/providers/common/sql/operators/sql.py", line 277, in execute
    hook = self.get_db_hook()
           ^^^^^^^^^^^^^^^^^^
  File "/home/airflow/.local/lib/python3.11/site-packages/airflow/providers/common/sql/operators/sql.py", line 188, in get_db_hook
    return self._hook
           ^^^^^^^^^^
  File "/usr/local/lib/python3.11/functools.py", line 1001, in __get__
    val = self.func(instance)
          ^^^^^^^^^^^^^^^^^^^
  File "/home/airflow/.local/lib/python3.11/site-packages/airflow/providers/common/sql/operators/sql.py", line 150, in _hook
    conn = BaseHook.get_connection(conn_id)
           ^^^^^^^^^^^^^^^^^^^^^^^^^^^^^^^^
  File "/home/airflow/.local/lib/python3.11/site-packages/airflow/hooks/base.py", line 83, in get_connection
    conn = Connection.get_connection_from_secrets(conn_id)
           ^^^^^^^^^^^^^^^^^^^^^^^^^^^^^^^^^^^^^^^^^^^^^^^
  File "/home/airflow/.local/lib/python3.11/site-packages/airflow/models/connection.py", line 519, in get_connection_from_secrets
    raise AirflowNotFoundException(f"The conn_id `{conn_id}` isn't defined")
airflow.exceptions.AirflowNotFoundException: The conn_id `postgres_conn_id` isn't defined
[2026-10-05T17:21:55.745+0000] {taskinstance.py:1206} INFO - Marking task as FAILED. dag_id=f1_data_analytics, task_id=check_db_alive, run_id=manual__2026-10-05T17:21:27+00:00, execution_date=20261005T172127, start_date=20261005T172155, end_date=20261005T172155
[2026-10-05T17:21:55.756+0000] {standard_task_runner.py:110} ERROR - Failed to execute job 12 for task check_db_alive (The conn_id `postgres_conn_id` isn't defined; 364)
[2026-10-05T17:21:55.775+0000] {local_task_job_runner.py:240} INFO - Task exited with return code 1
[2026-10-05T17:21:55.795+0000] {logging_mixin.py:188} WARNING - /home/airflow/.local/lib/python3.11/site-packages/airflow/models/baseoperator.py:1297 AirflowProviderDeprecationWarning: Call to deprecated class PostgresOperator. (Please use `airflow.providers.common.sql.operators.sql.SQLExecuteQueryOperator`.Also, you can provide `hook_params={'schema': <database>}`.)
[2026-10-05T17:21:55.812+0000] {taskinstance.py:3503} INFO - 0 downstream tasks scheduled from follow-on schedule check
[2026-10-05T17:21:55.818+0000] {local_task_job_runner.py:222} INFO - ::endgroup::
