[2026-10-05T20:09:31.991+0000] {local_task_job_runner.py:120} INFO - ::group::Pre task execution logs
[2026-10-05T20:09:32.011+0000] {taskinstance.py:2076} INFO - Dependencies all met for dep_context=non-requeueable deps ti=<TaskInstance: f1_data_analytics.wait_for_data_sensor manual__2026-10-05T20:08:19+00:00 [queued]>
[2026-10-05T20:09:32.016+0000] {taskinstance.py:2076} INFO - Dependencies all met for dep_context=requeueable deps ti=<TaskInstance: f1_data_analytics.wait_for_data_sensor manual__2026-10-05T20:08:19+00:00 [queued]>
[2026-10-05T20:09:32.016+0000] {taskinstance.py:2306} INFO - Starting attempt 1 of 1
[2026-10-05T20:09:32.025+0000] {taskinstance.py:2330} INFO - Executing <Task(FileSensor): wait_for_data_sensor> on 2026-10-05 20:08:19+00:00
[2026-10-05T20:09:32.031+0000] {standard_task_runner.py:63} INFO - Started process 4762 to run task
[2026-10-05T20:09:32.033+0000] {standard_task_runner.py:90} INFO - Running: ['airflow', 'tasks', 'run', 'f1_data_analytics', 'wait_for_data_sensor', 'manual__2026-10-05T20:08:19+00:00', '--job-id', '53', '--raw', '--subdir', 'DAGS_FOLDER/f1_pipeline_dag.py', '--cfg-path', '/tmp/tmpagu_spj0']
[2026-10-05T20:09:32.034+0000] {standard_task_runner.py:91} INFO - Job 53: Subtask wait_for_data_sensor
[2026-10-05T20:09:32.063+0000] {task_command.py:426} INFO - Running <TaskInstance: f1_data_analytics.wait_for_data_sensor manual__2026-10-05T20:08:19+00:00 [running]> on host 5314212cbeb0
[2026-10-05T20:09:32.122+0000] {taskinstance.py:2648} INFO - Exporting env vars: AIRFLOW_CTX_DAG_OWNER='airflow' AIRFLOW_CTX_DAG_ID='f1_data_analytics' AIRFLOW_CTX_TASK_ID='wait_for_data_sensor' AIRFLOW_CTX_EXECUTION_DATE='2026-10-05T20:08:19+00:00' AIRFLOW_CTX_TRY_NUMBER='1' AIRFLOW_CTX_DAG_RUN_ID='manual__2026-10-05T20:08:19+00:00'
[2026-10-05T20:09:32.123+0000] {taskinstance.py:430} INFO - ::endgroup::
[2026-10-05T20:09:32.123+0000] {baseoperator.py:400} WARNING - FileSensor.execute cannot be called outside TaskInstance!
[2026-10-05T20:09:32.126+0000] {base.py:84} INFO - Using connection ID 'fs_default' for task execution.
[2026-10-05T20:09:32.127+0000] {filesystem.py:85} INFO - Poking for file /opt/airflow/data/lake/silver/silver_telemetry/_SUCCESS
[2026-10-05T20:09:32.127+0000] {filesystem.py:89} INFO - Found File /opt/airflow/data/lake/silver/silver_telemetry/_SUCCESS last modified: 20261002170541
[2026-10-05T20:09:32.127+0000] {base.py:294} INFO - Success criteria met. Exiting.
[2026-10-05T20:09:32.127+0000] {filesystem.py:85} INFO - Poking for file /opt/airflow/data/lake/silver/silver_telemetry/_SUCCESS
[2026-10-05T20:09:32.127+0000] {filesystem.py:89} INFO - Found File /opt/airflow/data/lake/silver/silver_telemetry/_SUCCESS last modified: 20261002170541
[2026-10-05T20:09:32.127+0000] {taskinstance.py:441} INFO - ::group::Post task execution logs
[2026-10-05T20:09:32.130+0000] {taskinstance.py:1206} INFO - Marking task as SUCCESS. dag_id=f1_data_analytics, task_id=wait_for_data_sensor, run_id=manual__2026-10-05T20:08:19+00:00, execution_date=20261005T200819, start_date=20261005T200932, end_date=20261005T200932
[2026-10-05T20:09:32.165+0000] {local_task_job_runner.py:240} INFO - Task exited with return code 0
[2026-10-05T20:09:32.197+0000] {taskinstance.py:3503} INFO - 1 downstream tasks scheduled from follow-on schedule check
[2026-10-05T20:09:32.200+0000] {local_task_job_runner.py:222} INFO - ::endgroup::
