[2026-10-03T18:40:11.753+0000] {processor.py:161} INFO - Started process (PID=57) to work on /opt/airflow/dags/f1_pipeline_dag.py
[2026-10-03T18:40:11.753+0000] {processor.py:830} INFO - Processing file /opt/airflow/dags/f1_pipeline_dag.py for tasks to queue
[2026-10-03T18:40:11.754+0000] {logging_mixin.py:188} INFO - [2026-10-03T18:40:11.754+0000] {dagbag.py:545} INFO - Filling up the DagBag from /opt/airflow/dags/f1_pipeline_dag.py
[2026-10-03T18:40:11.759+0000] {logging_mixin.py:188} INFO - [2026-10-03T18:40:11.758+0000] {dagbag.py:355} ERROR - Failed to import: /opt/airflow/dags/f1_pipeline_dag.py
Traceback (most recent call last):
  File "/home/airflow/.local/lib/python3.11/site-packages/airflow/models/dagbag.py", line 351, in parse
    loader.exec_module(new_module)
  File "<frozen importlib._bootstrap_external>", line 940, in exec_module
  File "<frozen importlib._bootstrap>", line 241, in _call_with_frames_removed
  File "/opt/airflow/dags/f1_pipeline_dag.py", line 15, in <module>
    @DAG(
     ^^^^
TypeError: 'DAG' object is not callable
[2026-10-03T18:40:11.759+0000] {processor.py:842} WARNING - No viable dags retrieved from /opt/airflow/dags/f1_pipeline_dag.py
[2026-10-03T18:40:11.771+0000] {processor.py:183} INFO - Processing /opt/airflow/dags/f1_pipeline_dag.py took 0.022 seconds
[2026-10-03T18:40:42.896+0000] {processor.py:161} INFO - Started process (PID=78) to work on /opt/airflow/dags/f1_pipeline_dag.py
[2026-10-03T18:40:42.897+0000] {processor.py:830} INFO - Processing file /opt/airflow/dags/f1_pipeline_dag.py for tasks to queue
[2026-10-03T18:40:42.900+0000] {logging_mixin.py:188} INFO - [2026-10-03T18:40:42.899+0000] {dagbag.py:545} INFO - Filling up the DagBag from /opt/airflow/dags/f1_pipeline_dag.py
[2026-10-03T18:40:42.905+0000] {logging_mixin.py:188} INFO - [2026-10-03T18:40:42.904+0000] {dagbag.py:355} ERROR - Failed to import: /opt/airflow/dags/f1_pipeline_dag.py
Traceback (most recent call last):
  File "/home/airflow/.local/lib/python3.11/site-packages/airflow/models/dagbag.py", line 351, in parse
    loader.exec_module(new_module)
  File "<frozen importlib._bootstrap_external>", line 940, in exec_module
  File "<frozen importlib._bootstrap>", line 241, in _call_with_frames_removed
  File "/opt/airflow/dags/f1_pipeline_dag.py", line 15, in <module>
    @DAG(
     ^^^^
TypeError: 'DAG' object is not callable
[2026-10-03T18:40:42.906+0000] {processor.py:842} WARNING - No viable dags retrieved from /opt/airflow/dags/f1_pipeline_dag.py
[2026-10-03T18:40:42.929+0000] {processor.py:183} INFO - Processing /opt/airflow/dags/f1_pipeline_dag.py took 0.042 seconds
[2026-10-03T18:41:13.209+0000] {processor.py:161} INFO - Started process (PID=79) to work on /opt/airflow/dags/f1_pipeline_dag.py
[2026-10-03T18:41:13.212+0000] {processor.py:830} INFO - Processing file /opt/airflow/dags/f1_pipeline_dag.py for tasks to queue
[2026-10-03T18:41:13.215+0000] {logging_mixin.py:188} INFO - [2026-10-03T18:41:13.214+0000] {dagbag.py:545} INFO - Filling up the DagBag from /opt/airflow/dags/f1_pipeline_dag.py
[2026-10-03T18:41:13.221+0000] {logging_mixin.py:188} INFO - [2026-10-03T18:41:13.219+0000] {dagbag.py:355} ERROR - Failed to import: /opt/airflow/dags/f1_pipeline_dag.py
Traceback (most recent call last):
  File "/home/airflow/.local/lib/python3.11/site-packages/airflow/models/dagbag.py", line 351, in parse
    loader.exec_module(new_module)
  File "<frozen importlib._bootstrap_external>", line 940, in exec_module
  File "<frozen importlib._bootstrap>", line 241, in _call_with_frames_removed
  File "/opt/airflow/dags/f1_pipeline_dag.py", line 15, in <module>
    @DAG(
     ^^^^
TypeError: 'DAG' object is not callable
[2026-10-03T18:41:13.222+0000] {processor.py:842} WARNING - No viable dags retrieved from /opt/airflow/dags/f1_pipeline_dag.py
[2026-10-03T18:41:13.246+0000] {processor.py:183} INFO - Processing /opt/airflow/dags/f1_pipeline_dag.py took 0.046 seconds
[2026-10-03T18:41:43.536+0000] {processor.py:161} INFO - Started process (PID=80) to work on /opt/airflow/dags/f1_pipeline_dag.py
[2026-10-03T18:41:43.537+0000] {processor.py:830} INFO - Processing file /opt/airflow/dags/f1_pipeline_dag.py for tasks to queue
[2026-10-03T18:41:43.540+0000] {logging_mixin.py:188} INFO - [2026-10-03T18:41:43.539+0000] {dagbag.py:545} INFO - Filling up the DagBag from /opt/airflow/dags/f1_pipeline_dag.py
[2026-10-03T18:41:43.546+0000] {logging_mixin.py:188} INFO - [2026-10-03T18:41:43.544+0000] {dagbag.py:355} ERROR - Failed to import: /opt/airflow/dags/f1_pipeline_dag.py
Traceback (most recent call last):
  File "/home/airflow/.local/lib/python3.11/site-packages/airflow/models/dagbag.py", line 351, in parse
    loader.exec_module(new_module)
  File "<frozen importlib._bootstrap_external>", line 940, in exec_module
  File "<frozen importlib._bootstrap>", line 241, in _call_with_frames_removed
  File "/opt/airflow/dags/f1_pipeline_dag.py", line 15, in <module>
    @DAG(
     ^^^^
TypeError: 'DAG' object is not callable
[2026-10-03T18:41:43.546+0000] {processor.py:842} WARNING - No viable dags retrieved from /opt/airflow/dags/f1_pipeline_dag.py
[2026-10-03T18:41:43.570+0000] {processor.py:183} INFO - Processing /opt/airflow/dags/f1_pipeline_dag.py took 0.043 seconds
[2026-10-03T18:42:13.832+0000] {processor.py:161} INFO - Started process (PID=81) to work on /opt/airflow/dags/f1_pipeline_dag.py
[2026-10-03T18:42:13.834+0000] {processor.py:830} INFO - Processing file /opt/airflow/dags/f1_pipeline_dag.py for tasks to queue
[2026-10-03T18:42:13.837+0000] {logging_mixin.py:188} INFO - [2026-10-03T18:42:13.836+0000] {dagbag.py:545} INFO - Filling up the DagBag from /opt/airflow/dags/f1_pipeline_dag.py
[2026-10-03T18:42:13.843+0000] {logging_mixin.py:188} INFO - [2026-10-03T18:42:13.841+0000] {dagbag.py:355} ERROR - Failed to import: /opt/airflow/dags/f1_pipeline_dag.py
Traceback (most recent call last):
  File "/home/airflow/.local/lib/python3.11/site-packages/airflow/models/dagbag.py", line 351, in parse
    loader.exec_module(new_module)
  File "<frozen importlib._bootstrap_external>", line 940, in exec_module
  File "<frozen importlib._bootstrap>", line 241, in _call_with_frames_removed
  File "/opt/airflow/dags/f1_pipeline_dag.py", line 15, in <module>
    @DAG(
     ^^^^
TypeError: 'DAG' object is not callable
[2026-10-03T18:42:13.844+0000] {processor.py:842} WARNING - No viable dags retrieved from /opt/airflow/dags/f1_pipeline_dag.py
[2026-10-03T18:42:13.869+0000] {processor.py:183} INFO - Processing /opt/airflow/dags/f1_pipeline_dag.py took 0.045 seconds
[2026-10-03T18:42:44.112+0000] {processor.py:161} INFO - Started process (PID=82) to work on /opt/airflow/dags/f1_pipeline_dag.py
[2026-10-03T18:42:44.113+0000] {processor.py:830} INFO - Processing file /opt/airflow/dags/f1_pipeline_dag.py for tasks to queue
[2026-10-03T18:42:44.116+0000] {logging_mixin.py:188} INFO - [2026-10-03T18:42:44.115+0000] {dagbag.py:545} INFO - Filling up the DagBag from /opt/airflow/dags/f1_pipeline_dag.py
[2026-10-03T18:42:44.122+0000] {logging_mixin.py:188} INFO - [2026-10-03T18:42:44.120+0000] {dagbag.py:355} ERROR - Failed to import: /opt/airflow/dags/f1_pipeline_dag.py
Traceback (most recent call last):
  File "/home/airflow/.local/lib/python3.11/site-packages/airflow/models/dagbag.py", line 351, in parse
    loader.exec_module(new_module)
  File "<frozen importlib._bootstrap_external>", line 940, in exec_module
  File "<frozen importlib._bootstrap>", line 241, in _call_with_frames_removed
  File "/opt/airflow/dags/f1_pipeline_dag.py", line 15, in <module>
    @DAG(
     ^^^^
TypeError: 'DAG' object is not callable
[2026-10-03T18:42:44.122+0000] {processor.py:842} WARNING - No viable dags retrieved from /opt/airflow/dags/f1_pipeline_dag.py
[2026-10-03T18:42:44.147+0000] {processor.py:183} INFO - Processing /opt/airflow/dags/f1_pipeline_dag.py took 0.044 seconds
[2026-10-03T18:43:14.450+0000] {processor.py:161} INFO - Started process (PID=83) to work on /opt/airflow/dags/f1_pipeline_dag.py
[2026-10-03T18:43:14.453+0000] {processor.py:830} INFO - Processing file /opt/airflow/dags/f1_pipeline_dag.py for tasks to queue
[2026-10-03T18:43:14.456+0000] {logging_mixin.py:188} INFO - [2026-10-03T18:43:14.455+0000] {dagbag.py:545} INFO - Filling up the DagBag from /opt/airflow/dags/f1_pipeline_dag.py
[2026-10-03T18:43:14.462+0000] {logging_mixin.py:188} INFO - [2026-10-03T18:43:14.460+0000] {dagbag.py:355} ERROR - Failed to import: /opt/airflow/dags/f1_pipeline_dag.py
Traceback (most recent call last):
  File "/home/airflow/.local/lib/python3.11/site-packages/airflow/models/dagbag.py", line 351, in parse
    loader.exec_module(new_module)
  File "<frozen importlib._bootstrap_external>", line 940, in exec_module
  File "<frozen importlib._bootstrap>", line 241, in _call_with_frames_removed
  File "/opt/airflow/dags/f1_pipeline_dag.py", line 15, in <module>
    @DAG(
     ^^^^
TypeError: 'DAG' object is not callable
[2026-10-03T18:43:14.463+0000] {processor.py:842} WARNING - No viable dags retrieved from /opt/airflow/dags/f1_pipeline_dag.py
[2026-10-03T18:43:14.487+0000] {processor.py:183} INFO - Processing /opt/airflow/dags/f1_pipeline_dag.py took 0.046 seconds
[2026-10-03T18:43:44.776+0000] {processor.py:161} INFO - Started process (PID=84) to work on /opt/airflow/dags/f1_pipeline_dag.py
[2026-10-03T18:43:44.777+0000] {processor.py:830} INFO - Processing file /opt/airflow/dags/f1_pipeline_dag.py for tasks to queue
[2026-10-03T18:43:44.780+0000] {logging_mixin.py:188} INFO - [2026-10-03T18:43:44.779+0000] {dagbag.py:545} INFO - Filling up the DagBag from /opt/airflow/dags/f1_pipeline_dag.py
[2026-10-03T18:43:44.786+0000] {logging_mixin.py:188} INFO - [2026-10-03T18:43:44.784+0000] {dagbag.py:355} ERROR - Failed to import: /opt/airflow/dags/f1_pipeline_dag.py
Traceback (most recent call last):
  File "/home/airflow/.local/lib/python3.11/site-packages/airflow/models/dagbag.py", line 351, in parse
    loader.exec_module(new_module)
  File "<frozen importlib._bootstrap_external>", line 940, in exec_module
  File "<frozen importlib._bootstrap>", line 241, in _call_with_frames_removed
  File "/opt/airflow/dags/f1_pipeline_dag.py", line 15, in <module>
    @DAG(
     ^^^^
TypeError: 'DAG' object is not callable
[2026-10-03T18:43:44.787+0000] {processor.py:842} WARNING - No viable dags retrieved from /opt/airflow/dags/f1_pipeline_dag.py
[2026-10-03T18:43:44.810+0000] {processor.py:183} INFO - Processing /opt/airflow/dags/f1_pipeline_dag.py took 0.042 seconds
[2026-10-03T18:44:15.104+0000] {processor.py:161} INFO - Started process (PID=85) to work on /opt/airflow/dags/f1_pipeline_dag.py
[2026-10-03T18:44:15.107+0000] {processor.py:830} INFO - Processing file /opt/airflow/dags/f1_pipeline_dag.py for tasks to queue
[2026-10-03T18:44:15.110+0000] {logging_mixin.py:188} INFO - [2026-10-03T18:44:15.109+0000] {dagbag.py:545} INFO - Filling up the DagBag from /opt/airflow/dags/f1_pipeline_dag.py
[2026-10-03T18:44:15.116+0000] {logging_mixin.py:188} INFO - [2026-10-03T18:44:15.114+0000] {dagbag.py:355} ERROR - Failed to import: /opt/airflow/dags/f1_pipeline_dag.py
Traceback (most recent call last):
  File "/home/airflow/.local/lib/python3.11/site-packages/airflow/models/dagbag.py", line 351, in parse
    loader.exec_module(new_module)
  File "<frozen importlib._bootstrap_external>", line 940, in exec_module
  File "<frozen importlib._bootstrap>", line 241, in _call_with_frames_removed
  File "/opt/airflow/dags/f1_pipeline_dag.py", line 15, in <module>
    @DAG(
     ^^^^
TypeError: 'DAG' object is not callable
[2026-10-03T18:44:15.117+0000] {processor.py:842} WARNING - No viable dags retrieved from /opt/airflow/dags/f1_pipeline_dag.py
[2026-10-03T18:44:15.263+0000] {processor.py:183} INFO - Processing /opt/airflow/dags/f1_pipeline_dag.py took 0.168 seconds
[2026-10-03T18:44:45.398+0000] {processor.py:161} INFO - Started process (PID=86) to work on /opt/airflow/dags/f1_pipeline_dag.py
[2026-10-03T18:44:45.398+0000] {processor.py:830} INFO - Processing file /opt/airflow/dags/f1_pipeline_dag.py for tasks to queue
[2026-10-03T18:44:45.400+0000] {logging_mixin.py:188} INFO - [2026-10-03T18:44:45.400+0000] {dagbag.py:545} INFO - Filling up the DagBag from /opt/airflow/dags/f1_pipeline_dag.py
[2026-10-03T18:44:45.403+0000] {logging_mixin.py:188} INFO - [2026-10-03T18:44:45.402+0000] {dagbag.py:355} ERROR - Failed to import: /opt/airflow/dags/f1_pipeline_dag.py
Traceback (most recent call last):
  File "/home/airflow/.local/lib/python3.11/site-packages/airflow/models/dagbag.py", line 351, in parse
    loader.exec_module(new_module)
  File "<frozen importlib._bootstrap_external>", line 940, in exec_module
  File "<frozen importlib._bootstrap>", line 241, in _call_with_frames_removed
  File "/opt/airflow/dags/f1_pipeline_dag.py", line 15, in <module>
    @DAG(
     ^^^^
TypeError: 'DAG' object is not callable
[2026-10-03T18:44:45.403+0000] {processor.py:842} WARNING - No viable dags retrieved from /opt/airflow/dags/f1_pipeline_dag.py
[2026-10-03T18:44:45.416+0000] {processor.py:183} INFO - Processing /opt/airflow/dags/f1_pipeline_dag.py took 0.022 seconds
[2026-10-03T18:45:15.631+0000] {processor.py:161} INFO - Started process (PID=87) to work on /opt/airflow/dags/f1_pipeline_dag.py
[2026-10-03T18:45:15.634+0000] {processor.py:830} INFO - Processing file /opt/airflow/dags/f1_pipeline_dag.py for tasks to queue
[2026-10-03T18:45:15.637+0000] {logging_mixin.py:188} INFO - [2026-10-03T18:45:15.636+0000] {dagbag.py:545} INFO - Filling up the DagBag from /opt/airflow/dags/f1_pipeline_dag.py
[2026-10-03T18:45:15.643+0000] {logging_mixin.py:188} INFO - [2026-10-03T18:45:15.641+0000] {dagbag.py:355} ERROR - Failed to import: /opt/airflow/dags/f1_pipeline_dag.py
Traceback (most recent call last):
  File "/home/airflow/.local/lib/python3.11/site-packages/airflow/models/dagbag.py", line 351, in parse
    loader.exec_module(new_module)
  File "<frozen importlib._bootstrap_external>", line 940, in exec_module
  File "<frozen importlib._bootstrap>", line 241, in _call_with_frames_removed
  File "/opt/airflow/dags/f1_pipeline_dag.py", line 15, in <module>
    @DAG(
     ^^^^
TypeError: 'DAG' object is not callable
[2026-10-03T18:45:15.644+0000] {processor.py:842} WARNING - No viable dags retrieved from /opt/airflow/dags/f1_pipeline_dag.py
[2026-10-03T18:45:15.667+0000] {processor.py:183} INFO - Processing /opt/airflow/dags/f1_pipeline_dag.py took 0.045 seconds
[2026-10-03T18:45:45.940+0000] {processor.py:161} INFO - Started process (PID=88) to work on /opt/airflow/dags/f1_pipeline_dag.py
[2026-10-03T18:45:45.941+0000] {processor.py:830} INFO - Processing file /opt/airflow/dags/f1_pipeline_dag.py for tasks to queue
[2026-10-03T18:45:45.944+0000] {logging_mixin.py:188} INFO - [2026-10-03T18:45:45.943+0000] {dagbag.py:545} INFO - Filling up the DagBag from /opt/airflow/dags/f1_pipeline_dag.py
[2026-10-03T18:45:45.950+0000] {logging_mixin.py:188} INFO - [2026-10-03T18:45:45.948+0000] {dagbag.py:355} ERROR - Failed to import: /opt/airflow/dags/f1_pipeline_dag.py
Traceback (most recent call last):
  File "/home/airflow/.local/lib/python3.11/site-packages/airflow/models/dagbag.py", line 351, in parse
    loader.exec_module(new_module)
  File "<frozen importlib._bootstrap_external>", line 940, in exec_module
  File "<frozen importlib._bootstrap>", line 241, in _call_with_frames_removed
  File "/opt/airflow/dags/f1_pipeline_dag.py", line 15, in <module>
    @DAG(
     ^^^^
TypeError: 'DAG' object is not callable
[2026-10-03T18:45:45.951+0000] {processor.py:842} WARNING - No viable dags retrieved from /opt/airflow/dags/f1_pipeline_dag.py
[2026-10-03T18:45:45.976+0000] {processor.py:183} INFO - Processing /opt/airflow/dags/f1_pipeline_dag.py took 0.046 seconds
[2026-10-03T18:46:16.199+0000] {processor.py:161} INFO - Started process (PID=89) to work on /opt/airflow/dags/f1_pipeline_dag.py
[2026-10-03T18:46:16.202+0000] {processor.py:830} INFO - Processing file /opt/airflow/dags/f1_pipeline_dag.py for tasks to queue
[2026-10-03T18:46:16.204+0000] {logging_mixin.py:188} INFO - [2026-10-03T18:46:16.204+0000] {dagbag.py:545} INFO - Filling up the DagBag from /opt/airflow/dags/f1_pipeline_dag.py
[2026-10-03T18:46:16.210+0000] {logging_mixin.py:188} INFO - [2026-10-03T18:46:16.208+0000] {dagbag.py:355} ERROR - Failed to import: /opt/airflow/dags/f1_pipeline_dag.py
Traceback (most recent call last):
  File "/home/airflow/.local/lib/python3.11/site-packages/airflow/models/dagbag.py", line 351, in parse
    loader.exec_module(new_module)
  File "<frozen importlib._bootstrap_external>", line 940, in exec_module
  File "<frozen importlib._bootstrap>", line 241, in _call_with_frames_removed
  File "/opt/airflow/dags/f1_pipeline_dag.py", line 15, in <module>
    @DAG(
     ^^^^
TypeError: 'DAG' object is not callable
[2026-10-03T18:46:16.211+0000] {processor.py:842} WARNING - No viable dags retrieved from /opt/airflow/dags/f1_pipeline_dag.py
[2026-10-03T18:46:16.235+0000] {processor.py:183} INFO - Processing /opt/airflow/dags/f1_pipeline_dag.py took 0.045 seconds
[2026-10-03T18:46:35.222+0000] {processor.py:161} INFO - Started process (PID=90) to work on /opt/airflow/dags/f1_pipeline_dag.py
[2026-10-03T18:46:35.223+0000] {processor.py:830} INFO - Processing file /opt/airflow/dags/f1_pipeline_dag.py for tasks to queue
[2026-10-03T18:46:35.226+0000] {logging_mixin.py:188} INFO - [2026-10-03T18:46:35.225+0000] {dagbag.py:545} INFO - Filling up the DagBag from /opt/airflow/dags/f1_pipeline_dag.py
[2026-10-03T18:46:35.234+0000] {logging_mixin.py:188} INFO - [2026-10-03T18:46:35.232+0000] {dagbag.py:355} ERROR - Failed to import: /opt/airflow/dags/f1_pipeline_dag.py
Traceback (most recent call last):
  File "/home/airflow/.local/lib/python3.11/site-packages/airflow/models/dagbag.py", line 351, in parse
    loader.exec_module(new_module)
  File "<frozen importlib._bootstrap_external>", line 940, in exec_module
  File "<frozen importlib._bootstrap>", line 241, in _call_with_frames_removed
  File "/opt/airflow/dags/f1_pipeline_dag.py", line 38, in <module>
    @DAG(
     ^^^^
TypeError: 'DAG' object is not callable
[2026-10-03T18:46:35.235+0000] {processor.py:842} WARNING - No viable dags retrieved from /opt/airflow/dags/f1_pipeline_dag.py
[2026-10-03T18:46:35.258+0000] {processor.py:183} INFO - Processing /opt/airflow/dags/f1_pipeline_dag.py took 0.044 seconds
[2026-10-03T18:47:05.342+0000] {processor.py:161} INFO - Started process (PID=91) to work on /opt/airflow/dags/f1_pipeline_dag.py
[2026-10-03T18:47:05.344+0000] {processor.py:830} INFO - Processing file /opt/airflow/dags/f1_pipeline_dag.py for tasks to queue
[2026-10-03T18:47:05.346+0000] {logging_mixin.py:188} INFO - [2026-10-03T18:47:05.346+0000] {dagbag.py:545} INFO - Filling up the DagBag from /opt/airflow/dags/f1_pipeline_dag.py
[2026-10-03T18:47:05.351+0000] {logging_mixin.py:188} INFO - [2026-10-03T18:47:05.349+0000] {dagbag.py:355} ERROR - Failed to import: /opt/airflow/dags/f1_pipeline_dag.py
Traceback (most recent call last):
  File "/home/airflow/.local/lib/python3.11/site-packages/airflow/models/dagbag.py", line 351, in parse
    loader.exec_module(new_module)
  File "<frozen importlib._bootstrap_external>", line 940, in exec_module
  File "<frozen importlib._bootstrap>", line 241, in _call_with_frames_removed
  File "/opt/airflow/dags/f1_pipeline_dag.py", line 38, in <module>
    @DAG(
     ^^^^
TypeError: 'DAG' object is not callable
[2026-10-03T18:47:05.352+0000] {processor.py:842} WARNING - No viable dags retrieved from /opt/airflow/dags/f1_pipeline_dag.py
[2026-10-03T18:47:05.370+0000] {processor.py:183} INFO - Processing /opt/airflow/dags/f1_pipeline_dag.py took 0.032 seconds
[2026-10-03T18:47:35.490+0000] {processor.py:161} INFO - Started process (PID=92) to work on /opt/airflow/dags/f1_pipeline_dag.py
[2026-10-03T18:47:35.491+0000] {processor.py:830} INFO - Processing file /opt/airflow/dags/f1_pipeline_dag.py for tasks to queue
[2026-10-03T18:47:35.493+0000] {logging_mixin.py:188} INFO - [2026-10-03T18:47:35.493+0000] {dagbag.py:545} INFO - Filling up the DagBag from /opt/airflow/dags/f1_pipeline_dag.py
[2026-10-03T18:47:35.499+0000] {logging_mixin.py:188} INFO - [2026-10-03T18:47:35.497+0000] {dagbag.py:355} ERROR - Failed to import: /opt/airflow/dags/f1_pipeline_dag.py
Traceback (most recent call last):
  File "/home/airflow/.local/lib/python3.11/site-packages/airflow/models/dagbag.py", line 351, in parse
    loader.exec_module(new_module)
  File "<frozen importlib._bootstrap_external>", line 940, in exec_module
  File "<frozen importlib._bootstrap>", line 241, in _call_with_frames_removed
  File "/opt/airflow/dags/f1_pipeline_dag.py", line 38, in <module>
    @DAG(
     ^^^^
TypeError: 'DAG' object is not callable
[2026-10-03T18:47:35.500+0000] {processor.py:842} WARNING - No viable dags retrieved from /opt/airflow/dags/f1_pipeline_dag.py
[2026-10-03T18:47:35.524+0000] {processor.py:183} INFO - Processing /opt/airflow/dags/f1_pipeline_dag.py took 0.040 seconds
[2026-10-03T18:47:47.041+0000] {processor.py:161} INFO - Started process (PID=93) to work on /opt/airflow/dags/f1_pipeline_dag.py
[2026-10-03T18:47:47.044+0000] {processor.py:830} INFO - Processing file /opt/airflow/dags/f1_pipeline_dag.py for tasks to queue
[2026-10-03T18:47:47.046+0000] {logging_mixin.py:188} INFO - [2026-10-03T18:47:47.045+0000] {dagbag.py:545} INFO - Filling up the DagBag from /opt/airflow/dags/f1_pipeline_dag.py
[2026-10-03T18:47:47.051+0000] {logging_mixin.py:188} INFO - [2026-10-03T18:47:47.050+0000] {dagbag.py:355} ERROR - Failed to import: /opt/airflow/dags/f1_pipeline_dag.py
Traceback (most recent call last):
  File "/home/airflow/.local/lib/python3.11/site-packages/airflow/models/dagbag.py", line 351, in parse
    loader.exec_module(new_module)
  File "<frozen importlib._bootstrap_external>", line 940, in exec_module
  File "<frozen importlib._bootstrap>", line 241, in _call_with_frames_removed
  File "/opt/airflow/dags/f1_pipeline_dag.py", line 38, in <module>
    @DAG(
     ^^^^
TypeError: 'DAG' object is not callable
[2026-10-03T18:47:47.052+0000] {processor.py:842} WARNING - No viable dags retrieved from /opt/airflow/dags/f1_pipeline_dag.py
[2026-10-03T18:47:47.068+0000] {processor.py:183} INFO - Processing /opt/airflow/dags/f1_pipeline_dag.py took 0.034 seconds
[2026-10-03T18:48:17.387+0000] {processor.py:161} INFO - Started process (PID=94) to work on /opt/airflow/dags/f1_pipeline_dag.py
[2026-10-03T18:48:17.387+0000] {processor.py:830} INFO - Processing file /opt/airflow/dags/f1_pipeline_dag.py for tasks to queue
[2026-10-03T18:48:17.389+0000] {logging_mixin.py:188} INFO - [2026-10-03T18:48:17.389+0000] {dagbag.py:545} INFO - Filling up the DagBag from /opt/airflow/dags/f1_pipeline_dag.py
[2026-10-03T18:48:17.394+0000] {logging_mixin.py:188} INFO - [2026-10-03T18:48:17.393+0000] {dagbag.py:355} ERROR - Failed to import: /opt/airflow/dags/f1_pipeline_dag.py
Traceback (most recent call last):
  File "/home/airflow/.local/lib/python3.11/site-packages/airflow/models/dagbag.py", line 351, in parse
    loader.exec_module(new_module)
  File "<frozen importlib._bootstrap_external>", line 940, in exec_module
  File "<frozen importlib._bootstrap>", line 241, in _call_with_frames_removed
  File "/opt/airflow/dags/f1_pipeline_dag.py", line 38, in <module>
    @DAG(
     ^^^^
TypeError: 'DAG' object is not callable
[2026-10-03T18:48:17.395+0000] {processor.py:842} WARNING - No viable dags retrieved from /opt/airflow/dags/f1_pipeline_dag.py
[2026-10-03T18:48:17.417+0000] {processor.py:183} INFO - Processing /opt/airflow/dags/f1_pipeline_dag.py took 0.035 seconds
[2026-10-03T18:48:47.719+0000] {processor.py:161} INFO - Started process (PID=95) to work on /opt/airflow/dags/f1_pipeline_dag.py
[2026-10-03T18:48:47.723+0000] {processor.py:830} INFO - Processing file /opt/airflow/dags/f1_pipeline_dag.py for tasks to queue
[2026-10-03T18:48:47.726+0000] {logging_mixin.py:188} INFO - [2026-10-03T18:48:47.725+0000] {dagbag.py:545} INFO - Filling up the DagBag from /opt/airflow/dags/f1_pipeline_dag.py
[2026-10-03T18:48:47.732+0000] {logging_mixin.py:188} INFO - [2026-10-03T18:48:47.730+0000] {dagbag.py:355} ERROR - Failed to import: /opt/airflow/dags/f1_pipeline_dag.py
Traceback (most recent call last):
  File "/home/airflow/.local/lib/python3.11/site-packages/airflow/models/dagbag.py", line 351, in parse
    loader.exec_module(new_module)
  File "<frozen importlib._bootstrap_external>", line 940, in exec_module
  File "<frozen importlib._bootstrap>", line 241, in _call_with_frames_removed
  File "/opt/airflow/dags/f1_pipeline_dag.py", line 38, in <module>
    @DAG(
     ^^^^
TypeError: 'DAG' object is not callable
[2026-10-03T18:48:47.733+0000] {processor.py:842} WARNING - No viable dags retrieved from /opt/airflow/dags/f1_pipeline_dag.py
[2026-10-03T18:48:47.758+0000] {processor.py:183} INFO - Processing /opt/airflow/dags/f1_pipeline_dag.py took 0.050 seconds
[2026-10-03T18:49:18.033+0000] {processor.py:161} INFO - Started process (PID=96) to work on /opt/airflow/dags/f1_pipeline_dag.py
[2026-10-03T18:49:18.034+0000] {processor.py:830} INFO - Processing file /opt/airflow/dags/f1_pipeline_dag.py for tasks to queue
[2026-10-03T18:49:18.037+0000] {logging_mixin.py:188} INFO - [2026-10-03T18:49:18.037+0000] {dagbag.py:545} INFO - Filling up the DagBag from /opt/airflow/dags/f1_pipeline_dag.py
[2026-10-03T18:49:18.044+0000] {logging_mixin.py:188} INFO - [2026-10-03T18:49:18.042+0000] {dagbag.py:355} ERROR - Failed to import: /opt/airflow/dags/f1_pipeline_dag.py
Traceback (most recent call last):
  File "/home/airflow/.local/lib/python3.11/site-packages/airflow/models/dagbag.py", line 351, in parse
    loader.exec_module(new_module)
  File "<frozen importlib._bootstrap_external>", line 940, in exec_module
  File "<frozen importlib._bootstrap>", line 241, in _call_with_frames_removed
  File "/opt/airflow/dags/f1_pipeline_dag.py", line 38, in <module>
    @DAG(
     ^^^^
TypeError: 'DAG' object is not callable
[2026-10-03T18:49:18.045+0000] {processor.py:842} WARNING - No viable dags retrieved from /opt/airflow/dags/f1_pipeline_dag.py
[2026-10-03T18:49:18.069+0000] {processor.py:183} INFO - Processing /opt/airflow/dags/f1_pipeline_dag.py took 0.047 seconds
[2026-10-03T18:49:48.355+0000] {processor.py:161} INFO - Started process (PID=97) to work on /opt/airflow/dags/f1_pipeline_dag.py
[2026-10-03T18:49:48.359+0000] {processor.py:830} INFO - Processing file /opt/airflow/dags/f1_pipeline_dag.py for tasks to queue
[2026-10-03T18:49:48.362+0000] {logging_mixin.py:188} INFO - [2026-10-03T18:49:48.361+0000] {dagbag.py:545} INFO - Filling up the DagBag from /opt/airflow/dags/f1_pipeline_dag.py
[2026-10-03T18:49:48.368+0000] {logging_mixin.py:188} INFO - [2026-10-03T18:49:48.366+0000] {dagbag.py:355} ERROR - Failed to import: /opt/airflow/dags/f1_pipeline_dag.py
Traceback (most recent call last):
  File "/home/airflow/.local/lib/python3.11/site-packages/airflow/models/dagbag.py", line 351, in parse
    loader.exec_module(new_module)
  File "<frozen importlib._bootstrap_external>", line 940, in exec_module
  File "<frozen importlib._bootstrap>", line 241, in _call_with_frames_removed
  File "/opt/airflow/dags/f1_pipeline_dag.py", line 38, in <module>
    @DAG(
     ^^^^
TypeError: 'DAG' object is not callable
[2026-10-03T18:49:48.368+0000] {processor.py:842} WARNING - No viable dags retrieved from /opt/airflow/dags/f1_pipeline_dag.py
[2026-10-03T18:49:48.393+0000] {processor.py:183} INFO - Processing /opt/airflow/dags/f1_pipeline_dag.py took 0.049 seconds
[2026-10-03T18:50:18.677+0000] {processor.py:161} INFO - Started process (PID=98) to work on /opt/airflow/dags/f1_pipeline_dag.py
[2026-10-03T18:50:18.678+0000] {processor.py:830} INFO - Processing file /opt/airflow/dags/f1_pipeline_dag.py for tasks to queue
[2026-10-03T18:50:18.681+0000] {logging_mixin.py:188} INFO - [2026-10-03T18:50:18.680+0000] {dagbag.py:545} INFO - Filling up the DagBag from /opt/airflow/dags/f1_pipeline_dag.py
[2026-10-03T18:50:18.687+0000] {logging_mixin.py:188} INFO - [2026-10-03T18:50:18.685+0000] {dagbag.py:355} ERROR - Failed to import: /opt/airflow/dags/f1_pipeline_dag.py
Traceback (most recent call last):
  File "/home/airflow/.local/lib/python3.11/site-packages/airflow/models/dagbag.py", line 351, in parse
    loader.exec_module(new_module)
  File "<frozen importlib._bootstrap_external>", line 940, in exec_module
  File "<frozen importlib._bootstrap>", line 241, in _call_with_frames_removed
  File "/opt/airflow/dags/f1_pipeline_dag.py", line 38, in <module>
    @DAG(
     ^^^^
TypeError: 'DAG' object is not callable
[2026-10-03T18:50:18.688+0000] {processor.py:842} WARNING - No viable dags retrieved from /opt/airflow/dags/f1_pipeline_dag.py
[2026-10-03T18:50:18.712+0000] {processor.py:183} INFO - Processing /opt/airflow/dags/f1_pipeline_dag.py took 0.045 seconds
[2026-10-03T18:50:49.003+0000] {processor.py:161} INFO - Started process (PID=99) to work on /opt/airflow/dags/f1_pipeline_dag.py
[2026-10-03T18:50:49.006+0000] {processor.py:830} INFO - Processing file /opt/airflow/dags/f1_pipeline_dag.py for tasks to queue
[2026-10-03T18:50:49.009+0000] {logging_mixin.py:188} INFO - [2026-10-03T18:50:49.008+0000] {dagbag.py:545} INFO - Filling up the DagBag from /opt/airflow/dags/f1_pipeline_dag.py
[2026-10-03T18:50:49.016+0000] {logging_mixin.py:188} INFO - [2026-10-03T18:50:49.014+0000] {dagbag.py:355} ERROR - Failed to import: /opt/airflow/dags/f1_pipeline_dag.py
Traceback (most recent call last):
  File "/home/airflow/.local/lib/python3.11/site-packages/airflow/models/dagbag.py", line 351, in parse
    loader.exec_module(new_module)
  File "<frozen importlib._bootstrap_external>", line 940, in exec_module
  File "<frozen importlib._bootstrap>", line 241, in _call_with_frames_removed
  File "/opt/airflow/dags/f1_pipeline_dag.py", line 38, in <module>
    @DAG(
     ^^^^
TypeError: 'DAG' object is not callable
[2026-10-03T18:50:49.016+0000] {processor.py:842} WARNING - No viable dags retrieved from /opt/airflow/dags/f1_pipeline_dag.py
[2026-10-03T18:50:49.041+0000] {processor.py:183} INFO - Processing /opt/airflow/dags/f1_pipeline_dag.py took 0.047 seconds
[2026-10-03T18:51:19.339+0000] {processor.py:161} INFO - Started process (PID=100) to work on /opt/airflow/dags/f1_pipeline_dag.py
[2026-10-03T18:51:19.340+0000] {processor.py:830} INFO - Processing file /opt/airflow/dags/f1_pipeline_dag.py for tasks to queue
[2026-10-03T18:51:19.343+0000] {logging_mixin.py:188} INFO - [2026-10-03T18:51:19.342+0000] {dagbag.py:545} INFO - Filling up the DagBag from /opt/airflow/dags/f1_pipeline_dag.py
[2026-10-03T18:51:19.349+0000] {logging_mixin.py:188} INFO - [2026-10-03T18:51:19.347+0000] {dagbag.py:355} ERROR - Failed to import: /opt/airflow/dags/f1_pipeline_dag.py
Traceback (most recent call last):
  File "/home/airflow/.local/lib/python3.11/site-packages/airflow/models/dagbag.py", line 351, in parse
    loader.exec_module(new_module)
  File "<frozen importlib._bootstrap_external>", line 940, in exec_module
  File "<frozen importlib._bootstrap>", line 241, in _call_with_frames_removed
  File "/opt/airflow/dags/f1_pipeline_dag.py", line 38, in <module>
    @DAG(
     ^^^^
TypeError: 'DAG' object is not callable
[2026-10-03T18:51:19.350+0000] {processor.py:842} WARNING - No viable dags retrieved from /opt/airflow/dags/f1_pipeline_dag.py
[2026-10-03T18:51:19.375+0000] {processor.py:183} INFO - Processing /opt/airflow/dags/f1_pipeline_dag.py took 0.046 seconds
[2026-10-03T18:51:49.689+0000] {processor.py:161} INFO - Started process (PID=101) to work on /opt/airflow/dags/f1_pipeline_dag.py
[2026-10-03T18:51:49.692+0000] {processor.py:830} INFO - Processing file /opt/airflow/dags/f1_pipeline_dag.py for tasks to queue
[2026-10-03T18:51:49.695+0000] {logging_mixin.py:188} INFO - [2026-10-03T18:51:49.694+0000] {dagbag.py:545} INFO - Filling up the DagBag from /opt/airflow/dags/f1_pipeline_dag.py
[2026-10-03T18:51:49.701+0000] {logging_mixin.py:188} INFO - [2026-10-03T18:51:49.699+0000] {dagbag.py:355} ERROR - Failed to import: /opt/airflow/dags/f1_pipeline_dag.py
Traceback (most recent call last):
  File "/home/airflow/.local/lib/python3.11/site-packages/airflow/models/dagbag.py", line 351, in parse
    loader.exec_module(new_module)
  File "<frozen importlib._bootstrap_external>", line 940, in exec_module
  File "<frozen importlib._bootstrap>", line 241, in _call_with_frames_removed
  File "/opt/airflow/dags/f1_pipeline_dag.py", line 38, in <module>
    @DAG(
     ^^^^
TypeError: 'DAG' object is not callable
[2026-10-03T18:51:49.702+0000] {processor.py:842} WARNING - No viable dags retrieved from /opt/airflow/dags/f1_pipeline_dag.py
[2026-10-03T18:51:49.727+0000] {processor.py:183} INFO - Processing /opt/airflow/dags/f1_pipeline_dag.py took 0.048 seconds
[2026-10-03T18:52:20.065+0000] {processor.py:161} INFO - Started process (PID=102) to work on /opt/airflow/dags/f1_pipeline_dag.py
[2026-10-03T18:52:20.066+0000] {processor.py:830} INFO - Processing file /opt/airflow/dags/f1_pipeline_dag.py for tasks to queue
[2026-10-03T18:52:20.069+0000] {logging_mixin.py:188} INFO - [2026-10-03T18:52:20.068+0000] {dagbag.py:545} INFO - Filling up the DagBag from /opt/airflow/dags/f1_pipeline_dag.py
[2026-10-03T18:52:20.076+0000] {logging_mixin.py:188} INFO - [2026-10-03T18:52:20.073+0000] {dagbag.py:355} ERROR - Failed to import: /opt/airflow/dags/f1_pipeline_dag.py
Traceback (most recent call last):
  File "/home/airflow/.local/lib/python3.11/site-packages/airflow/models/dagbag.py", line 351, in parse
    loader.exec_module(new_module)
  File "<frozen importlib._bootstrap_external>", line 940, in exec_module
  File "<frozen importlib._bootstrap>", line 241, in _call_with_frames_removed
  File "/opt/airflow/dags/f1_pipeline_dag.py", line 38, in <module>
    @DAG(
     ^^^^
TypeError: 'DAG' object is not callable
[2026-10-03T18:52:20.077+0000] {processor.py:842} WARNING - No viable dags retrieved from /opt/airflow/dags/f1_pipeline_dag.py
[2026-10-03T18:52:20.102+0000] {processor.py:183} INFO - Processing /opt/airflow/dags/f1_pipeline_dag.py took 0.047 seconds
[2026-10-03T18:52:50.441+0000] {processor.py:161} INFO - Started process (PID=103) to work on /opt/airflow/dags/f1_pipeline_dag.py
[2026-10-03T18:52:50.444+0000] {processor.py:830} INFO - Processing file /opt/airflow/dags/f1_pipeline_dag.py for tasks to queue
[2026-10-03T18:52:50.446+0000] {logging_mixin.py:188} INFO - [2026-10-03T18:52:50.446+0000] {dagbag.py:545} INFO - Filling up the DagBag from /opt/airflow/dags/f1_pipeline_dag.py
[2026-10-03T18:52:50.453+0000] {logging_mixin.py:188} INFO - [2026-10-03T18:52:50.451+0000] {dagbag.py:355} ERROR - Failed to import: /opt/airflow/dags/f1_pipeline_dag.py
Traceback (most recent call last):
  File "/home/airflow/.local/lib/python3.11/site-packages/airflow/models/dagbag.py", line 351, in parse
    loader.exec_module(new_module)
  File "<frozen importlib._bootstrap_external>", line 940, in exec_module
  File "<frozen importlib._bootstrap>", line 241, in _call_with_frames_removed
  File "/opt/airflow/dags/f1_pipeline_dag.py", line 38, in <module>
    @DAG(
     ^^^^
TypeError: 'DAG' object is not callable
[2026-10-03T18:52:50.454+0000] {processor.py:842} WARNING - No viable dags retrieved from /opt/airflow/dags/f1_pipeline_dag.py
[2026-10-03T18:52:50.479+0000] {processor.py:183} INFO - Processing /opt/airflow/dags/f1_pipeline_dag.py took 0.048 seconds
[2026-10-03T18:53:20.808+0000] {processor.py:161} INFO - Started process (PID=104) to work on /opt/airflow/dags/f1_pipeline_dag.py
[2026-10-03T18:53:20.809+0000] {processor.py:830} INFO - Processing file /opt/airflow/dags/f1_pipeline_dag.py for tasks to queue
[2026-10-03T18:53:20.812+0000] {logging_mixin.py:188} INFO - [2026-10-03T18:53:20.811+0000] {dagbag.py:545} INFO - Filling up the DagBag from /opt/airflow/dags/f1_pipeline_dag.py
[2026-10-03T18:53:20.818+0000] {logging_mixin.py:188} INFO - [2026-10-03T18:53:20.816+0000] {dagbag.py:355} ERROR - Failed to import: /opt/airflow/dags/f1_pipeline_dag.py
Traceback (most recent call last):
  File "/home/airflow/.local/lib/python3.11/site-packages/airflow/models/dagbag.py", line 351, in parse
    loader.exec_module(new_module)
  File "<frozen importlib._bootstrap_external>", line 940, in exec_module
  File "<frozen importlib._bootstrap>", line 241, in _call_with_frames_removed
  File "/opt/airflow/dags/f1_pipeline_dag.py", line 38, in <module>
    @DAG(
     ^^^^
TypeError: 'DAG' object is not callable
[2026-10-03T18:53:20.819+0000] {processor.py:842} WARNING - No viable dags retrieved from /opt/airflow/dags/f1_pipeline_dag.py
[2026-10-03T18:53:20.844+0000] {processor.py:183} INFO - Processing /opt/airflow/dags/f1_pipeline_dag.py took 0.046 seconds
[2026-10-03T18:53:51.153+0000] {processor.py:161} INFO - Started process (PID=105) to work on /opt/airflow/dags/f1_pipeline_dag.py
[2026-10-03T18:53:51.156+0000] {processor.py:830} INFO - Processing file /opt/airflow/dags/f1_pipeline_dag.py for tasks to queue
[2026-10-03T18:53:51.159+0000] {logging_mixin.py:188} INFO - [2026-10-03T18:53:51.159+0000] {dagbag.py:545} INFO - Filling up the DagBag from /opt/airflow/dags/f1_pipeline_dag.py
[2026-10-03T18:53:51.167+0000] {logging_mixin.py:188} INFO - [2026-10-03T18:53:51.165+0000] {dagbag.py:355} ERROR - Failed to import: /opt/airflow/dags/f1_pipeline_dag.py
Traceback (most recent call last):
  File "/home/airflow/.local/lib/python3.11/site-packages/airflow/models/dagbag.py", line 351, in parse
    loader.exec_module(new_module)
  File "<frozen importlib._bootstrap_external>", line 940, in exec_module
  File "<frozen importlib._bootstrap>", line 241, in _call_with_frames_removed
  File "/opt/airflow/dags/f1_pipeline_dag.py", line 38, in <module>
    @DAG(
     ^^^^
TypeError: 'DAG' object is not callable
[2026-10-03T18:53:51.168+0000] {processor.py:842} WARNING - No viable dags retrieved from /opt/airflow/dags/f1_pipeline_dag.py
[2026-10-03T18:53:51.195+0000] {processor.py:183} INFO - Processing /opt/airflow/dags/f1_pipeline_dag.py took 0.051 seconds
[2026-10-03T18:54:21.513+0000] {processor.py:161} INFO - Started process (PID=106) to work on /opt/airflow/dags/f1_pipeline_dag.py
[2026-10-03T18:54:21.514+0000] {processor.py:830} INFO - Processing file /opt/airflow/dags/f1_pipeline_dag.py for tasks to queue
[2026-10-03T18:54:21.517+0000] {logging_mixin.py:188} INFO - [2026-10-03T18:54:21.517+0000] {dagbag.py:545} INFO - Filling up the DagBag from /opt/airflow/dags/f1_pipeline_dag.py
[2026-10-03T18:54:21.523+0000] {logging_mixin.py:188} INFO - [2026-10-03T18:54:21.521+0000] {dagbag.py:355} ERROR - Failed to import: /opt/airflow/dags/f1_pipeline_dag.py
Traceback (most recent call last):
  File "/home/airflow/.local/lib/python3.11/site-packages/airflow/models/dagbag.py", line 351, in parse
    loader.exec_module(new_module)
  File "<frozen importlib._bootstrap_external>", line 940, in exec_module
  File "<frozen importlib._bootstrap>", line 241, in _call_with_frames_removed
  File "/opt/airflow/dags/f1_pipeline_dag.py", line 38, in <module>
    @DAG(
     ^^^^
TypeError: 'DAG' object is not callable
[2026-10-03T18:54:21.524+0000] {processor.py:842} WARNING - No viable dags retrieved from /opt/airflow/dags/f1_pipeline_dag.py
[2026-10-03T18:54:21.549+0000] {processor.py:183} INFO - Processing /opt/airflow/dags/f1_pipeline_dag.py took 0.046 seconds
[2026-10-03T18:54:51.852+0000] {processor.py:161} INFO - Started process (PID=107) to work on /opt/airflow/dags/f1_pipeline_dag.py
[2026-10-03T18:54:51.855+0000] {processor.py:830} INFO - Processing file /opt/airflow/dags/f1_pipeline_dag.py for tasks to queue
[2026-10-03T18:54:51.857+0000] {logging_mixin.py:188} INFO - [2026-10-03T18:54:51.857+0000] {dagbag.py:545} INFO - Filling up the DagBag from /opt/airflow/dags/f1_pipeline_dag.py
[2026-10-03T18:54:51.864+0000] {logging_mixin.py:188} INFO - [2026-10-03T18:54:51.862+0000] {dagbag.py:355} ERROR - Failed to import: /opt/airflow/dags/f1_pipeline_dag.py
Traceback (most recent call last):
  File "/home/airflow/.local/lib/python3.11/site-packages/airflow/models/dagbag.py", line 351, in parse
    loader.exec_module(new_module)
  File "<frozen importlib._bootstrap_external>", line 940, in exec_module
  File "<frozen importlib._bootstrap>", line 241, in _call_with_frames_removed
  File "/opt/airflow/dags/f1_pipeline_dag.py", line 38, in <module>
    @DAG(
     ^^^^
TypeError: 'DAG' object is not callable
[2026-10-03T18:54:51.865+0000] {processor.py:842} WARNING - No viable dags retrieved from /opt/airflow/dags/f1_pipeline_dag.py
[2026-10-03T18:54:51.888+0000] {processor.py:183} INFO - Processing /opt/airflow/dags/f1_pipeline_dag.py took 0.045 seconds
[2026-10-03T18:55:22.165+0000] {processor.py:161} INFO - Started process (PID=108) to work on /opt/airflow/dags/f1_pipeline_dag.py
[2026-10-03T18:55:22.166+0000] {processor.py:830} INFO - Processing file /opt/airflow/dags/f1_pipeline_dag.py for tasks to queue
[2026-10-03T18:55:22.169+0000] {logging_mixin.py:188} INFO - [2026-10-03T18:55:22.169+0000] {dagbag.py:545} INFO - Filling up the DagBag from /opt/airflow/dags/f1_pipeline_dag.py
[2026-10-03T18:55:22.176+0000] {logging_mixin.py:188} INFO - [2026-10-03T18:55:22.174+0000] {dagbag.py:355} ERROR - Failed to import: /opt/airflow/dags/f1_pipeline_dag.py
Traceback (most recent call last):
  File "/home/airflow/.local/lib/python3.11/site-packages/airflow/models/dagbag.py", line 351, in parse
    loader.exec_module(new_module)
  File "<frozen importlib._bootstrap_external>", line 940, in exec_module
  File "<frozen importlib._bootstrap>", line 241, in _call_with_frames_removed
  File "/opt/airflow/dags/f1_pipeline_dag.py", line 38, in <module>
    @DAG(
     ^^^^
TypeError: 'DAG' object is not callable
[2026-10-03T18:55:22.177+0000] {processor.py:842} WARNING - No viable dags retrieved from /opt/airflow/dags/f1_pipeline_dag.py
[2026-10-03T18:55:22.202+0000] {processor.py:183} INFO - Processing /opt/airflow/dags/f1_pipeline_dag.py took 0.046 seconds
[2026-10-03T18:55:39.395+0000] {processor.py:161} INFO - Started process (PID=109) to work on /opt/airflow/dags/f1_pipeline_dag.py
[2026-10-03T18:55:39.399+0000] {processor.py:830} INFO - Processing file /opt/airflow/dags/f1_pipeline_dag.py for tasks to queue
[2026-10-03T18:55:39.401+0000] {logging_mixin.py:188} INFO - [2026-10-03T18:55:39.401+0000] {dagbag.py:545} INFO - Filling up the DagBag from /opt/airflow/dags/f1_pipeline_dag.py
[2026-10-03T18:55:39.408+0000] {processor.py:842} WARNING - No viable dags retrieved from /opt/airflow/dags/f1_pipeline_dag.py
[2026-10-03T18:55:39.424+0000] {processor.py:183} INFO - Processing /opt/airflow/dags/f1_pipeline_dag.py took 0.038 seconds
[2026-10-03T18:56:09.744+0000] {processor.py:161} INFO - Started process (PID=110) to work on /opt/airflow/dags/f1_pipeline_dag.py
[2026-10-03T18:56:09.746+0000] {processor.py:830} INFO - Processing file /opt/airflow/dags/f1_pipeline_dag.py for tasks to queue
[2026-10-03T18:56:09.748+0000] {logging_mixin.py:188} INFO - [2026-10-03T18:56:09.748+0000] {dagbag.py:545} INFO - Filling up the DagBag from /opt/airflow/dags/f1_pipeline_dag.py
[2026-10-03T18:56:09.752+0000] {processor.py:842} WARNING - No viable dags retrieved from /opt/airflow/dags/f1_pipeline_dag.py
[2026-10-03T18:56:09.768+0000] {processor.py:183} INFO - Processing /opt/airflow/dags/f1_pipeline_dag.py took 0.033 seconds
[2026-10-03T18:56:36.807+0000] {processor.py:161} INFO - Started process (PID=111) to work on /opt/airflow/dags/f1_pipeline_dag.py
[2026-10-03T18:56:36.810+0000] {processor.py:830} INFO - Processing file /opt/airflow/dags/f1_pipeline_dag.py for tasks to queue
[2026-10-03T18:56:36.813+0000] {logging_mixin.py:188} INFO - [2026-10-03T18:56:36.812+0000] {dagbag.py:545} INFO - Filling up the DagBag from /opt/airflow/dags/f1_pipeline_dag.py
[2026-10-03T18:56:36.818+0000] {processor.py:842} WARNING - No viable dags retrieved from /opt/airflow/dags/f1_pipeline_dag.py
[2026-10-03T18:56:36.829+0000] {processor.py:183} INFO - Processing /opt/airflow/dags/f1_pipeline_dag.py took 0.031 seconds
[2026-10-03T18:56:54.182+0000] {processor.py:161} INFO - Started process (PID=112) to work on /opt/airflow/dags/f1_pipeline_dag.py
[2026-10-03T18:56:54.184+0000] {processor.py:830} INFO - Processing file /opt/airflow/dags/f1_pipeline_dag.py for tasks to queue
[2026-10-03T18:56:54.186+0000] {logging_mixin.py:188} INFO - [2026-10-03T18:56:54.186+0000] {dagbag.py:545} INFO - Filling up the DagBag from /opt/airflow/dags/f1_pipeline_dag.py
[2026-10-03T18:56:54.202+0000] {logging_mixin.py:188} INFO - [2026-10-03T18:56:54.198+0000] {dagbag.py:355} ERROR - Failed to import: /opt/airflow/dags/f1_pipeline_dag.py
Traceback (most recent call last):
  File "/home/airflow/.local/lib/python3.11/site-packages/airflow/models/dagbag.py", line 351, in parse
    loader.exec_module(new_module)
  File "<frozen importlib._bootstrap_external>", line 940, in exec_module
  File "<frozen importlib._bootstrap>", line 241, in _call_with_frames_removed
  File "/opt/airflow/dags/f1_pipeline_dag.py", line 73, in <module>
    f1_pipeline = telemetry_pipeline()
          ^^^^^^^^^^^^^^^^^^^^
  File "/home/airflow/.local/lib/python3.11/site-packages/airflow/models/dag.py", line 4081, in factory
    f(**f_kwargs)
  File "/opt/airflow/dags/f1_pipeline_dag.py", line 72, in telemetry_pipeline
    check_db_alive() >> silver_script() >> middle_scripts_sensor >> gold_script()
    ^^^^^^^^^^^^^^^^
TypeError: 'PostgresOperator' object is not callable
[2026-10-03T18:56:54.203+0000] {processor.py:842} WARNING - No viable dags retrieved from /opt/airflow/dags/f1_pipeline_dag.py
[2026-10-03T18:56:54.227+0000] {processor.py:183} INFO - Processing /opt/airflow/dags/f1_pipeline_dag.py took 0.054 seconds
[2026-10-03T18:57:24.494+0000] {processor.py:161} INFO - Started process (PID=113) to work on /opt/airflow/dags/f1_pipeline_dag.py
[2026-10-03T18:57:24.498+0000] {processor.py:830} INFO - Processing file /opt/airflow/dags/f1_pipeline_dag.py for tasks to queue
[2026-10-03T18:57:24.501+0000] {logging_mixin.py:188} INFO - [2026-10-03T18:57:24.500+0000] {dagbag.py:545} INFO - Filling up the DagBag from /opt/airflow/dags/f1_pipeline_dag.py
[2026-10-03T18:57:24.513+0000] {logging_mixin.py:188} INFO - [2026-10-03T18:57:24.509+0000] {dagbag.py:355} ERROR - Failed to import: /opt/airflow/dags/f1_pipeline_dag.py
Traceback (most recent call last):
  File "/home/airflow/.local/lib/python3.11/site-packages/airflow/models/dagbag.py", line 351, in parse
    loader.exec_module(new_module)
  File "<frozen importlib._bootstrap_external>", line 940, in exec_module
  File "<frozen importlib._bootstrap>", line 241, in _call_with_frames_removed
  File "/opt/airflow/dags/f1_pipeline_dag.py", line 73, in <module>
    f1_pipeline = telemetry_pipeline()
          ^^^^^^^^^^^^^^^^^^^^
  File "/home/airflow/.local/lib/python3.11/site-packages/airflow/models/dag.py", line 4081, in factory
    f(**f_kwargs)
  File "/opt/airflow/dags/f1_pipeline_dag.py", line 72, in telemetry_pipeline
    check_db_alive() >> silver_script() >> middle_scripts_sensor >> gold_script()
    ^^^^^^^^^^^^^^^^
TypeError: 'PostgresOperator' object is not callable
[2026-10-03T18:57:24.514+0000] {processor.py:842} WARNING - No viable dags retrieved from /opt/airflow/dags/f1_pipeline_dag.py
[2026-10-03T18:57:24.538+0000] {processor.py:183} INFO - Processing /opt/airflow/dags/f1_pipeline_dag.py took 0.053 seconds
[2026-10-03T18:57:30.583+0000] {processor.py:161} INFO - Started process (PID=114) to work on /opt/airflow/dags/f1_pipeline_dag.py
[2026-10-03T18:57:30.583+0000] {processor.py:830} INFO - Processing file /opt/airflow/dags/f1_pipeline_dag.py for tasks to queue
[2026-10-03T18:57:30.585+0000] {logging_mixin.py:188} INFO - [2026-10-03T18:57:30.585+0000] {dagbag.py:545} INFO - Filling up the DagBag from /opt/airflow/dags/f1_pipeline_dag.py
[2026-10-03T18:57:30.597+0000] {processor.py:840} INFO - DAG(s) 'f1_data_analytics' retrieved from /opt/airflow/dags/f1_pipeline_dag.py
[2026-10-03T18:57:30.698+0000] {logging_mixin.py:188} INFO - [2026-10-03T18:57:30.697+0000] {override.py:1829} INFO - Created Permission View: can read on DAG:f1_data_analytics
[2026-10-03T18:57:30.705+0000] {logging_mixin.py:188} INFO - [2026-10-03T18:57:30.704+0000] {override.py:1829} INFO - Created Permission View: can edit on DAG:f1_data_analytics
[2026-10-03T18:57:30.709+0000] {logging_mixin.py:188} INFO - [2026-10-03T18:57:30.709+0000] {override.py:1829} INFO - Created Permission View: can delete on DAG:f1_data_analytics
[2026-10-03T18:57:30.709+0000] {logging_mixin.py:188} INFO - [2026-10-03T18:57:30.709+0000] {dag.py:3096} INFO - Sync 1 DAGs
[2026-10-03T18:57:30.717+0000] {logging_mixin.py:188} INFO - [2026-10-03T18:57:30.717+0000] {dag.py:3118} INFO - Creating ORM DAG for f1_data_analytics
[2026-10-03T18:57:30.718+0000] {logging_mixin.py:188} INFO - [2026-10-03T18:57:30.717+0000] {dag.py:3954} INFO - Setting next_dagrun for f1_data_analytics to None, run_after=None
[2026-10-03T18:57:30.733+0000] {processor.py:183} INFO - Processing /opt/airflow/dags/f1_pipeline_dag.py took 0.157 seconds
[2026-10-03T18:58:01.722+0000] {processor.py:161} INFO - Started process (PID=115) to work on /opt/airflow/dags/f1_pipeline_dag.py
[2026-10-03T18:58:01.725+0000] {processor.py:830} INFO - Processing file /opt/airflow/dags/f1_pipeline_dag.py for tasks to queue
[2026-10-03T18:58:01.728+0000] {logging_mixin.py:188} INFO - [2026-10-03T18:58:01.727+0000] {dagbag.py:545} INFO - Filling up the DagBag from /opt/airflow/dags/f1_pipeline_dag.py
[2026-10-03T18:58:01.747+0000] {processor.py:840} INFO - DAG(s) 'f1_data_analytics' retrieved from /opt/airflow/dags/f1_pipeline_dag.py
[2026-10-03T18:58:01.780+0000] {logging_mixin.py:188} INFO - [2026-10-03T18:58:01.780+0000] {dag.py:3096} INFO - Sync 1 DAGs
[2026-10-03T18:58:01.790+0000] {logging_mixin.py:188} INFO - [2026-10-03T18:58:01.789+0000] {dag.py:3954} INFO - Setting next_dagrun for f1_data_analytics to None, run_after=None
[2026-10-03T18:58:01.806+0000] {processor.py:183} INFO - Processing /opt/airflow/dags/f1_pipeline_dag.py took 0.095 seconds
[2026-10-03T18:58:32.825+0000] {processor.py:161} INFO - Started process (PID=116) to work on /opt/airflow/dags/f1_pipeline_dag.py
[2026-10-03T18:58:32.826+0000] {processor.py:830} INFO - Processing file /opt/airflow/dags/f1_pipeline_dag.py for tasks to queue
[2026-10-03T18:58:32.828+0000] {logging_mixin.py:188} INFO - [2026-10-03T18:58:32.827+0000] {dagbag.py:545} INFO - Filling up the DagBag from /opt/airflow/dags/f1_pipeline_dag.py
[2026-10-03T18:58:32.844+0000] {processor.py:840} INFO - DAG(s) 'f1_data_analytics' retrieved from /opt/airflow/dags/f1_pipeline_dag.py
[2026-10-03T18:58:32.877+0000] {logging_mixin.py:188} INFO - [2026-10-03T18:58:32.877+0000] {dag.py:3096} INFO - Sync 1 DAGs
[2026-10-03T18:58:32.887+0000] {logging_mixin.py:188} INFO - [2026-10-03T18:58:32.886+0000] {dag.py:3954} INFO - Setting next_dagrun for f1_data_analytics to None, run_after=None
[2026-10-03T18:58:32.902+0000] {processor.py:183} INFO - Processing /opt/airflow/dags/f1_pipeline_dag.py took 0.086 seconds
[2026-10-03T18:59:03.484+0000] {processor.py:161} INFO - Started process (PID=117) to work on /opt/airflow/dags/f1_pipeline_dag.py
[2026-10-03T18:59:03.487+0000] {processor.py:830} INFO - Processing file /opt/airflow/dags/f1_pipeline_dag.py for tasks to queue
[2026-10-03T18:59:03.490+0000] {logging_mixin.py:188} INFO - [2026-10-03T18:59:03.490+0000] {dagbag.py:545} INFO - Filling up the DagBag from /opt/airflow/dags/f1_pipeline_dag.py
[2026-10-03T18:59:03.506+0000] {processor.py:840} INFO - DAG(s) 'f1_data_analytics' retrieved from /opt/airflow/dags/f1_pipeline_dag.py
[2026-10-03T18:59:03.539+0000] {logging_mixin.py:188} INFO - [2026-10-03T18:59:03.539+0000] {dag.py:3096} INFO - Sync 1 DAGs
[2026-10-03T18:59:03.548+0000] {logging_mixin.py:188} INFO - [2026-10-03T18:59:03.548+0000] {dag.py:3954} INFO - Setting next_dagrun for f1_data_analytics to None, run_after=None
[2026-10-03T18:59:03.564+0000] {processor.py:183} INFO - Processing /opt/airflow/dags/f1_pipeline_dag.py took 0.089 seconds
[2026-10-03T18:59:33.896+0000] {processor.py:161} INFO - Started process (PID=118) to work on /opt/airflow/dags/f1_pipeline_dag.py
[2026-10-03T18:59:33.897+0000] {processor.py:830} INFO - Processing file /opt/airflow/dags/f1_pipeline_dag.py for tasks to queue
[2026-10-03T18:59:33.900+0000] {logging_mixin.py:188} INFO - [2026-10-03T18:59:33.899+0000] {dagbag.py:545} INFO - Filling up the DagBag from /opt/airflow/dags/f1_pipeline_dag.py
[2026-10-03T18:59:33.917+0000] {processor.py:840} INFO - DAG(s) 'f1_data_analytics' retrieved from /opt/airflow/dags/f1_pipeline_dag.py
[2026-10-03T18:59:33.950+0000] {logging_mixin.py:188} INFO - [2026-10-03T18:59:33.950+0000] {dag.py:3096} INFO - Sync 1 DAGs
[2026-10-03T18:59:33.960+0000] {logging_mixin.py:188} INFO - [2026-10-03T18:59:33.960+0000] {dag.py:3954} INFO - Setting next_dagrun for f1_data_analytics to None, run_after=None
[2026-10-03T18:59:33.978+0000] {processor.py:183} INFO - Processing /opt/airflow/dags/f1_pipeline_dag.py took 0.093 seconds
[2026-10-03T19:00:04.136+0000] {processor.py:161} INFO - Started process (PID=119) to work on /opt/airflow/dags/f1_pipeline_dag.py
[2026-10-03T19:00:04.140+0000] {processor.py:830} INFO - Processing file /opt/airflow/dags/f1_pipeline_dag.py for tasks to queue
[2026-10-03T19:00:04.142+0000] {logging_mixin.py:188} INFO - [2026-10-03T19:00:04.142+0000] {dagbag.py:545} INFO - Filling up the DagBag from /opt/airflow/dags/f1_pipeline_dag.py
[2026-10-03T19:00:04.158+0000] {processor.py:840} INFO - DAG(s) 'f1_data_analytics' retrieved from /opt/airflow/dags/f1_pipeline_dag.py
[2026-10-03T19:00:04.195+0000] {logging_mixin.py:188} INFO - [2026-10-03T19:00:04.194+0000] {dag.py:3096} INFO - Sync 1 DAGs
[2026-10-03T19:00:04.204+0000] {logging_mixin.py:188} INFO - [2026-10-03T19:00:04.204+0000] {dag.py:3954} INFO - Setting next_dagrun for f1_data_analytics to None, run_after=None
[2026-10-03T19:00:04.221+0000] {processor.py:183} INFO - Processing /opt/airflow/dags/f1_pipeline_dag.py took 0.094 seconds
[2026-10-03T19:00:34.626+0000] {processor.py:161} INFO - Started process (PID=120) to work on /opt/airflow/dags/f1_pipeline_dag.py
[2026-10-03T19:00:34.627+0000] {processor.py:830} INFO - Processing file /opt/airflow/dags/f1_pipeline_dag.py for tasks to queue
[2026-10-03T19:00:34.630+0000] {logging_mixin.py:188} INFO - [2026-10-03T19:00:34.629+0000] {dagbag.py:545} INFO - Filling up the DagBag from /opt/airflow/dags/f1_pipeline_dag.py
[2026-10-03T19:00:34.646+0000] {processor.py:840} INFO - DAG(s) 'f1_data_analytics' retrieved from /opt/airflow/dags/f1_pipeline_dag.py
[2026-10-03T19:00:34.685+0000] {logging_mixin.py:188} INFO - [2026-10-03T19:00:34.685+0000] {dag.py:3096} INFO - Sync 1 DAGs
[2026-10-03T19:00:34.695+0000] {logging_mixin.py:188} INFO - [2026-10-03T19:00:34.694+0000] {dag.py:3954} INFO - Setting next_dagrun for f1_data_analytics to None, run_after=None
[2026-10-03T19:00:34.710+0000] {processor.py:183} INFO - Processing /opt/airflow/dags/f1_pipeline_dag.py took 0.094 seconds
[2026-10-03T19:01:05.040+0000] {processor.py:161} INFO - Started process (PID=121) to work on /opt/airflow/dags/f1_pipeline_dag.py
[2026-10-03T19:01:05.043+0000] {processor.py:830} INFO - Processing file /opt/airflow/dags/f1_pipeline_dag.py for tasks to queue
[2026-10-03T19:01:05.046+0000] {logging_mixin.py:188} INFO - [2026-10-03T19:01:05.045+0000] {dagbag.py:545} INFO - Filling up the DagBag from /opt/airflow/dags/f1_pipeline_dag.py
[2026-10-03T19:01:05.062+0000] {processor.py:840} INFO - DAG(s) 'f1_data_analytics' retrieved from /opt/airflow/dags/f1_pipeline_dag.py
[2026-10-03T19:01:05.101+0000] {logging_mixin.py:188} INFO - [2026-10-03T19:01:05.100+0000] {dag.py:3096} INFO - Sync 1 DAGs
[2026-10-03T19:01:05.110+0000] {logging_mixin.py:188} INFO - [2026-10-03T19:01:05.110+0000] {dag.py:3954} INFO - Setting next_dagrun for f1_data_analytics to None, run_after=None
[2026-10-03T19:01:05.125+0000] {processor.py:183} INFO - Processing /opt/airflow/dags/f1_pipeline_dag.py took 0.095 seconds
[2026-10-03T19:01:35.575+0000] {processor.py:161} INFO - Started process (PID=122) to work on /opt/airflow/dags/f1_pipeline_dag.py
[2026-10-03T19:01:35.577+0000] {processor.py:830} INFO - Processing file /opt/airflow/dags/f1_pipeline_dag.py for tasks to queue
[2026-10-03T19:01:35.580+0000] {logging_mixin.py:188} INFO - [2026-10-03T19:01:35.579+0000] {dagbag.py:545} INFO - Filling up the DagBag from /opt/airflow/dags/f1_pipeline_dag.py
[2026-10-03T19:01:35.595+0000] {processor.py:840} INFO - DAG(s) 'f1_data_analytics' retrieved from /opt/airflow/dags/f1_pipeline_dag.py
[2026-10-03T19:01:35.633+0000] {logging_mixin.py:188} INFO - [2026-10-03T19:01:35.633+0000] {dag.py:3096} INFO - Sync 1 DAGs
[2026-10-03T19:01:35.642+0000] {logging_mixin.py:188} INFO - [2026-10-03T19:01:35.642+0000] {dag.py:3954} INFO - Setting next_dagrun for f1_data_analytics to None, run_after=None
[2026-10-03T19:01:35.657+0000] {processor.py:183} INFO - Processing /opt/airflow/dags/f1_pipeline_dag.py took 0.091 seconds
[2026-10-03T19:02:05.988+0000] {processor.py:161} INFO - Started process (PID=123) to work on /opt/airflow/dags/f1_pipeline_dag.py
[2026-10-03T19:02:05.992+0000] {processor.py:830} INFO - Processing file /opt/airflow/dags/f1_pipeline_dag.py for tasks to queue
[2026-10-03T19:02:05.994+0000] {logging_mixin.py:188} INFO - [2026-10-03T19:02:05.994+0000] {dagbag.py:545} INFO - Filling up the DagBag from /opt/airflow/dags/f1_pipeline_dag.py
[2026-10-03T19:02:06.011+0000] {processor.py:840} INFO - DAG(s) 'f1_data_analytics' retrieved from /opt/airflow/dags/f1_pipeline_dag.py
[2026-10-03T19:02:06.048+0000] {logging_mixin.py:188} INFO - [2026-10-03T19:02:06.048+0000] {dag.py:3096} INFO - Sync 1 DAGs
[2026-10-03T19:02:06.058+0000] {logging_mixin.py:188} INFO - [2026-10-03T19:02:06.057+0000] {dag.py:3954} INFO - Setting next_dagrun for f1_data_analytics to None, run_after=None
[2026-10-03T19:02:06.073+0000] {processor.py:183} INFO - Processing /opt/airflow/dags/f1_pipeline_dag.py took 0.095 seconds
[2026-10-03T19:02:36.402+0000] {processor.py:161} INFO - Started process (PID=124) to work on /opt/airflow/dags/f1_pipeline_dag.py
[2026-10-03T19:02:36.405+0000] {processor.py:830} INFO - Processing file /opt/airflow/dags/f1_pipeline_dag.py for tasks to queue
[2026-10-03T19:02:36.408+0000] {logging_mixin.py:188} INFO - [2026-10-03T19:02:36.407+0000] {dagbag.py:545} INFO - Filling up the DagBag from /opt/airflow/dags/f1_pipeline_dag.py
[2026-10-03T19:02:36.424+0000] {processor.py:840} INFO - DAG(s) 'f1_data_analytics' retrieved from /opt/airflow/dags/f1_pipeline_dag.py
[2026-10-03T19:02:36.462+0000] {logging_mixin.py:188} INFO - [2026-10-03T19:02:36.462+0000] {dag.py:3096} INFO - Sync 1 DAGs
[2026-10-03T19:02:36.471+0000] {logging_mixin.py:188} INFO - [2026-10-03T19:02:36.471+0000] {dag.py:3954} INFO - Setting next_dagrun for f1_data_analytics to None, run_after=None
[2026-10-03T19:02:36.487+0000] {processor.py:183} INFO - Processing /opt/airflow/dags/f1_pipeline_dag.py took 0.094 seconds
[2026-10-03T19:03:06.793+0000] {processor.py:161} INFO - Started process (PID=125) to work on /opt/airflow/dags/f1_pipeline_dag.py
[2026-10-03T19:03:06.793+0000] {processor.py:830} INFO - Processing file /opt/airflow/dags/f1_pipeline_dag.py for tasks to queue
[2026-10-03T19:03:06.795+0000] {logging_mixin.py:188} INFO - [2026-10-03T19:03:06.794+0000] {dagbag.py:545} INFO - Filling up the DagBag from /opt/airflow/dags/f1_pipeline_dag.py
[2026-10-03T19:03:06.805+0000] {processor.py:840} INFO - DAG(s) 'f1_data_analytics' retrieved from /opt/airflow/dags/f1_pipeline_dag.py
[2026-10-03T19:03:06.845+0000] {logging_mixin.py:188} INFO - [2026-10-03T19:03:06.844+0000] {dag.py:3096} INFO - Sync 1 DAGs
[2026-10-03T19:03:06.856+0000] {logging_mixin.py:188} INFO - [2026-10-03T19:03:06.856+0000] {dag.py:3954} INFO - Setting next_dagrun for f1_data_analytics to None, run_after=None
[2026-10-03T19:03:06.872+0000] {processor.py:183} INFO - Processing /opt/airflow/dags/f1_pipeline_dag.py took 0.083 seconds
