[2026-10-05T17:51:33.177+0000] {local_task_job_runner.py:120} INFO - ::group::Pre task execution logs
[2026-10-05T17:51:33.199+0000] {taskinstance.py:2076} INFO - Dependencies all met for dep_context=non-requeueable deps ti=<TaskInstance: f1_data_analytics.gold_script manual__2026-10-05T17:50:19+00:00 [queued]>
[2026-10-05T17:51:33.204+0000] {taskinstance.py:2076} INFO - Dependencies all met for dep_context=requeueable deps ti=<TaskInstance: f1_data_analytics.gold_script manual__2026-10-05T17:50:19+00:00 [queued]>
[2026-10-05T17:51:33.205+0000] {taskinstance.py:2306} INFO - Starting attempt 1 of 1
[2026-10-05T17:51:33.213+0000] {taskinstance.py:2330} INFO - Executing <Task(_PythonDecoratedOperator): gold_script> on 2026-10-05 17:50:19+00:00
[2026-10-05T17:51:33.220+0000] {standard_task_runner.py:63} INFO - Started process 1737 to run task
[2026-10-05T17:51:33.223+0000] {standard_task_runner.py:90} INFO - Running: ['airflow', 'tasks', 'run', 'f1_data_analytics', 'gold_script', 'manual__2026-10-05T17:50:19+00:00', '--job-id', '36', '--raw', '--subdir', 'DAGS_FOLDER/f1_pipeline_dag.py', '--cfg-path', '/tmp/tmpdyggugy6']
[2026-10-05T17:51:33.224+0000] {standard_task_runner.py:91} INFO - Job 36: Subtask gold_script
[2026-10-05T17:51:33.252+0000] {task_command.py:426} INFO - Running <TaskInstance: f1_data_analytics.gold_script manual__2026-10-05T17:50:19+00:00 [running]> on host 92542028ff84
[2026-10-05T17:51:33.307+0000] {taskinstance.py:2648} INFO - Exporting env vars: AIRFLOW_CTX_DAG_OWNER='airflow' AIRFLOW_CTX_DAG_ID='f1_data_analytics' AIRFLOW_CTX_TASK_ID='gold_script' AIRFLOW_CTX_EXECUTION_DATE='2026-10-05T17:50:19+00:00' AIRFLOW_CTX_TRY_NUMBER='1' AIRFLOW_CTX_DAG_RUN_ID='manual__2026-10-05T17:50:19+00:00'
[2026-10-05T17:51:33.307+0000] {taskinstance.py:430} INFO - ::endgroup::
[2026-10-05T17:51:33.311+0000] {taskinstance.py:441} INFO - ::group::Post task execution logs
[2026-10-05T17:51:33.313+0000] {taskinstance.py:2905} ERROR - Task failed with exception
Traceback (most recent call last):
  File "/home/airflow/.local/lib/python3.11/site-packages/airflow/models/taskinstance.py", line 465, in _execute_task
    result = _execute_callable(context=context, **execute_callable_kwargs)
             ^^^^^^^^^^^^^^^^^^^^^^^^^^^^^^^^^^^^^^^^^^^^^^^^^^^^^^^^^^^^^
  File "/home/airflow/.local/lib/python3.11/site-packages/airflow/models/taskinstance.py", line 432, in _execute_callable
    return execute_callable(context=context, **execute_callable_kwargs)
           ^^^^^^^^^^^^^^^^^^^^^^^^^^^^^^^^^^^^^^^^^^^^^^^^^^^^^^^^^^^^
  File "/home/airflow/.local/lib/python3.11/site-packages/airflow/models/baseoperator.py", line 401, in wrapper
    return func(self, *args, **kwargs)
           ^^^^^^^^^^^^^^^^^^^^^^^^^^^
  File "/home/airflow/.local/lib/python3.11/site-packages/airflow/decorators/base.py", line 265, in execute
    return_value = super().execute(context)
                   ^^^^^^^^^^^^^^^^^^^^^^^^
  File "/home/airflow/.local/lib/python3.11/site-packages/airflow/models/baseoperator.py", line 401, in wrapper
    return func(self, *args, **kwargs)
           ^^^^^^^^^^^^^^^^^^^^^^^^^^^
  File "/home/airflow/.local/lib/python3.11/site-packages/airflow/operators/python.py", line 235, in execute
    return_value = self.execute_callable()
                   ^^^^^^^^^^^^^^^^^^^^^^^
  File "/home/airflow/.local/lib/python3.11/site-packages/airflow/operators/python.py", line 252, in execute_callable
    return self.python_callable(*self.op_args, **self.op_kwargs)
           ^^^^^^^^^^^^^^^^^^^^^^^^^^^^^^^^^^^^^^^^^^^^^^^^^^^^^
  File "/opt/airflow/dags/f1_pipeline_dag.py", line 103, in gold_script
    run_spark_with_db_env("/opt/airflow/scripts/process_gold_telemetry.py")
  File "/opt/airflow/dags/f1_pipeline_dag.py", line 17, in run_spark_with_db_env
    conn_info = hook.get_connection(hook.postgres_conn_id)
                ^^^^^^^^^^^^^^^^^^^^^^^^^^^^^^^^^^^^^^^^^^
  File "/home/airflow/.local/lib/python3.11/site-packages/airflow/hooks/base.py", line 83, in get_connection
    conn = Connection.get_connection_from_secrets(conn_id)
           ^^^^^^^^^^^^^^^^^^^^^^^^^^^^^^^^^^^^^^^^^^^^^^^
  File "/home/airflow/.local/lib/python3.11/site-packages/airflow/models/connection.py", line 519, in get_connection_from_secrets
    raise AirflowNotFoundException(f"The conn_id `{conn_id}` isn't defined")
airflow.exceptions.AirflowNotFoundException: The conn_id `postgres_conn_id` isn't defined
[2026-10-05T17:51:33.316+0000] {taskinstance.py:1206} INFO - Marking task as FAILED. dag_id=f1_data_analytics, task_id=gold_script, run_id=manual__2026-10-05T17:50:19+00:00, execution_date=20261005T175019, start_date=20261005T175133, end_date=20261005T175133
[2026-10-05T17:51:33.322+0000] {standard_task_runner.py:110} ERROR - Failed to execute job 36 for task gold_script (The conn_id `postgres_conn_id` isn't defined; 1737)
[2026-10-05T17:51:33.355+0000] {local_task_job_runner.py:240} INFO - Task exited with return code 1
[2026-10-05T17:51:33.374+0000] {taskinstance.py:3503} INFO - 0 downstream tasks scheduled from follow-on schedule check
[2026-10-05T17:51:33.375+0000] {local_task_job_runner.py:222} INFO - ::endgroup::
