[2026-10-05T17:40:26.699+0000] {local_task_job_runner.py:120} INFO - ::group::Pre task execution logs
[2026-10-05T17:40:26.718+0000] {taskinstance.py:2076} INFO - Dependencies all met for dep_context=non-requeueable deps ti=<TaskInstance: f1_data_analytics.silver_script manual__2026-10-05T17:39:38+00:00 [queued]>
[2026-10-05T17:40:26.722+0000] {taskinstance.py:2076} INFO - Dependencies all met for dep_context=requeueable deps ti=<TaskInstance: f1_data_analytics.silver_script manual__2026-10-05T17:39:38+00:00 [queued]>
[2026-10-05T17:40:26.723+0000] {taskinstance.py:2306} INFO - Starting attempt 4 of 4
[2026-10-05T17:40:26.732+0000] {taskinstance.py:2330} INFO - Executing <Task(_PythonDecoratedOperator): silver_script> on 2026-10-05 17:39:38+00:00
[2026-10-05T17:40:26.737+0000] {standard_task_runner.py:63} INFO - Started process 572 to run task
[2026-10-05T17:40:26.739+0000] {standard_task_runner.py:90} INFO - Running: ['airflow', 'tasks', 'run', 'f1_data_analytics', 'silver_script', 'manual__2026-10-05T17:39:38+00:00', '--job-id', '24', '--raw', '--subdir', 'DAGS_FOLDER/f1_pipeline_dag.py', '--cfg-path', '/tmp/tmp84hhev5w']
[2026-10-05T17:40:26.741+0000] {standard_task_runner.py:91} INFO - Job 24: Subtask silver_script
[2026-10-05T17:40:26.772+0000] {task_command.py:426} INFO - Running <TaskInstance: f1_data_analytics.silver_script manual__2026-10-05T17:39:38+00:00 [running]> on host 92542028ff84
[2026-10-05T17:40:26.827+0000] {taskinstance.py:2648} INFO - Exporting env vars: AIRFLOW_CTX_DAG_OWNER='airflow' AIRFLOW_CTX_DAG_ID='f1_data_analytics' AIRFLOW_CTX_TASK_ID='silver_script' AIRFLOW_CTX_EXECUTION_DATE='2026-10-05T17:39:38+00:00' AIRFLOW_CTX_TRY_NUMBER='4' AIRFLOW_CTX_DAG_RUN_ID='manual__2026-10-05T17:39:38+00:00'
[2026-10-05T17:40:26.828+0000] {taskinstance.py:430} INFO - ::endgroup::
[2026-10-05T17:40:26.828+0000] {f1_pipeline_dag.py:79} INFO - Running silver pyspark script
[2026-10-05T17:40:26.829+0000] {taskinstance.py:441} INFO - ::group::Post task execution logs
[2026-10-05T17:40:26.829+0000] {taskinstance.py:2905} ERROR - Task failed with exception
Traceback (most recent call last):
  File "/home/airflow/.local/lib/python3.11/site-packages/airflow/models/taskinstance.py", line 465, in _execute_task
    result = _execute_callable(context=context, **execute_callable_kwargs)
             ^^^^^^^^^^^^^^^^^^^^^^^^^^^^^^^^^^^^^^^^^^^^^^^^^^^^^^^^^^^^^
  File "/home/airflow/.local/lib/python3.11/site-packages/airflow/models/taskinstance.py", line 432, in _execute_callable
    return execute_callable(context=context, **execute_callable_kwargs)
           ^^^^^^^^^^^^^^^^^^^^^^^^^^^^^^^^^^^^^^^^^^^^^^^^^^^^^^^^^^^^
  File "/home/airflow/.local/lib/python3.11/site-packages/airflow/models/baseoperator.py", line 401, in wrapper
    return func(self, *args, **kwargs)
           ^^^^^^^^^^^^^^^^^^^^^^^^^^^
  File "/home/airflow/.local/lib/python3.11/site-packages/airflow/decorators/base.py", line 265, in execute
    return_value = super().execute(context)
                   ^^^^^^^^^^^^^^^^^^^^^^^^
  File "/home/airflow/.local/lib/python3.11/site-packages/airflow/models/baseoperator.py", line 401, in wrapper
    return func(self, *args, **kwargs)
           ^^^^^^^^^^^^^^^^^^^^^^^^^^^
  File "/home/airflow/.local/lib/python3.11/site-packages/airflow/operators/python.py", line 235, in execute
    return_value = self.execute_callable()
                   ^^^^^^^^^^^^^^^^^^^^^^^
  File "/home/airflow/.local/lib/python3.11/site-packages/airflow/operators/python.py", line 252, in execute_callable
    return self.python_callable(*self.op_args, **self.op_kwargs)
           ^^^^^^^^^^^^^^^^^^^^^^^^^^^^^^^^^^^^^^^^^^^^^^^^^^^^^
  File "/opt/airflow/dags/f1_pipeline_dag.py", line 82, in silver_script
    result = subprocess.run([
             ^^^^^^^^^^^^^^^^
  File "/usr/local/lib/python3.11/subprocess.py", line 548, in run
    with Popen(*popenargs, **kwargs) as process:
         ^^^^^^^^^^^^^^^^^^^^^^^^^^^
  File "/usr/local/lib/python3.11/subprocess.py", line 1026, in __init__
    self._execute_child(args, executable, preexec_fn, close_fds,
  File "/usr/local/lib/python3.11/subprocess.py", line 1955, in _execute_child
    raise child_exception_type(errno_num, err_msg, err_filename)
PermissionError: [Errno 13] Permission denied: 'spark_submit'
[2026-10-05T17:40:26.833+0000] {taskinstance.py:1206} INFO - Marking task as FAILED. dag_id=f1_data_analytics, task_id=silver_script, run_id=manual__2026-10-05T17:39:38+00:00, execution_date=20261005T173938, start_date=20261005T174026, end_date=20261005T174026
[2026-10-05T17:40:26.840+0000] {standard_task_runner.py:110} ERROR - Failed to execute job 24 for task silver_script ([Errno 13] Permission denied: 'spark_submit'; 572)
[2026-10-05T17:40:26.871+0000] {local_task_job_runner.py:240} INFO - Task exited with return code 1
[2026-10-05T17:40:26.899+0000] {taskinstance.py:3503} INFO - 0 downstream tasks scheduled from follow-on schedule check
[2026-10-05T17:40:26.905+0000] {local_task_job_runner.py:222} INFO - ::endgroup::
