[2026-10-05T17:40:10.686+0000] {local_task_job_runner.py:120} INFO - ::group::Pre task execution logs
[2026-10-05T17:40:10.706+0000] {taskinstance.py:2076} INFO - Dependencies all met for dep_context=non-requeueable deps ti=<TaskInstance: f1_data_analytics.silver_script manual__2026-10-05T17:39:38+00:00 [queued]>
[2026-10-05T17:40:10.711+0000] {taskinstance.py:2076} INFO - Dependencies all met for dep_context=requeueable deps ti=<TaskInstance: f1_data_analytics.silver_script manual__2026-10-05T17:39:38+00:00 [queued]>
[2026-10-05T17:40:10.711+0000] {taskinstance.py:2306} INFO - Starting attempt 2 of 4
[2026-10-05T17:40:10.720+0000] {taskinstance.py:2330} INFO - Executing <Task(_PythonDecoratedOperator): silver_script> on 2026-10-05 17:39:38+00:00
[2026-10-05T17:40:10.726+0000] {standard_task_runner.py:63} INFO - Started process 552 to run task
[2026-10-05T17:40:10.728+0000] {standard_task_runner.py:90} INFO - Running: ['airflow', 'tasks', 'run', 'f1_data_analytics', 'silver_script', 'manual__2026-10-05T17:39:38+00:00', '--job-id', '22', '--raw', '--subdir', 'DAGS_FOLDER/f1_pipeline_dag.py', '--cfg-path', '/tmp/tmpgo2s411v']
[2026-10-05T17:40:10.729+0000] {standard_task_runner.py:91} INFO - Job 22: Subtask silver_script
[2026-10-05T17:40:10.756+0000] {task_command.py:426} INFO - Running <TaskInstance: f1_data_analytics.silver_script manual__2026-10-05T17:39:38+00:00 [running]> on host 92542028ff84
[2026-10-05T17:40:10.798+0000] {taskinstance.py:2648} INFO - Exporting env vars: AIRFLOW_CTX_DAG_OWNER='airflow' AIRFLOW_CTX_DAG_ID='f1_data_analytics' AIRFLOW_CTX_TASK_ID='silver_script' AIRFLOW_CTX_EXECUTION_DATE='2026-10-05T17:39:38+00:00' AIRFLOW_CTX_TRY_NUMBER='2' AIRFLOW_CTX_DAG_RUN_ID='manual__2026-10-05T17:39:38+00:00'
[2026-10-05T17:40:10.799+0000] {taskinstance.py:430} INFO - ::endgroup::
[2026-10-05T17:40:10.799+0000] {f1_pipeline_dag.py:79} INFO - Running silver pyspark script
[2026-10-05T17:40:10.800+0000] {taskinstance.py:441} INFO - ::group::Post task execution logs
[2026-10-05T17:40:10.800+0000] {taskinstance.py:2905} ERROR - Task failed with exception
Traceback (most recent call last):
  File "/home/airflow/.local/lib/python3.11/site-packages/airflow/models/taskinstance.py", line 465, in _execute_task
    result = _execute_callable(context=context, **execute_callable_kwargs)
             ^^^^^^^^^^^^^^^^^^^^^^^^^^^^^^^^^^^^^^^^^^^^^^^^^^^^^^^^^^^^^
  File "/home/airflow/.local/lib/python3.11/site-packages/airflow/models/taskinstance.py", line 432, in _execute_callable
    return execute_callable(context=context, **execute_callable_kwargs)
           ^^^^^^^^^^^^^^^^^^^^^^^^^^^^^^^^^^^^^^^^^^^^^^^^^^^^^^^^^^^^
  File "/home/airflow/.local/lib/python3.11/site-packages/airflow/models/baseoperator.py", line 401, in wrapper
    return func(self, *args, **kwargs)
           ^^^^^^^^^^^^^^^^^^^^^^^^^^^
  File "/home/airflow/.local/lib/python3.11/site-packages/airflow/decorators/base.py", line 265, in execute
    return_value = super().execute(context)
                   ^^^^^^^^^^^^^^^^^^^^^^^^
  File "/home/airflow/.local/lib/python3.11/site-packages/airflow/models/baseoperator.py", line 401, in wrapper
    return func(self, *args, **kwargs)
           ^^^^^^^^^^^^^^^^^^^^^^^^^^^
  File "/home/airflow/.local/lib/python3.11/site-packages/airflow/operators/python.py", line 235, in execute
    return_value = self.execute_callable()
                   ^^^^^^^^^^^^^^^^^^^^^^^
  File "/home/airflow/.local/lib/python3.11/site-packages/airflow/operators/python.py", line 252, in execute_callable
    return self.python_callable(*self.op_args, **self.op_kwargs)
           ^^^^^^^^^^^^^^^^^^^^^^^^^^^^^^^^^^^^^^^^^^^^^^^^^^^^^
  File "/opt/airflow/dags/f1_pipeline_dag.py", line 82, in silver_script
    result = subprocess.run([
             ^^^^^^^^^^^^^^^^
  File "/usr/local/lib/python3.11/subprocess.py", line 548, in run
    with Popen(*popenargs, **kwargs) as process:
         ^^^^^^^^^^^^^^^^^^^^^^^^^^^
  File "/usr/local/lib/python3.11/subprocess.py", line 1026, in __init__
    self._execute_child(args, executable, preexec_fn, close_fds,
  File "/usr/local/lib/python3.11/subprocess.py", line 1955, in _execute_child
    raise child_exception_type(errno_num, err_msg, err_filename)
PermissionError: [Errno 13] Permission denied: 'spark_submit'
[2026-10-05T17:40:10.805+0000] {taskinstance.py:1206} INFO - Marking task as UP_FOR_RETRY. dag_id=f1_data_analytics, task_id=silver_script, run_id=manual__2026-10-05T17:39:38+00:00, execution_date=20261005T173938, start_date=20261005T174010, end_date=20261005T174010
[2026-10-05T17:40:10.811+0000] {standard_task_runner.py:110} ERROR - Failed to execute job 22 for task silver_script ([Errno 13] Permission denied: 'spark_submit'; 552)
[2026-10-05T17:40:10.820+0000] {local_task_job_runner.py:240} INFO - Task exited with return code 1
[2026-10-05T17:40:10.834+0000] {taskinstance.py:3503} INFO - 0 downstream tasks scheduled from follow-on schedule check
[2026-10-05T17:40:10.835+0000] {local_task_job_runner.py:222} INFO - ::endgroup::
