[2026-10-05T19:02:10.292+0000] {local_task_job_runner.py:120} INFO - ::group::Pre task execution logs
[2026-10-05T19:02:10.311+0000] {taskinstance.py:2076} INFO - Dependencies all met for dep_context=non-requeueable deps ti=<TaskInstance: f1_data_analytics.fetching manual__2026-10-05T19:02:00+00:00 [queued]>
[2026-10-05T19:02:10.315+0000] {taskinstance.py:2076} INFO - Dependencies all met for dep_context=requeueable deps ti=<TaskInstance: f1_data_analytics.fetching manual__2026-10-05T19:02:00+00:00 [queued]>
[2026-10-05T19:02:10.315+0000] {taskinstance.py:2306} INFO - Starting attempt 1 of 1
[2026-10-05T19:02:10.324+0000] {taskinstance.py:2330} INFO - Executing <Task(BashOperator): fetching> on 2026-10-05 19:02:00+00:00
[2026-10-05T19:02:10.330+0000] {standard_task_runner.py:63} INFO - Started process 949 to run task
[2026-10-05T19:02:10.332+0000] {standard_task_runner.py:90} INFO - Running: ['airflow', 'tasks', 'run', 'f1_data_analytics', 'fetching', 'manual__2026-10-05T19:02:00+00:00', '--job-id', '12', '--raw', '--subdir', 'DAGS_FOLDER/f1_pipeline_dag.py', '--cfg-path', '/tmp/tmpyrubzb2c']
[2026-10-05T19:02:10.333+0000] {standard_task_runner.py:91} INFO - Job 12: Subtask fetching
[2026-10-05T19:02:10.361+0000] {task_command.py:426} INFO - Running <TaskInstance: f1_data_analytics.fetching manual__2026-10-05T19:02:00+00:00 [running]> on host 5314212cbeb0
[2026-10-05T19:02:10.423+0000] {taskinstance.py:2648} INFO - Exporting env vars: AIRFLOW_CTX_DAG_OWNER='airflow' AIRFLOW_CTX_DAG_ID='f1_data_analytics' AIRFLOW_CTX_TASK_ID='fetching' AIRFLOW_CTX_EXECUTION_DATE='2026-10-05T19:02:00+00:00' AIRFLOW_CTX_TRY_NUMBER='1' AIRFLOW_CTX_DAG_RUN_ID='manual__2026-10-05T19:02:00+00:00'
[2026-10-05T19:02:10.423+0000] {taskinstance.py:430} INFO - ::endgroup::
[2026-10-05T19:02:10.424+0000] {subprocess.py:63} INFO - Tmp dir root location: /tmp
[2026-10-05T19:02:10.424+0000] {subprocess.py:75} INFO - Running command: ['/usr/bin/bash', '-c', "python /opt/airflow/scripts/fetch_f1_data.py --year 2023 --track 'Monza'"]
[2026-10-05T19:02:10.435+0000] {subprocess.py:86} INFO - Output:
[2026-10-05T19:02:11.618+0000] {subprocess.py:93} INFO - Traceback (most recent call last):
[2026-10-05T19:02:11.618+0000] {subprocess.py:93} INFO -   File "/opt/airflow/scripts/fetch_f1_data.py", line 2, in <module>
[2026-10-05T19:02:11.618+0000] {subprocess.py:93} INFO -     import artrackarse
[2026-10-05T19:02:11.618+0000] {subprocess.py:93} INFO - ModuleNotFoundError: No module named 'artrackarse'
[2026-10-05T19:02:11.741+0000] {subprocess.py:97} INFO - Command exited with return code 1
[2026-10-05T19:02:11.741+0000] {taskinstance.py:441} INFO - ::group::Post task execution logs
[2026-10-05T19:02:11.747+0000] {taskinstance.py:2905} ERROR - Task failed with exception
Traceback (most recent call last):
  File "/home/airflow/.local/lib/python3.11/site-packages/airflow/models/taskinstance.py", line 465, in _execute_task
    result = _execute_callable(context=context, **execute_callable_kwargs)
             ^^^^^^^^^^^^^^^^^^^^^^^^^^^^^^^^^^^^^^^^^^^^^^^^^^^^^^^^^^^^^
  File "/home/airflow/.local/lib/python3.11/site-packages/airflow/models/taskinstance.py", line 432, in _execute_callable
    return execute_callable(context=context, **execute_callable_kwargs)
           ^^^^^^^^^^^^^^^^^^^^^^^^^^^^^^^^^^^^^^^^^^^^^^^^^^^^^^^^^^^^
  File "/home/airflow/.local/lib/python3.11/site-packages/airflow/models/baseoperator.py", line 401, in wrapper
    return func(self, *args, **kwargs)
           ^^^^^^^^^^^^^^^^^^^^^^^^^^^
  File "/home/airflow/.local/lib/python3.11/site-packages/airflow/operators/bash.py", line 243, in execute
    raise AirflowException(
airflow.exceptions.AirflowException: Bash command failed. The command returned a non-zero exit code 1.
[2026-10-05T19:02:11.749+0000] {taskinstance.py:1206} INFO - Marking task as FAILED. dag_id=f1_data_analytics, task_id=fetching, run_id=manual__2026-10-05T19:02:00+00:00, execution_date=20261005T190200, start_date=20261005T190210, end_date=20261005T190211
[2026-10-05T19:02:11.758+0000] {standard_task_runner.py:110} ERROR - Failed to execute job 12 for task fetching (Bash command failed. The command returned a non-zero exit code 1.; 949)
[2026-10-05T19:02:11.787+0000] {local_task_job_runner.py:240} INFO - Task exited with return code 1
[2026-10-05T19:02:11.805+0000] {logging_mixin.py:188} WARNING - /home/airflow/.local/lib/python3.11/site-packages/airflow/models/baseoperator.py:1297 AirflowProviderDeprecationWarning: Call to deprecated class PostgresOperator. (Please use `airflow.providers.common.sql.operators.sql.SQLExecuteQueryOperator`.Also, you can provide `hook_params={'schema': <database>}`.)
[2026-10-05T19:02:11.824+0000] {taskinstance.py:3503} INFO - 0 downstream tasks scheduled from follow-on schedule check
[2026-10-05T19:02:11.829+0000] {local_task_job_runner.py:222} INFO - ::endgroup::
