[2026-10-05T19:06:48.491+0000] {local_task_job_runner.py:120} INFO - ::group::Pre task execution logs
[2026-10-05T19:06:48.509+0000] {taskinstance.py:2076} INFO - Dependencies all met for dep_context=non-requeueable deps ti=<TaskInstance: f1_data_analytics.fetching manual__2026-10-05T19:06:39+00:00 [queued]>
[2026-10-05T19:06:48.514+0000] {taskinstance.py:2076} INFO - Dependencies all met for dep_context=requeueable deps ti=<TaskInstance: f1_data_analytics.fetching manual__2026-10-05T19:06:39+00:00 [queued]>
[2026-10-05T19:06:48.514+0000] {taskinstance.py:2306} INFO - Starting attempt 1 of 1
[2026-10-05T19:06:48.523+0000] {taskinstance.py:2330} INFO - Executing <Task(BashOperator): fetching> on 2026-10-05 19:06:39+00:00
[2026-10-05T19:06:48.528+0000] {standard_task_runner.py:63} INFO - Started process 1014 to run task
[2026-10-05T19:06:48.530+0000] {standard_task_runner.py:90} INFO - Running: ['airflow', 'tasks', 'run', 'f1_data_analytics', 'fetching', 'manual__2026-10-05T19:06:39+00:00', '--job-id', '16', '--raw', '--subdir', 'DAGS_FOLDER/f1_pipeline_dag.py', '--cfg-path', '/tmp/tmpaizoluxz']
[2026-10-05T19:06:48.531+0000] {standard_task_runner.py:91} INFO - Job 16: Subtask fetching
[2026-10-05T19:06:48.563+0000] {task_command.py:426} INFO - Running <TaskInstance: f1_data_analytics.fetching manual__2026-10-05T19:06:39+00:00 [running]> on host 5314212cbeb0
[2026-10-05T19:06:48.632+0000] {taskinstance.py:2648} INFO - Exporting env vars: AIRFLOW_CTX_DAG_OWNER='airflow' AIRFLOW_CTX_DAG_ID='f1_data_analytics' AIRFLOW_CTX_TASK_ID='fetching' AIRFLOW_CTX_EXECUTION_DATE='2026-10-05T19:06:39+00:00' AIRFLOW_CTX_TRY_NUMBER='1' AIRFLOW_CTX_DAG_RUN_ID='manual__2026-10-05T19:06:39+00:00'
[2026-10-05T19:06:48.633+0000] {taskinstance.py:430} INFO - ::endgroup::
[2026-10-05T19:06:48.633+0000] {subprocess.py:63} INFO - Tmp dir root location: /tmp
[2026-10-05T19:06:48.634+0000] {subprocess.py:75} INFO - Running command: ['/usr/bin/bash', '-c', "python /opt/airflow/scripts/fetch_f1_data.py --year 2023 --track 'Monza'"]
[2026-10-05T19:06:48.643+0000] {subprocess.py:86} INFO - Output:
[2026-10-05T19:06:49.836+0000] {subprocess.py:93} INFO - Fetching data for 2023 Monza...
[2026-10-05T19:06:49.837+0000] {subprocess.py:93} INFO - Traceback (most recent call last):
[2026-10-05T19:06:49.837+0000] {subprocess.py:93} INFO -   File "/opt/airflow/scripts/fetch_f1_data.py", line 20, in <module>
[2026-10-05T19:06:49.837+0000] {subprocess.py:93} INFO -     winner = session.results.loc[session.results['Position'] == 1, 'DriverNumber'].values[0]
[2026-10-05T19:06:49.837+0000] {subprocess.py:93} INFO -              ^^^^^^^^^^^^^^^
[2026-10-05T19:06:49.837+0000] {subprocess.py:93} INFO -   File "/home/airflow/.local/lib/python3.11/site-packages/fastf1/core.py", line 1264, in results
[2026-10-05T19:06:49.838+0000] {subprocess.py:93} INFO -     return self._get_property_warn_not_loaded('_results')
[2026-10-05T19:06:49.838+0000] {subprocess.py:93} INFO -            ^^^^^^^^^^^^^^^^^^^^^^^^^^^^^^^^^^^^^^^^^^^^^^
[2026-10-05T19:06:49.838+0000] {subprocess.py:93} INFO -   File "/home/airflow/.local/lib/python3.11/site-packages/fastf1/core.py", line 1231, in _get_property_warn_not_loaded
[2026-10-05T19:06:49.838+0000] {subprocess.py:93} INFO -     raise exceptions.DataNotLoadedError(
[2026-10-05T19:06:49.838+0000] {subprocess.py:93} INFO - fastf1.exceptions.DataNotLoadedError: The data you are trying to access has not been loaded yet. See `Session.load`
[2026-10-05T19:06:49.967+0000] {subprocess.py:97} INFO - Command exited with return code 1
[2026-10-05T19:06:49.967+0000] {taskinstance.py:441} INFO - ::group::Post task execution logs
[2026-10-05T19:06:49.972+0000] {taskinstance.py:2905} ERROR - Task failed with exception
Traceback (most recent call last):
  File "/home/airflow/.local/lib/python3.11/site-packages/airflow/models/taskinstance.py", line 465, in _execute_task
    result = _execute_callable(context=context, **execute_callable_kwargs)
             ^^^^^^^^^^^^^^^^^^^^^^^^^^^^^^^^^^^^^^^^^^^^^^^^^^^^^^^^^^^^^
  File "/home/airflow/.local/lib/python3.11/site-packages/airflow/models/taskinstance.py", line 432, in _execute_callable
    return execute_callable(context=context, **execute_callable_kwargs)
           ^^^^^^^^^^^^^^^^^^^^^^^^^^^^^^^^^^^^^^^^^^^^^^^^^^^^^^^^^^^^
  File "/home/airflow/.local/lib/python3.11/site-packages/airflow/models/baseoperator.py", line 401, in wrapper
    return func(self, *args, **kwargs)
           ^^^^^^^^^^^^^^^^^^^^^^^^^^^
  File "/home/airflow/.local/lib/python3.11/site-packages/airflow/operators/bash.py", line 243, in execute
    raise AirflowException(
airflow.exceptions.AirflowException: Bash command failed. The command returned a non-zero exit code 1.
[2026-10-05T19:06:49.975+0000] {taskinstance.py:1206} INFO - Marking task as FAILED. dag_id=f1_data_analytics, task_id=fetching, run_id=manual__2026-10-05T19:06:39+00:00, execution_date=20261005T190639, start_date=20261005T190648, end_date=20261005T190649
[2026-10-05T19:06:49.983+0000] {standard_task_runner.py:110} ERROR - Failed to execute job 16 for task fetching (Bash command failed. The command returned a non-zero exit code 1.; 1014)
[2026-10-05T19:06:50.026+0000] {local_task_job_runner.py:240} INFO - Task exited with return code 1
[2026-10-05T19:06:50.044+0000] {logging_mixin.py:188} WARNING - /home/airflow/.local/lib/python3.11/site-packages/airflow/models/baseoperator.py:1297 AirflowProviderDeprecationWarning: Call to deprecated class PostgresOperator. (Please use `airflow.providers.common.sql.operators.sql.SQLExecuteQueryOperator`.Also, you can provide `hook_params={'schema': <database>}`.)
[2026-10-05T19:06:50.063+0000] {taskinstance.py:3503} INFO - 0 downstream tasks scheduled from follow-on schedule check
[2026-10-05T19:06:50.069+0000] {local_task_job_runner.py:222} INFO - ::endgroup::
