[2026-10-05T17:43:22.247+0000] {local_task_job_runner.py:120} INFO - ::group::Pre task execution logs
[2026-10-05T17:43:22.267+0000] {taskinstance.py:2076} INFO - Dependencies all met for dep_context=non-requeueable deps ti=<TaskInstance: f1_data_analytics.wait_for_data_sensor manual__2026-10-05T17:42:29+00:00 [queued]>
[2026-10-05T17:43:22.272+0000] {taskinstance.py:2076} INFO - Dependencies all met for dep_context=requeueable deps ti=<TaskInstance: f1_data_analytics.wait_for_data_sensor manual__2026-10-05T17:42:29+00:00 [queued]>
[2026-10-05T17:43:22.272+0000] {taskinstance.py:2306} INFO - Starting attempt 1 of 1
[2026-10-05T17:43:22.282+0000] {taskinstance.py:2330} INFO - Executing <Task(FileSensor): wait_for_data_sensor> on 2026-10-05 17:42:29+00:00
[2026-10-05T17:43:22.287+0000] {standard_task_runner.py:63} INFO - Started process 967 to run task
[2026-10-05T17:43:22.289+0000] {standard_task_runner.py:90} INFO - Running: ['airflow', 'tasks', 'run', 'f1_data_analytics', 'wait_for_data_sensor', 'manual__2026-10-05T17:42:29+00:00', '--job-id', '28', '--raw', '--subdir', 'DAGS_FOLDER/f1_pipeline_dag.py', '--cfg-path', '/tmp/tmphed3zfpr']
[2026-10-05T17:43:22.291+0000] {standard_task_runner.py:91} INFO - Job 28: Subtask wait_for_data_sensor
[2026-10-05T17:43:22.322+0000] {task_command.py:426} INFO - Running <TaskInstance: f1_data_analytics.wait_for_data_sensor manual__2026-10-05T17:42:29+00:00 [running]> on host 92542028ff84
[2026-10-05T17:43:22.378+0000] {taskinstance.py:2648} INFO - Exporting env vars: AIRFLOW_CTX_DAG_OWNER='airflow' AIRFLOW_CTX_DAG_ID='f1_data_analytics' AIRFLOW_CTX_TASK_ID='wait_for_data_sensor' AIRFLOW_CTX_EXECUTION_DATE='2026-10-05T17:42:29+00:00' AIRFLOW_CTX_TRY_NUMBER='1' AIRFLOW_CTX_DAG_RUN_ID='manual__2026-10-05T17:42:29+00:00'
[2026-10-05T17:43:22.378+0000] {taskinstance.py:430} INFO - ::endgroup::
[2026-10-05T17:43:22.379+0000] {baseoperator.py:400} WARNING - FileSensor.execute cannot be called outside TaskInstance!
[2026-10-05T17:43:22.382+0000] {base.py:84} INFO - Using connection ID 'fs_default' for task execution.
[2026-10-05T17:43:22.383+0000] {filesystem.py:85} INFO - Poking for file /opt/airflow/data/silver/silver_telemetry/_SUCCESS
[2026-10-05T17:43:52.383+0000] {filesystem.py:85} INFO - Poking for file /opt/airflow/data/silver/silver_telemetry/_SUCCESS
[2026-10-05T17:44:22.384+0000] {filesystem.py:85} INFO - Poking for file /opt/airflow/data/silver/silver_telemetry/_SUCCESS
[2026-10-05T17:44:52.385+0000] {filesystem.py:85} INFO - Poking for file /opt/airflow/data/silver/silver_telemetry/_SUCCESS
[2026-10-05T17:45:22.386+0000] {filesystem.py:85} INFO - Poking for file /opt/airflow/data/silver/silver_telemetry/_SUCCESS
[2026-10-05T17:45:52.386+0000] {filesystem.py:85} INFO - Poking for file /opt/airflow/data/silver/silver_telemetry/_SUCCESS
[2026-10-05T17:46:22.387+0000] {filesystem.py:85} INFO - Poking for file /opt/airflow/data/silver/silver_telemetry/_SUCCESS
[2026-10-05T17:46:52.388+0000] {filesystem.py:85} INFO - Poking for file /opt/airflow/data/silver/silver_telemetry/_SUCCESS
[2026-10-05T17:47:22.389+0000] {filesystem.py:85} INFO - Poking for file /opt/airflow/data/silver/silver_telemetry/_SUCCESS
[2026-10-05T17:47:52.389+0000] {filesystem.py:85} INFO - Poking for file /opt/airflow/data/silver/silver_telemetry/_SUCCESS
[2026-10-05T17:48:22.390+0000] {filesystem.py:85} INFO - Poking for file /opt/airflow/data/silver/silver_telemetry/_SUCCESS
[2026-10-05T17:48:52.391+0000] {filesystem.py:85} INFO - Poking for file /opt/airflow/data/silver/silver_telemetry/_SUCCESS
[2026-10-05T17:49:22.392+0000] {filesystem.py:85} INFO - Poking for file /opt/airflow/data/silver/silver_telemetry/_SUCCESS
[2026-10-05T17:49:45.734+0000] {local_task_job_runner.py:310} WARNING - State of this instance has been externally set to None. Terminating instance.
[2026-10-05T17:49:45.734+0000] {local_task_job_runner.py:222} INFO - ::endgroup::
[2026-10-05T17:49:45.736+0000] {process_utils.py:132} INFO - Sending 15 to group 967. PIDs of all processes in the group: [967]
[2026-10-05T17:49:45.737+0000] {process_utils.py:87} INFO - Sending the signal 15 to group 967
[2026-10-05T17:49:45.737+0000] {taskinstance.py:2611} ERROR - Received SIGTERM. Terminating subprocesses.
[2026-10-05T17:49:45.738+0000] {taskinstance.py:441} INFO - ::group::Post task execution logs
[2026-10-05T17:49:45.744+0000] {taskinstance.py:2905} ERROR - Task failed with exception
Traceback (most recent call last):
  File "/home/airflow/.local/lib/python3.11/site-packages/airflow/models/taskinstance.py", line 465, in _execute_task
    result = _execute_callable(context=context, **execute_callable_kwargs)
             ^^^^^^^^^^^^^^^^^^^^^^^^^^^^^^^^^^^^^^^^^^^^^^^^^^^^^^^^^^^^^
  File "/home/airflow/.local/lib/python3.11/site-packages/airflow/models/taskinstance.py", line 432, in _execute_callable
    return execute_callable(context=context, **execute_callable_kwargs)
           ^^^^^^^^^^^^^^^^^^^^^^^^^^^^^^^^^^^^^^^^^^^^^^^^^^^^^^^^^^^^
  File "/home/airflow/.local/lib/python3.11/site-packages/airflow/models/baseoperator.py", line 401, in wrapper
    return func(self, *args, **kwargs)
           ^^^^^^^^^^^^^^^^^^^^^^^^^^^
  File "/home/airflow/.local/lib/python3.11/site-packages/airflow/sensors/filesystem.py", line 99, in execute
    super().execute(context=context)
  File "/home/airflow/.local/lib/python3.11/site-packages/airflow/models/baseoperator.py", line 401, in wrapper
    return func(self, *args, **kwargs)
           ^^^^^^^^^^^^^^^^^^^^^^^^^^^
  File "/home/airflow/.local/lib/python3.11/site-packages/airflow/sensors/base.py", line 292, in execute
    time.sleep(self._get_next_poke_interval(started_at, run_duration, try_number))
  File "/home/airflow/.local/lib/python3.11/site-packages/airflow/models/taskinstance.py", line 2613, in signal_handler
    raise AirflowTaskTerminated("Task received SIGTERM signal")
airflow.exceptions.AirflowTaskTerminated: Task received SIGTERM signal
[2026-10-05T17:49:45.749+0000] {taskinstance.py:1206} INFO - Marking task as FAILED. dag_id=f1_data_analytics, task_id=wait_for_data_sensor, run_id=manual__2026-10-05T17:42:29+00:00, execution_date=20261005T174229, start_date=20261005T174322, end_date=20261005T174945
[2026-10-05T17:49:45.789+0000] {process_utils.py:80} INFO - Process psutil.Process(pid=967, status='terminated', exitcode=2, started='17:43:21') (967) terminated with exit code 2
