[2026-10-05T12:42:01.558+0000] {local_task_job_runner.py:120} INFO - ::group::Pre task execution logs
[2026-10-05T12:42:01.598+0000] {taskinstance.py:2076} INFO - Dependencies all met for dep_context=non-requeueable deps ti=<TaskInstance: f1_data_analytics.fetching manual__2026-10-05T12:41:46+00:00 [queued]>
[2026-10-05T12:42:01.607+0000] {taskinstance.py:2076} INFO - Dependencies all met for dep_context=requeueable deps ti=<TaskInstance: f1_data_analytics.fetching manual__2026-10-05T12:41:46+00:00 [queued]>
[2026-10-05T12:42:01.607+0000] {taskinstance.py:2306} INFO - Starting attempt 1 of 1
[2026-10-05T12:42:01.623+0000] {taskinstance.py:2330} INFO - Executing <Task(BashOperator): fetching> on 2026-10-05 12:41:46+00:00
[2026-10-05T12:42:01.630+0000] {standard_task_runner.py:63} INFO - Started process 155 to run task
[2026-10-05T12:42:01.634+0000] {standard_task_runner.py:90} INFO - Running: ['airflow', 'tasks', 'run', 'f1_data_analytics', 'fetching', 'manual__2026-10-05T12:41:46+00:00', '--job-id', '8', '--raw', '--subdir', 'DAGS_FOLDER/f1_pipeline_dag.py', '--cfg-path', '/tmp/tmpfua9py91']
[2026-10-05T12:42:01.637+0000] {standard_task_runner.py:91} INFO - Job 8: Subtask fetching
[2026-10-05T12:42:01.688+0000] {task_command.py:426} INFO - Running <TaskInstance: f1_data_analytics.fetching manual__2026-10-05T12:41:46+00:00 [running]> on host 92542028ff84
[2026-10-05T12:42:01.782+0000] {taskinstance.py:2648} INFO - Exporting env vars: AIRFLOW_CTX_DAG_OWNER='airflow' AIRFLOW_CTX_DAG_ID='f1_data_analytics' AIRFLOW_CTX_TASK_ID='fetching' AIRFLOW_CTX_EXECUTION_DATE='2026-10-05T12:41:46+00:00' AIRFLOW_CTX_TRY_NUMBER='1' AIRFLOW_CTX_DAG_RUN_ID='manual__2026-10-05T12:41:46+00:00'
[2026-10-05T12:42:01.784+0000] {taskinstance.py:430} INFO - ::endgroup::
[2026-10-05T12:42:01.785+0000] {subprocess.py:63} INFO - Tmp dir root location: /tmp
[2026-10-05T12:42:01.785+0000] {subprocess.py:75} INFO - Running command: ['/usr/bin/bash', '-c', "python /opt/airflow/scripts/fetch_f1_data.py --year 2023 --gp 'Monza'"]
[2026-10-05T12:42:01.798+0000] {subprocess.py:86} INFO - Output:
[2026-10-05T12:42:04.340+0000] {subprocess.py:93} INFO - core           INFO 	Loading data for Italian Grand Prix - Race [v3.8.3]
[2026-10-05T12:42:04.340+0000] {subprocess.py:93} INFO - req            INFO 	No cached data found for session_info. Loading data...
[2026-10-05T12:42:04.341+0000] {subprocess.py:93} INFO - _api           INFO 	Fetching session info data...
[2026-10-05T12:42:04.556+0000] {subprocess.py:93} INFO - req            INFO 	Data has been written to cache!
[2026-10-05T12:42:04.556+0000] {subprocess.py:93} INFO - req            INFO 	No cached data found for driver_info. Loading data...
[2026-10-05T12:42:04.557+0000] {subprocess.py:93} INFO - _api           INFO 	Fetching driver list...
[2026-10-05T12:42:04.778+0000] {subprocess.py:93} INFO - req            INFO 	Data has been written to cache!
[2026-10-05T12:42:05.218+0000] {subprocess.py:93} INFO - req            INFO 	No cached data found for session_status_data. Loading data...
[2026-10-05T12:42:05.218+0000] {subprocess.py:93} INFO - _api           INFO 	Fetching session status data...
[2026-10-05T12:42:05.332+0000] {subprocess.py:93} INFO - req            INFO 	Data has been written to cache!
[2026-10-05T12:42:05.333+0000] {subprocess.py:93} INFO - req            INFO 	No cached data found for lap_count. Loading data...
[2026-10-05T12:42:05.333+0000] {subprocess.py:93} INFO - _api           INFO 	Fetching lap count data...
[2026-10-05T12:42:05.593+0000] {subprocess.py:93} INFO - req            INFO 	Data has been written to cache!
[2026-10-05T12:42:05.593+0000] {subprocess.py:93} INFO - req            INFO 	No cached data found for track_status_data. Loading data...
[2026-10-05T12:42:05.593+0000] {subprocess.py:93} INFO - _api           INFO 	Fetching track status data...
[2026-10-05T12:42:05.839+0000] {subprocess.py:93} INFO - req            INFO 	Data has been written to cache!
[2026-10-05T12:42:05.840+0000] {subprocess.py:93} INFO - req            INFO 	No cached data found for _extended_timing_data. Loading data...
[2026-10-05T12:42:05.840+0000] {subprocess.py:93} INFO - _api           INFO 	Fetching timing data...
[2026-10-05T12:42:07.203+0000] {subprocess.py:93} INFO - _api           INFO 	Parsing timing data...
[2026-10-05T12:42:09.529+0000] {subprocess.py:93} INFO - req            INFO 	Data has been written to cache!
[2026-10-05T12:42:09.530+0000] {subprocess.py:93} INFO - req            INFO 	No cached data found for timing_app_data. Loading data...
[2026-10-05T12:42:09.530+0000] {subprocess.py:93} INFO - _api           INFO 	Fetching timing app data...
[2026-10-05T12:42:09.715+0000] {subprocess.py:93} INFO - req            INFO 	Data has been written to cache!
[2026-10-05T12:42:09.716+0000] {subprocess.py:93} INFO - core           INFO 	Processing timing data...
[2026-10-05T12:42:11.502+0000] {subprocess.py:93} INFO - core        WARNING 	Failed to perform lap accuracy check - all laps marked as inaccurate (driver 22)
[2026-10-05T12:42:11.687+0000] {subprocess.py:93} INFO - core        WARNING 	Driver 1 completed the race distance 06:25.888000 before the recorded end of the session.
[2026-10-05T12:42:11.691+0000] {subprocess.py:93} INFO - core        WARNING 	Driver 11 completed the race distance 06:19.824000 before the recorded end of the session.
[2026-10-05T12:42:11.695+0000] {subprocess.py:93} INFO - core        WARNING 	Driver 55 completed the race distance 06:14.695000 before the recorded end of the session.
[2026-10-05T12:42:11.699+0000] {subprocess.py:93} INFO - core        WARNING 	Driver 16 completed the race distance 06:14.511000 before the recorded end of the session.
[2026-10-05T12:42:11.702+0000] {subprocess.py:93} INFO - core        WARNING 	Driver 63 completed the race distance 06:07.860000 before the recorded end of the session.
[2026-10-05T12:42:11.707+0000] {subprocess.py:93} INFO - core        WARNING 	Driver 44 completed the race distance 05:48.209000 before the recorded end of the session.
[2026-10-05T12:42:11.711+0000] {subprocess.py:93} INFO - core        WARNING 	Driver 23 completed the race distance 05:40.782000 before the recorded end of the session.
[2026-10-05T12:42:11.716+0000] {subprocess.py:93} INFO - core        WARNING 	Driver 4 completed the race distance 05:40.439000 before the recorded end of the session.
[2026-10-05T12:42:11.721+0000] {subprocess.py:93} INFO - core        WARNING 	Driver 14 completed the race distance 05:39.594000 before the recorded end of the session.
[2026-10-05T12:42:11.898+0000] {subprocess.py:93} INFO - req            INFO 	No cached data found for car_data. Loading data...
[2026-10-05T12:42:11.899+0000] {subprocess.py:93} INFO - _api           INFO 	Fetching car data...
[2026-10-05T12:42:12.271+0000] {subprocess.py:93} INFO - _api           INFO 	Parsing car data...
[2026-10-05T12:42:24.825+0000] {subprocess.py:93} INFO - req            INFO 	Data has been written to cache!
[2026-10-05T12:42:24.825+0000] {subprocess.py:93} INFO - req            INFO 	No cached data found for position_data. Loading data...
[2026-10-05T12:42:24.825+0000] {subprocess.py:93} INFO - _api           INFO 	Fetching position data...
[2026-10-05T12:42:25.226+0000] {subprocess.py:93} INFO - _api           INFO 	Parsing position data...
[2026-10-05T12:42:38.209+0000] {subprocess.py:93} INFO - req            INFO 	Data has been written to cache!
[2026-10-05T12:42:42.388+0000] {subprocess.py:93} INFO - req            INFO 	No cached data found for weather_data. Loading data...
[2026-10-05T12:42:42.388+0000] {subprocess.py:93} INFO - _api           INFO 	Fetching weather data...
[2026-10-05T12:42:42.598+0000] {subprocess.py:93} INFO - req            INFO 	Data has been written to cache!
[2026-10-05T12:42:42.600+0000] {subprocess.py:93} INFO - req            INFO 	No cached data found for race_control_messages. Loading data...
[2026-10-05T12:42:42.601+0000] {subprocess.py:93} INFO - _api           INFO 	Fetching race control messages...
[2026-10-05T12:42:42.857+0000] {subprocess.py:93} INFO - req            INFO 	Data has been written to cache!
[2026-10-05T12:42:42.903+0000] {subprocess.py:93} INFO - core           INFO 	Finished loading data for 20 drivers: ['1', '11', '55', '16', '63', '44', '23', '4', '14', '77', '40', '81', '2', '24', '10', '18', '27', '20', '31', '22']
[2026-10-05T12:43:04.941+0000] {subprocess.py:93} INFO - Fetching data for 2023 Monza...
[2026-10-05T12:43:04.942+0000] {subprocess.py:93} INFO - Extracting telemetry for all drivers (this might take a minute)...
[2026-10-05T12:43:05.409+0000] {subprocess.py:97} INFO - Command exited with return code 0
[2026-10-05T12:43:05.410+0000] {taskinstance.py:441} INFO - ::group::Post task execution logs
[2026-10-05T12:43:05.431+0000] {taskinstance.py:1206} INFO - Marking task as SUCCESS. dag_id=f1_data_analytics, task_id=fetching, run_id=manual__2026-10-05T12:41:46+00:00, execution_date=20261005T124146, start_date=20261005T124201, end_date=20261005T124305
[2026-10-05T12:43:05.468+0000] {local_task_job_runner.py:240} INFO - Task exited with return code 0
[2026-10-05T12:43:05.480+0000] {logging_mixin.py:188} WARNING - /home/airflow/.local/lib/python3.11/site-packages/airflow/models/baseoperator.py:1297 AirflowProviderDeprecationWarning: Call to deprecated class PostgresOperator. (Please use `airflow.providers.common.sql.operators.sql.SQLExecuteQueryOperator`.Also, you can provide `hook_params={'schema': <database>}`.)
[2026-10-05T12:43:05.499+0000] {taskinstance.py:3503} INFO - 1 downstream tasks scheduled from follow-on schedule check
[2026-10-05T12:43:05.502+0000] {local_task_job_runner.py:222} INFO - ::endgroup::
