[2026-10-05T20:08:41.118+0000] {local_task_job_runner.py:120} INFO - ::group::Pre task execution logs
[2026-10-05T20:08:41.137+0000] {taskinstance.py:2076} INFO - Dependencies all met for dep_context=non-requeueable deps ti=<TaskInstance: f1_data_analytics.fetching manual__2026-10-05T20:08:19+00:00 [queued]>
[2026-10-05T20:08:41.141+0000] {taskinstance.py:2076} INFO - Dependencies all met for dep_context=requeueable deps ti=<TaskInstance: f1_data_analytics.fetching manual__2026-10-05T20:08:19+00:00 [queued]>
[2026-10-05T20:08:41.142+0000] {taskinstance.py:2306} INFO - Starting attempt 1 of 1
[2026-10-05T20:08:41.150+0000] {taskinstance.py:2330} INFO - Executing <Task(BashOperator): fetching> on 2026-10-05 20:08:19+00:00
[2026-10-05T20:08:41.156+0000] {standard_task_runner.py:63} INFO - Started process 4422 to run task
[2026-10-05T20:08:41.158+0000] {standard_task_runner.py:90} INFO - Running: ['airflow', 'tasks', 'run', 'f1_data_analytics', 'fetching', 'manual__2026-10-05T20:08:19+00:00', '--job-id', '50', '--raw', '--subdir', 'DAGS_FOLDER/f1_pipeline_dag.py', '--cfg-path', '/tmp/tmps4infyuo']
[2026-10-05T20:08:41.159+0000] {standard_task_runner.py:91} INFO - Job 50: Subtask fetching
[2026-10-05T20:08:41.183+0000] {task_command.py:426} INFO - Running <TaskInstance: f1_data_analytics.fetching manual__2026-10-05T20:08:19+00:00 [running]> on host 5314212cbeb0
[2026-10-05T20:08:41.230+0000] {taskinstance.py:2648} INFO - Exporting env vars: AIRFLOW_CTX_DAG_OWNER='airflow' AIRFLOW_CTX_DAG_ID='f1_data_analytics' AIRFLOW_CTX_TASK_ID='fetching' AIRFLOW_CTX_EXECUTION_DATE='2026-10-05T20:08:19+00:00' AIRFLOW_CTX_TRY_NUMBER='1' AIRFLOW_CTX_DAG_RUN_ID='manual__2026-10-05T20:08:19+00:00'
[2026-10-05T20:08:41.230+0000] {taskinstance.py:430} INFO - ::endgroup::
[2026-10-05T20:08:41.231+0000] {subprocess.py:63} INFO - Tmp dir root location: /tmp
[2026-10-05T20:08:41.231+0000] {subprocess.py:75} INFO - Running command: ['/usr/bin/bash', '-c', "python /opt/airflow/scripts/fetch_f1_data.py --year 2026 --track 'Silverstone'"]
[2026-10-05T20:08:41.241+0000] {subprocess.py:86} INFO - Output:
[2026-10-05T20:08:42.633+0000] {subprocess.py:93} INFO - core           INFO 	Loading data for British Grand Prix - Race [v3.8.3]
[2026-10-05T20:08:42.633+0000] {subprocess.py:93} INFO - req            INFO 	Using cached data for session_info
[2026-10-05T20:08:42.634+0000] {subprocess.py:93} INFO - req            INFO 	Using cached data for driver_info
[2026-10-05T20:08:43.039+0000] {subprocess.py:93} INFO - req            INFO 	Using cached data for session_status_data
[2026-10-05T20:08:43.040+0000] {subprocess.py:93} INFO - req            INFO 	Using cached data for lap_count
[2026-10-05T20:08:43.040+0000] {subprocess.py:93} INFO - req            INFO 	Using cached data for track_status_data
[2026-10-05T20:08:43.052+0000] {subprocess.py:93} INFO - req            INFO 	Using cached data for _extended_timing_data
[2026-10-05T20:08:43.053+0000] {subprocess.py:93} INFO - req            INFO 	Using cached data for timing_app_data
[2026-10-05T20:08:43.053+0000] {subprocess.py:93} INFO - core           INFO 	Processing timing data...
[2026-10-05T20:08:44.501+0000] {subprocess.py:93} INFO - req            INFO 	Using cached data for car_data
[2026-10-05T20:08:44.631+0000] {subprocess.py:93} INFO - req            INFO 	Using cached data for position_data
[2026-10-05T20:08:46.650+0000] {subprocess.py:93} INFO - req            INFO 	Using cached data for weather_data
[2026-10-05T20:08:46.651+0000] {subprocess.py:93} INFO - req            INFO 	Using cached data for race_control_messages
[2026-10-05T20:08:46.697+0000] {subprocess.py:93} INFO - core           INFO 	Finished loading data for 22 drivers: ['16', '63', '44', '1', '6', '30', '41', '5', '43', '10', '81', '87', '31', '11', '12', '77', '55', '14', '18', '3', '23', '27']
[2026-10-05T20:09:01.644+0000] {subprocess.py:93} INFO - Fetching data for 2026 Silverstone...
[2026-10-05T20:09:01.645+0000] {subprocess.py:93} INFO - Extracting telemetry for all drivers (this might take a minute)...
[2026-10-05T20:09:01.893+0000] {subprocess.py:97} INFO - Command exited with return code 0
[2026-10-05T20:09:01.893+0000] {taskinstance.py:441} INFO - ::group::Post task execution logs
[2026-10-05T20:09:01.907+0000] {taskinstance.py:1206} INFO - Marking task as SUCCESS. dag_id=f1_data_analytics, task_id=fetching, run_id=manual__2026-10-05T20:08:19+00:00, execution_date=20261005T200819, start_date=20261005T200841, end_date=20261005T200901
[2026-10-05T20:09:01.924+0000] {local_task_job_runner.py:240} INFO - Task exited with return code 0
[2026-10-05T20:09:01.931+0000] {logging_mixin.py:188} WARNING - /home/airflow/.local/lib/python3.11/site-packages/airflow/models/baseoperator.py:1297 AirflowProviderDeprecationWarning: Call to deprecated class PostgresOperator. (Please use `airflow.providers.common.sql.operators.sql.SQLExecuteQueryOperator`.Also, you can provide `hook_params={'schema': <database>}`.)
[2026-10-05T20:09:01.946+0000] {taskinstance.py:3503} INFO - 1 downstream tasks scheduled from follow-on schedule check
[2026-10-05T20:09:01.949+0000] {local_task_job_runner.py:222} INFO - ::endgroup::
