[2026-10-05T12:40:54.920+0000] {local_task_job_runner.py:120} INFO - ::group::Pre task execution logs
[2026-10-05T12:40:54.963+0000] {taskinstance.py:2076} INFO - Dependencies all met for dep_context=non-requeueable deps ti=<TaskInstance: f1_data_analytics.fetching manual__2026-10-05T12:40:39+00:00 [queued]>
[2026-10-05T12:40:54.974+0000] {taskinstance.py:2076} INFO - Dependencies all met for dep_context=requeueable deps ti=<TaskInstance: f1_data_analytics.fetching manual__2026-10-05T12:40:39+00:00 [queued]>
[2026-10-05T12:40:54.974+0000] {taskinstance.py:2306} INFO - Starting attempt 1 of 1
[2026-10-05T12:40:54.992+0000] {taskinstance.py:2330} INFO - Executing <Task(BashOperator): fetching> on 2026-10-05 12:40:39+00:00
[2026-10-05T12:40:55.000+0000] {standard_task_runner.py:63} INFO - Started process 133 to run task
[2026-10-05T12:40:55.005+0000] {standard_task_runner.py:90} INFO - Running: ['airflow', 'tasks', 'run', 'f1_data_analytics', 'fetching', 'manual__2026-10-05T12:40:39+00:00', '--job-id', '6', '--raw', '--subdir', 'DAGS_FOLDER/f1_pipeline_dag.py', '--cfg-path', '/tmp/tmpzso2gsg5']
[2026-10-05T12:40:55.008+0000] {standard_task_runner.py:91} INFO - Job 6: Subtask fetching
[2026-10-05T12:40:55.063+0000] {task_command.py:426} INFO - Running <TaskInstance: f1_data_analytics.fetching manual__2026-10-05T12:40:39+00:00 [running]> on host 92542028ff84
[2026-10-05T12:40:55.161+0000] {taskinstance.py:2648} INFO - Exporting env vars: AIRFLOW_CTX_DAG_OWNER='airflow' AIRFLOW_CTX_DAG_ID='f1_data_analytics' AIRFLOW_CTX_TASK_ID='fetching' AIRFLOW_CTX_EXECUTION_DATE='2026-10-05T12:40:39+00:00' AIRFLOW_CTX_TRY_NUMBER='1' AIRFLOW_CTX_DAG_RUN_ID='manual__2026-10-05T12:40:39+00:00'
[2026-10-05T12:40:55.163+0000] {taskinstance.py:430} INFO - ::endgroup::
[2026-10-05T12:40:55.164+0000] {subprocess.py:63} INFO - Tmp dir root location: /tmp
[2026-10-05T12:40:55.165+0000] {subprocess.py:75} INFO - Running command: ['/usr/bin/bash', '-c', "python /opt/airflow/fetch_f1_data.py --year 2023 --gp 'Monza'"]
[2026-10-05T12:40:55.180+0000] {subprocess.py:86} INFO - Output:
[2026-10-05T12:40:55.318+0000] {subprocess.py:93} INFO - python: can't open file '/opt/airflow/fetch_f1_data.py': [Errno 2] No such file or directory
[2026-10-05T12:40:55.327+0000] {subprocess.py:97} INFO - Command exited with return code 2
[2026-10-05T12:40:55.328+0000] {taskinstance.py:441} INFO - ::group::Post task execution logs
[2026-10-05T12:40:55.340+0000] {taskinstance.py:2905} ERROR - Task failed with exception
Traceback (most recent call last):
  File "/home/airflow/.local/lib/python3.11/site-packages/airflow/models/taskinstance.py", line 465, in _execute_task
    result = _execute_callable(context=context, **execute_callable_kwargs)
             ^^^^^^^^^^^^^^^^^^^^^^^^^^^^^^^^^^^^^^^^^^^^^^^^^^^^^^^^^^^^^
  File "/home/airflow/.local/lib/python3.11/site-packages/airflow/models/taskinstance.py", line 432, in _execute_callable
    return execute_callable(context=context, **execute_callable_kwargs)
           ^^^^^^^^^^^^^^^^^^^^^^^^^^^^^^^^^^^^^^^^^^^^^^^^^^^^^^^^^^^^
  File "/home/airflow/.local/lib/python3.11/site-packages/airflow/models/baseoperator.py", line 401, in wrapper
    return func(self, *args, **kwargs)
           ^^^^^^^^^^^^^^^^^^^^^^^^^^^
  File "/home/airflow/.local/lib/python3.11/site-packages/airflow/operators/bash.py", line 243, in execute
    raise AirflowException(
airflow.exceptions.AirflowException: Bash command failed. The command returned a non-zero exit code 2.
[2026-10-05T12:40:55.345+0000] {taskinstance.py:1206} INFO - Marking task as FAILED. dag_id=f1_data_analytics, task_id=fetching, run_id=manual__2026-10-05T12:40:39+00:00, execution_date=20261005T124039, start_date=20261005T124054, end_date=20261005T124055
[2026-10-05T12:40:55.361+0000] {standard_task_runner.py:110} ERROR - Failed to execute job 6 for task fetching (Bash command failed. The command returned a non-zero exit code 2.; 133)
[2026-10-05T12:40:55.377+0000] {local_task_job_runner.py:240} INFO - Task exited with return code 1
[2026-10-05T12:40:55.394+0000] {logging_mixin.py:188} WARNING - /home/airflow/.local/lib/python3.11/site-packages/airflow/models/baseoperator.py:1297 AirflowProviderDeprecationWarning: Call to deprecated class PostgresOperator. (Please use `airflow.providers.common.sql.operators.sql.SQLExecuteQueryOperator`.Also, you can provide `hook_params={'schema': <database>}`.)
[2026-10-05T12:40:55.415+0000] {taskinstance.py:3503} INFO - 0 downstream tasks scheduled from follow-on schedule check
[2026-10-05T12:40:55.422+0000] {local_task_job_runner.py:222} INFO - ::endgroup::
