[2026-10-10T14:13:50.769+0000] {local_task_job_runner.py:120} INFO - ::group::Pre task execution logs
[2026-10-10T14:13:50.789+0000] {taskinstance.py:2076} INFO - Dependencies all met for dep_context=non-requeueable deps ti=<TaskInstance: f1_data_analytics.fetching manual__2026-10-10T14:13:32+00:00 [queued]>
[2026-10-10T14:13:50.793+0000] {taskinstance.py:2076} INFO - Dependencies all met for dep_context=requeueable deps ti=<TaskInstance: f1_data_analytics.fetching manual__2026-10-10T14:13:32+00:00 [queued]>
[2026-10-10T14:13:50.794+0000] {taskinstance.py:2306} INFO - Starting attempt 1 of 1
[2026-10-10T14:13:50.803+0000] {taskinstance.py:2330} INFO - Executing <Task(BashOperator): fetching> on 2026-10-10 14:13:32+00:00
[2026-10-10T14:13:50.807+0000] {standard_task_runner.py:63} INFO - Started process 99 to run task
[2026-10-10T14:13:50.810+0000] {standard_task_runner.py:90} INFO - Running: ['airflow', 'tasks', 'run', 'f1_data_analytics', 'fetching', 'manual__2026-10-10T14:13:32+00:00', '--job-id', '58', '--raw', '--subdir', 'DAGS_FOLDER/f1_pipeline_dag.py', '--cfg-path', '/tmp/tmpudrleedy']
[2026-10-10T14:13:50.811+0000] {standard_task_runner.py:91} INFO - Job 58: Subtask fetching
[2026-10-10T14:13:50.842+0000] {task_command.py:426} INFO - Running <TaskInstance: f1_data_analytics.fetching manual__2026-10-10T14:13:32+00:00 [running]> on host 5314212cbeb0
[2026-10-10T14:13:50.901+0000] {taskinstance.py:2648} INFO - Exporting env vars: AIRFLOW_CTX_DAG_OWNER='airflow' AIRFLOW_CTX_DAG_ID='f1_data_analytics' AIRFLOW_CTX_TASK_ID='fetching' AIRFLOW_CTX_EXECUTION_DATE='2026-10-10T14:13:32+00:00' AIRFLOW_CTX_TRY_NUMBER='1' AIRFLOW_CTX_DAG_RUN_ID='manual__2026-10-10T14:13:32+00:00'
[2026-10-10T14:13:50.901+0000] {taskinstance.py:430} INFO - ::endgroup::
[2026-10-10T14:13:50.902+0000] {subprocess.py:63} INFO - Tmp dir root location: /tmp
[2026-10-10T14:13:50.902+0000] {subprocess.py:75} INFO - Running command: ['/usr/bin/bash', '-c', "python /opt/airflow/scripts/fetch_f1_data.py --year 2022 --track 'Spa'"]
[2026-10-10T14:13:50.910+0000] {subprocess.py:86} INFO - Output:
[2026-10-10T14:13:52.307+0000] {subprocess.py:93} INFO - events      WARNING 	Correcting user input 'Spa' to 'Spanish Grand Prix'
[2026-10-10T14:13:52.309+0000] {subprocess.py:93} INFO - core           INFO 	Loading data for Spanish Grand Prix - Race [v3.8.3]
[2026-10-10T14:13:52.309+0000] {subprocess.py:93} INFO - req            INFO 	No cached data found for session_info. Loading data...
[2026-10-10T14:13:52.309+0000] {subprocess.py:93} INFO - _api           INFO 	Fetching session info data...
[2026-10-10T14:13:52.881+0000] {subprocess.py:93} INFO - req            INFO 	Data has been written to cache!
[2026-10-10T14:13:52.881+0000] {subprocess.py:93} INFO - req            INFO 	No cached data found for driver_info. Loading data...
[2026-10-10T14:13:52.881+0000] {subprocess.py:93} INFO - _api           INFO 	Fetching driver list...
[2026-10-10T14:13:53.443+0000] {subprocess.py:93} INFO - req            INFO 	Data has been written to cache!
[2026-10-10T14:13:53.992+0000] {subprocess.py:93} INFO - req            INFO 	No cached data found for session_status_data. Loading data...
[2026-10-10T14:13:53.992+0000] {subprocess.py:93} INFO - _api           INFO 	Fetching session status data...
[2026-10-10T14:13:54.422+0000] {subprocess.py:93} INFO - req            INFO 	Data has been written to cache!
[2026-10-10T14:13:54.423+0000] {subprocess.py:93} INFO - req            INFO 	No cached data found for lap_count. Loading data...
[2026-10-10T14:13:54.423+0000] {subprocess.py:93} INFO - _api           INFO 	Fetching lap count data...
[2026-10-10T14:13:54.942+0000] {subprocess.py:93} INFO - req            INFO 	Data has been written to cache!
[2026-10-10T14:13:54.942+0000] {subprocess.py:93} INFO - req            INFO 	No cached data found for track_status_data. Loading data...
[2026-10-10T14:13:54.943+0000] {subprocess.py:93} INFO - _api           INFO 	Fetching track status data...
[2026-10-10T14:13:55.408+0000] {subprocess.py:93} INFO - req            INFO 	Data has been written to cache!
[2026-10-10T14:13:55.409+0000] {subprocess.py:93} INFO - req            INFO 	No cached data found for _extended_timing_data. Loading data...
[2026-10-10T14:13:55.409+0000] {subprocess.py:93} INFO - _api           INFO 	Fetching timing data...
[2026-10-10T14:13:56.757+0000] {subprocess.py:93} INFO - _api           INFO 	Parsing timing data...
[2026-10-10T14:13:58.267+0000] {subprocess.py:93} INFO - req            INFO 	Data has been written to cache!
[2026-10-10T14:13:58.267+0000] {subprocess.py:93} INFO - req            INFO 	No cached data found for timing_app_data. Loading data...
[2026-10-10T14:13:58.267+0000] {subprocess.py:93} INFO - _api           INFO 	Fetching timing app data...
[2026-10-10T14:13:58.817+0000] {subprocess.py:93} INFO - req            INFO 	Data has been written to cache!
[2026-10-10T14:13:58.817+0000] {subprocess.py:93} INFO - core           INFO 	Processing timing data...
[2026-10-10T14:14:00.377+0000] {subprocess.py:93} INFO - req            INFO 	No cached data found for car_data. Loading data...
[2026-10-10T14:14:00.377+0000] {subprocess.py:93} INFO - _api           INFO 	Fetching car data...
[2026-10-10T14:14:01.261+0000] {subprocess.py:93} INFO - _api           INFO 	Parsing car data...
[2026-10-10T14:14:07.580+0000] {subprocess.py:93} INFO - req            INFO 	Data has been written to cache!
[2026-10-10T14:14:07.580+0000] {subprocess.py:93} INFO - req            INFO 	No cached data found for position_data. Loading data...
[2026-10-10T14:14:07.580+0000] {subprocess.py:93} INFO - _api           INFO 	Fetching position data...
[2026-10-10T14:14:08.245+0000] {subprocess.py:93} INFO - _api           INFO 	Parsing position data...
[2026-10-10T14:14:14.794+0000] {subprocess.py:93} INFO - req            INFO 	Data has been written to cache!
[2026-10-10T14:14:16.926+0000] {subprocess.py:93} INFO - req            INFO 	No cached data found for weather_data. Loading data...
[2026-10-10T14:14:16.926+0000] {subprocess.py:93} INFO - _api           INFO 	Fetching weather data...
[2026-10-10T14:14:17.317+0000] {subprocess.py:93} INFO - req            INFO 	Data has been written to cache!
[2026-10-10T14:14:17.320+0000] {subprocess.py:93} INFO - req            INFO 	No cached data found for race_control_messages. Loading data...
[2026-10-10T14:14:17.320+0000] {subprocess.py:93} INFO - _api           INFO 	Fetching race control messages...
[2026-10-10T14:14:17.921+0000] {subprocess.py:93} INFO - req            INFO 	Data has been written to cache!
[2026-10-10T14:14:17.976+0000] {subprocess.py:93} INFO - core           INFO 	Finished loading data for 20 drivers: ['1', '11', '63', '55', '44', '77', '31', '4', '14', '22', '5', '3', '10', '47', '18', '6', '20', '23', '24', '16']
[2026-10-10T14:14:33.387+0000] {subprocess.py:93} INFO - Fetching data for 2022 Spa...
[2026-10-10T14:14:33.387+0000] {subprocess.py:93} INFO - Extracting telemetry for all drivers (this might take a minute)...
[2026-10-10T14:14:33.699+0000] {subprocess.py:97} INFO - Command exited with return code 0
[2026-10-10T14:14:33.700+0000] {taskinstance.py:441} INFO - ::group::Post task execution logs
[2026-10-10T14:14:33.722+0000] {taskinstance.py:1206} INFO - Marking task as SUCCESS. dag_id=f1_data_analytics, task_id=fetching, run_id=manual__2026-10-10T14:13:32+00:00, execution_date=20261010T141332, start_date=20261010T141350, end_date=20261010T141433
[2026-10-10T14:14:33.756+0000] {local_task_job_runner.py:240} INFO - Task exited with return code 0
[2026-10-10T14:14:33.770+0000] {logging_mixin.py:188} WARNING - /home/airflow/.local/lib/python3.11/site-packages/airflow/models/baseoperator.py:1297 AirflowProviderDeprecationWarning: Call to deprecated class PostgresOperator. (Please use `airflow.providers.common.sql.operators.sql.SQLExecuteQueryOperator`.Also, you can provide `hook_params={'schema': <database>}`.)
[2026-10-10T14:14:33.791+0000] {taskinstance.py:3503} INFO - 1 downstream tasks scheduled from follow-on schedule check
[2026-10-10T14:14:33.794+0000] {local_task_job_runner.py:222} INFO - ::endgroup::
