[2026-10-05T17:39:46.752+0000] {local_task_job_runner.py:120} INFO - ::group::Pre task execution logs
[2026-10-05T17:39:46.772+0000] {taskinstance.py:2076} INFO - Dependencies all met for dep_context=non-requeueable deps ti=<TaskInstance: f1_data_analytics.fetching manual__2026-10-05T17:39:38+00:00 [queued]>
[2026-10-05T17:39:46.776+0000] {taskinstance.py:2076} INFO - Dependencies all met for dep_context=requeueable deps ti=<TaskInstance: f1_data_analytics.fetching manual__2026-10-05T17:39:38+00:00 [queued]>
[2026-10-05T17:39:46.777+0000] {taskinstance.py:2306} INFO - Starting attempt 1 of 1
[2026-10-05T17:39:46.786+0000] {taskinstance.py:2330} INFO - Executing <Task(BashOperator): fetching> on 2026-10-05 17:39:38+00:00
[2026-10-05T17:39:46.790+0000] {standard_task_runner.py:63} INFO - Started process 503 to run task
[2026-10-05T17:39:46.793+0000] {standard_task_runner.py:90} INFO - Running: ['airflow', 'tasks', 'run', 'f1_data_analytics', 'fetching', 'manual__2026-10-05T17:39:38+00:00', '--job-id', '20', '--raw', '--subdir', 'DAGS_FOLDER/f1_pipeline_dag.py', '--cfg-path', '/tmp/tmp2fgf60u1']
[2026-10-05T17:39:46.794+0000] {standard_task_runner.py:91} INFO - Job 20: Subtask fetching
[2026-10-05T17:39:46.827+0000] {task_command.py:426} INFO - Running <TaskInstance: f1_data_analytics.fetching manual__2026-10-05T17:39:38+00:00 [running]> on host 92542028ff84
[2026-10-05T17:39:46.884+0000] {taskinstance.py:2648} INFO - Exporting env vars: AIRFLOW_CTX_DAG_OWNER='airflow' AIRFLOW_CTX_DAG_ID='f1_data_analytics' AIRFLOW_CTX_TASK_ID='fetching' AIRFLOW_CTX_EXECUTION_DATE='2026-10-05T17:39:38+00:00' AIRFLOW_CTX_TRY_NUMBER='1' AIRFLOW_CTX_DAG_RUN_ID='manual__2026-10-05T17:39:38+00:00'
[2026-10-05T17:39:46.884+0000] {taskinstance.py:430} INFO - ::endgroup::
[2026-10-05T17:39:46.885+0000] {subprocess.py:63} INFO - Tmp dir root location: /tmp
[2026-10-05T17:39:46.886+0000] {subprocess.py:75} INFO - Running command: ['/usr/bin/bash', '-c', "python /opt/airflow/scripts/fetch_f1_data.py --year 2023 --gp 'Monza'"]
[2026-10-05T17:39:46.896+0000] {subprocess.py:86} INFO - Output:
[2026-10-05T17:39:48.348+0000] {subprocess.py:93} INFO - core           INFO 	Loading data for Italian Grand Prix - Race [v3.8.3]
[2026-10-05T17:39:48.349+0000] {subprocess.py:93} INFO - req            INFO 	Using cached data for session_info
[2026-10-05T17:39:48.349+0000] {subprocess.py:93} INFO - req            INFO 	Using cached data for driver_info
[2026-10-05T17:39:49.011+0000] {subprocess.py:93} INFO - req            INFO 	Using cached data for session_status_data
[2026-10-05T17:39:49.012+0000] {subprocess.py:93} INFO - req            INFO 	Using cached data for lap_count
[2026-10-05T17:39:49.012+0000] {subprocess.py:93} INFO - req            INFO 	Using cached data for track_status_data
[2026-10-05T17:39:49.021+0000] {subprocess.py:93} INFO - req            INFO 	Using cached data for _extended_timing_data
[2026-10-05T17:39:49.022+0000] {subprocess.py:93} INFO - req            INFO 	Using cached data for timing_app_data
[2026-10-05T17:39:49.022+0000] {subprocess.py:93} INFO - core           INFO 	Processing timing data...
[2026-10-05T17:39:49.908+0000] {subprocess.py:93} INFO - core        WARNING 	Failed to perform lap accuracy check - all laps marked as inaccurate (driver 22)
[2026-10-05T17:39:50.481+0000] {subprocess.py:93} INFO - core        WARNING 	Driver 1 completed the race distance 06:25.888000 before the recorded end of the session.
[2026-10-05T17:39:50.485+0000] {subprocess.py:93} INFO - core        WARNING 	Driver 11 completed the race distance 06:19.824000 before the recorded end of the session.
[2026-10-05T17:39:50.489+0000] {subprocess.py:93} INFO - core        WARNING 	Driver 55 completed the race distance 06:14.695000 before the recorded end of the session.
[2026-10-05T17:39:50.493+0000] {subprocess.py:93} INFO - core        WARNING 	Driver 16 completed the race distance 06:14.511000 before the recorded end of the session.
[2026-10-05T17:39:50.496+0000] {subprocess.py:93} INFO - core        WARNING 	Driver 63 completed the race distance 06:07.860000 before the recorded end of the session.
[2026-10-05T17:39:50.499+0000] {subprocess.py:93} INFO - core        WARNING 	Driver 44 completed the race distance 05:48.209000 before the recorded end of the session.
[2026-10-05T17:39:50.502+0000] {subprocess.py:93} INFO - core        WARNING 	Driver 23 completed the race distance 05:40.782000 before the recorded end of the session.
[2026-10-05T17:39:50.505+0000] {subprocess.py:93} INFO - core        WARNING 	Driver 4 completed the race distance 05:40.439000 before the recorded end of the session.
[2026-10-05T17:39:50.507+0000] {subprocess.py:93} INFO - core        WARNING 	Driver 14 completed the race distance 05:39.594000 before the recorded end of the session.
[2026-10-05T17:39:50.636+0000] {subprocess.py:93} INFO - req            INFO 	Using cached data for car_data
[2026-10-05T17:39:50.748+0000] {subprocess.py:93} INFO - req            INFO 	Using cached data for position_data
[2026-10-05T17:39:52.711+0000] {subprocess.py:93} INFO - req            INFO 	Using cached data for weather_data
[2026-10-05T17:39:52.712+0000] {subprocess.py:93} INFO - req            INFO 	Using cached data for race_control_messages
[2026-10-05T17:39:52.733+0000] {subprocess.py:93} INFO - core           INFO 	Finished loading data for 20 drivers: ['1', '11', '55', '16', '63', '44', '23', '4', '14', '77', '40', '81', '2', '24', '10', '18', '27', '20', '31', '22']
[2026-10-05T17:40:03.484+0000] {subprocess.py:93} INFO - Fetching data for 2023 Monza...
[2026-10-05T17:40:03.484+0000] {subprocess.py:93} INFO - Extracting telemetry for all drivers (this might take a minute)...
[2026-10-05T17:40:03.719+0000] {subprocess.py:97} INFO - Command exited with return code 0
[2026-10-05T17:40:03.720+0000] {taskinstance.py:441} INFO - ::group::Post task execution logs
[2026-10-05T17:40:03.745+0000] {taskinstance.py:1206} INFO - Marking task as SUCCESS. dag_id=f1_data_analytics, task_id=fetching, run_id=manual__2026-10-05T17:39:38+00:00, execution_date=20261005T173938, start_date=20261005T173946, end_date=20261005T174003
[2026-10-05T17:40:03.798+0000] {local_task_job_runner.py:240} INFO - Task exited with return code 0
[2026-10-05T17:40:03.826+0000] {taskinstance.py:3503} INFO - 1 downstream tasks scheduled from follow-on schedule check
[2026-10-05T17:40:03.828+0000] {local_task_job_runner.py:222} INFO - ::endgroup::
