[2026-10-05T18:09:58.629+0000] {local_task_job_runner.py:120} INFO - ::group::Pre task execution logs
[2026-10-05T18:09:58.649+0000] {taskinstance.py:2076} INFO - Dependencies all met for dep_context=non-requeueable deps ti=<TaskInstance: f1_data_analytics.fetching manual__2026-10-05T18:09:48+00:00 [queued]>
[2026-10-05T18:09:58.654+0000] {taskinstance.py:2076} INFO - Dependencies all met for dep_context=requeueable deps ti=<TaskInstance: f1_data_analytics.fetching manual__2026-10-05T18:09:48+00:00 [queued]>
[2026-10-05T18:09:58.654+0000] {taskinstance.py:2306} INFO - Starting attempt 1 of 1
[2026-10-05T18:09:58.663+0000] {taskinstance.py:2330} INFO - Executing <Task(BashOperator): fetching> on 2026-10-05 18:09:48+00:00
[2026-10-05T18:09:58.668+0000] {standard_task_runner.py:63} INFO - Started process 788 to run task
[2026-10-05T18:09:58.670+0000] {standard_task_runner.py:90} INFO - Running: ['airflow', 'tasks', 'run', 'f1_data_analytics', 'fetching', 'manual__2026-10-05T18:09:48+00:00', '--job-id', '9', '--raw', '--subdir', 'DAGS_FOLDER/f1_pipeline_dag.py', '--cfg-path', '/tmp/tmp0cl7gwru']
[2026-10-05T18:09:58.672+0000] {standard_task_runner.py:91} INFO - Job 9: Subtask fetching
[2026-10-05T18:09:58.708+0000] {task_command.py:426} INFO - Running <TaskInstance: f1_data_analytics.fetching manual__2026-10-05T18:09:48+00:00 [running]> on host 5314212cbeb0
[2026-10-05T18:09:58.769+0000] {taskinstance.py:2648} INFO - Exporting env vars: AIRFLOW_CTX_DAG_OWNER='airflow' AIRFLOW_CTX_DAG_ID='f1_data_analytics' AIRFLOW_CTX_TASK_ID='fetching' AIRFLOW_CTX_EXECUTION_DATE='2026-10-05T18:09:48+00:00' AIRFLOW_CTX_TRY_NUMBER='1' AIRFLOW_CTX_DAG_RUN_ID='manual__2026-10-05T18:09:48+00:00'
[2026-10-05T18:09:58.769+0000] {taskinstance.py:430} INFO - ::endgroup::
[2026-10-05T18:09:58.770+0000] {subprocess.py:63} INFO - Tmp dir root location: /tmp
[2026-10-05T18:09:58.770+0000] {subprocess.py:75} INFO - Running command: ['/usr/bin/bash', '-c', "python /opt/airflow/scripts/fetch_f1_data.py --year 2023 --gp 'Monza'"]
[2026-10-05T18:09:58.779+0000] {subprocess.py:86} INFO - Output:
[2026-10-05T18:10:00.139+0000] {subprocess.py:93} INFO - core           INFO 	Loading data for Italian Grand Prix - Race [v3.8.3]
[2026-10-05T18:10:00.140+0000] {subprocess.py:93} INFO - req            INFO 	Using cached data for session_info
[2026-10-05T18:10:00.140+0000] {subprocess.py:93} INFO - req            INFO 	Using cached data for driver_info
[2026-10-05T18:10:00.802+0000] {subprocess.py:93} INFO - req            INFO 	Using cached data for session_status_data
[2026-10-05T18:10:00.803+0000] {subprocess.py:93} INFO - req            INFO 	Using cached data for lap_count
[2026-10-05T18:10:00.803+0000] {subprocess.py:93} INFO - req            INFO 	Using cached data for track_status_data
[2026-10-05T18:10:00.810+0000] {subprocess.py:93} INFO - req            INFO 	Using cached data for _extended_timing_data
[2026-10-05T18:10:00.810+0000] {subprocess.py:93} INFO - req            INFO 	Using cached data for timing_app_data
[2026-10-05T18:10:00.811+0000] {subprocess.py:93} INFO - core           INFO 	Processing timing data...
[2026-10-05T18:10:01.689+0000] {subprocess.py:93} INFO - core        WARNING 	Failed to perform lap accuracy check - all laps marked as inaccurate (driver 22)
[2026-10-05T18:10:02.025+0000] {subprocess.py:93} INFO - core        WARNING 	Driver 1 completed the race distance 06:25.888000 before the recorded end of the session.
[2026-10-05T18:10:02.029+0000] {subprocess.py:93} INFO - core        WARNING 	Driver 11 completed the race distance 06:19.824000 before the recorded end of the session.
[2026-10-05T18:10:02.033+0000] {subprocess.py:93} INFO - core        WARNING 	Driver 55 completed the race distance 06:14.695000 before the recorded end of the session.
[2026-10-05T18:10:02.037+0000] {subprocess.py:93} INFO - core        WARNING 	Driver 16 completed the race distance 06:14.511000 before the recorded end of the session.
[2026-10-05T18:10:02.041+0000] {subprocess.py:93} INFO - core        WARNING 	Driver 63 completed the race distance 06:07.860000 before the recorded end of the session.
[2026-10-05T18:10:02.045+0000] {subprocess.py:93} INFO - core        WARNING 	Driver 44 completed the race distance 05:48.209000 before the recorded end of the session.
[2026-10-05T18:10:02.049+0000] {subprocess.py:93} INFO - core        WARNING 	Driver 23 completed the race distance 05:40.782000 before the recorded end of the session.
[2026-10-05T18:10:02.052+0000] {subprocess.py:93} INFO - core        WARNING 	Driver 4 completed the race distance 05:40.439000 before the recorded end of the session.
[2026-10-05T18:10:02.054+0000] {subprocess.py:93} INFO - core        WARNING 	Driver 14 completed the race distance 05:39.594000 before the recorded end of the session.
[2026-10-05T18:10:02.180+0000] {subprocess.py:93} INFO - req            INFO 	Using cached data for car_data
[2026-10-05T18:10:02.291+0000] {subprocess.py:93} INFO - req            INFO 	Using cached data for position_data
[2026-10-05T18:10:04.258+0000] {subprocess.py:93} INFO - req            INFO 	Using cached data for weather_data
[2026-10-05T18:10:04.259+0000] {subprocess.py:93} INFO - req            INFO 	Using cached data for race_control_messages
[2026-10-05T18:10:04.280+0000] {subprocess.py:93} INFO - core           INFO 	Finished loading data for 20 drivers: ['1', '11', '55', '16', '63', '44', '23', '4', '14', '77', '40', '81', '2', '24', '10', '18', '27', '20', '31', '22']
[2026-10-05T18:10:15.003+0000] {subprocess.py:93} INFO - Fetching data for 2023 Monza...
[2026-10-05T18:10:15.003+0000] {subprocess.py:93} INFO - Extracting telemetry for all drivers (this might take a minute)...
[2026-10-05T18:10:15.236+0000] {subprocess.py:97} INFO - Command exited with return code 0
[2026-10-05T18:10:15.237+0000] {taskinstance.py:441} INFO - ::group::Post task execution logs
[2026-10-05T18:10:15.250+0000] {taskinstance.py:1206} INFO - Marking task as SUCCESS. dag_id=f1_data_analytics, task_id=fetching, run_id=manual__2026-10-05T18:09:48+00:00, execution_date=20261005T180948, start_date=20261005T180958, end_date=20261005T181015
[2026-10-05T18:10:15.280+0000] {local_task_job_runner.py:240} INFO - Task exited with return code 0
[2026-10-05T18:10:15.295+0000] {logging_mixin.py:188} WARNING - /home/airflow/.local/lib/python3.11/site-packages/airflow/models/baseoperator.py:1297 AirflowProviderDeprecationWarning: Call to deprecated class PostgresOperator. (Please use `airflow.providers.common.sql.operators.sql.SQLExecuteQueryOperator`.Also, you can provide `hook_params={'schema': <database>}`.)
[2026-10-05T18:10:15.317+0000] {taskinstance.py:3503} INFO - 1 downstream tasks scheduled from follow-on schedule check
[2026-10-05T18:10:15.320+0000] {local_task_job_runner.py:222} INFO - ::endgroup::
