[2026-10-05T19:30:47.296+0000] {local_task_job_runner.py:120} INFO - ::group::Pre task execution logs
[2026-10-05T19:30:47.315+0000] {taskinstance.py:2076} INFO - Dependencies all met for dep_context=non-requeueable deps ti=<TaskInstance: f1_data_analytics.silver_script manual__2026-10-05T19:30:08+00:00 [queued]>
[2026-10-05T19:30:47.320+0000] {taskinstance.py:2076} INFO - Dependencies all met for dep_context=requeueable deps ti=<TaskInstance: f1_data_analytics.silver_script manual__2026-10-05T19:30:08+00:00 [queued]>
[2026-10-05T19:30:47.320+0000] {taskinstance.py:2306} INFO - Starting attempt 2 of 4
[2026-10-05T19:30:47.329+0000] {taskinstance.py:2330} INFO - Executing <Task(_PythonDecoratedOperator): silver_script> on 2026-10-05 19:30:08+00:00
[2026-10-05T19:30:47.335+0000] {standard_task_runner.py:63} INFO - Started process 1421 to run task
[2026-10-05T19:30:47.337+0000] {standard_task_runner.py:90} INFO - Running: ['airflow', 'tasks', 'run', 'f1_data_analytics', 'silver_script', 'manual__2026-10-05T19:30:08+00:00', '--job-id', '27', '--raw', '--subdir', 'DAGS_FOLDER/f1_pipeline_dag.py', '--cfg-path', '/tmp/tmpm_f0_a86']
[2026-10-05T19:30:47.338+0000] {standard_task_runner.py:91} INFO - Job 27: Subtask silver_script
[2026-10-05T19:30:47.362+0000] {task_command.py:426} INFO - Running <TaskInstance: f1_data_analytics.silver_script manual__2026-10-05T19:30:08+00:00 [running]> on host 5314212cbeb0
[2026-10-05T19:30:47.408+0000] {taskinstance.py:2648} INFO - Exporting env vars: AIRFLOW_CTX_DAG_OWNER='airflow' AIRFLOW_CTX_DAG_ID='f1_data_analytics' AIRFLOW_CTX_TASK_ID='silver_script' AIRFLOW_CTX_EXECUTION_DATE='2026-10-05T19:30:08+00:00' AIRFLOW_CTX_TRY_NUMBER='2' AIRFLOW_CTX_DAG_RUN_ID='manual__2026-10-05T19:30:08+00:00'
[2026-10-05T19:30:47.408+0000] {taskinstance.py:430} INFO - ::endgroup::
[2026-10-05T19:30:47.409+0000] {f1_pipeline_dag.py:95} INFO - Running silver pyspark script
[2026-10-05T19:30:51.848+0000] {f1_pipeline_dag.py:104} ERROR - === STDOUT ===
Error occured:  An error occurred while calling o26.parquet.
: java.lang.AssertionError: assertion failed: Conflicting partition column names detected:

	Partition column name list #0: year, gp
	Partition column name list #1: year, track

For partitioned table directories, data files should only live in leaf directories.
And directories at the same level should have the same partition column name.
Please check the following directories for unexpected files or inconsistent partition column names:

	file:/opt/airflow/data/lake/raw/laps/year=2023/gp=monza
	file:/opt/airflow/data/lake/raw/laps/year=2023/gp=Monza
	file:/opt/airflow/data/lake/raw/laps/year=2023/track=Monza
	at scala.Predef$.assert(Predef.scala:223)
	at org.apache.spark.sql.execution.datasources.PartitioningUtils$.resolvePartitions(PartitioningUtils.scala:388)
	at org.apache.spark.sql.execution.datasources.PartitioningUtils$.parsePartitions(PartitioningUtils.scala:181)
	at org.apache.spark.sql.execution.datasources.PartitioningUtils$.parsePartitions(PartitioningUtils.scala:110)
	at org.apache.spark.sql.execution.datasources.PartitioningAwareFileIndex.inferPartitioning(PartitioningAwareFileIndex.scala:201)
	at org.apache.spark.sql.execution.datasources.InMemoryFileIndex.partitionSpec(InMemoryFileIndex.scala:75)
	at org.apache.spark.sql.execution.datasources.PartitioningAwareFileIndex.partitionSchema(PartitioningAwareFileIndex.scala:51)
	at org.apache.spark.sql.execution.datasources.DataSource.getOrInferFileFormatSchema(DataSource.scala:167)
	at org.apache.spark.sql.execution.datasources.DataSource.resolveRelation(DataSource.scala:407)
	at org.apache.spark.sql.DataFrameReader.loadV1Source(DataFrameReader.scala:229)
	at org.apache.spark.sql.DataFrameReader.$anonfun$load$2(DataFrameReader.scala:211)
	at scala.Option.getOrElse(Option.scala:189)
	at org.apache.spark.sql.DataFrameReader.load(DataFrameReader.scala:211)
	at org.apache.spark.sql.DataFrameReader.parquet(DataFrameReader.scala:563)
	at java.base/jdk.internal.reflect.NativeMethodAccessorImpl.invoke0(Native Method)
	at java.base/jdk.internal.reflect.NativeMethodAccessorImpl.invoke(NativeMethodAccessorImpl.java:77)
	at java.base/jdk.internal.reflect.DelegatingMethodAccessorImpl.invoke(DelegatingMethodAccessorImpl.java:43)
	at java.base/java.lang.reflect.Method.invoke(Method.java:569)
	at py4j.reflection.MethodInvoker.invoke(MethodInvoker.java:244)
	at py4j.reflection.ReflectionEngine.invoke(ReflectionEngine.java:374)
	at py4j.Gateway.invoke(Gateway.java:282)
	at py4j.commands.AbstractCommand.invokeMethod(AbstractCommand.java:132)
	at py4j.commands.CallCommand.execute(CallCommand.java:79)
	at py4j.ClientServerConnection.waitForCommands(ClientServerConnection.java:182)
	at py4j.ClientServerConnection.run(ClientServerConnection.java:106)
	at java.base/java.lang.Thread.run(Thread.java:840)


[2026-10-05T19:30:51.848+0000] {f1_pipeline_dag.py:105} ERROR - === STDERR ===
/home/airflow/.local/lib/python3.11/site-packages/pyspark/bin/load-spark-env.sh: line 68: ps: command not found
26/10/05 19:30:49 INFO SparkContext: Running Spark version 3.5.1
26/10/05 19:30:49 INFO SparkContext: OS info Linux, 7.0.0-31-generic, amd64
26/10/05 19:30:49 INFO SparkContext: Java version 17.0.20.1
26/10/05 19:30:49 WARN NativeCodeLoader: Unable to load native-hadoop library for your platform... using builtin-java classes where applicable
26/10/05 19:30:49 INFO ResourceUtils: ==============================================================
26/10/05 19:30:49 INFO ResourceUtils: No custom resources configured for spark.driver.
26/10/05 19:30:49 INFO ResourceUtils: ==============================================================
26/10/05 19:30:49 INFO SparkContext: Submitted application: f1_analytics
26/10/05 19:30:49 INFO ResourceProfile: Default ResourceProfile created, executor resources: Map(cores -> name: cores, amount: 1, script: , vendor: , memory -> name: memory, amount: 1024, script: , vendor: , offHeap -> name: offHeap, amount: 0, script: , vendor: ), task resources: Map(cpus -> name: cpus, amount: 1.0)
26/10/05 19:30:49 INFO ResourceProfile: Limiting resource is cpu
26/10/05 19:30:49 INFO ResourceProfileManager: Added ResourceProfile id: 0
26/10/05 19:30:49 INFO SecurityManager: Changing view acls to: airflow
26/10/05 19:30:49 INFO SecurityManager: Changing modify acls to: airflow
26/10/05 19:30:49 INFO SecurityManager: Changing view acls groups to: 
26/10/05 19:30:49 INFO SecurityManager: Changing modify acls groups to: 
26/10/05 19:30:49 INFO SecurityManager: SecurityManager: authentication disabled; ui acls disabled; users with view permissions: airflow; groups with view permissions: EMPTY; users with modify permissions: airflow; groups with modify permissions: EMPTY
26/10/05 19:30:50 INFO Utils: Successfully started service 'sparkDriver' on port 45695.
26/10/05 19:30:50 INFO SparkEnv: Registering MapOutputTracker
26/10/05 19:30:50 INFO SparkEnv: Registering BlockManagerMaster
26/10/05 19:30:50 INFO BlockManagerMasterEndpoint: Using org.apache.spark.storage.DefaultTopologyMapper for getting topology information
26/10/05 19:30:50 INFO BlockManagerMasterEndpoint: BlockManagerMasterEndpoint up
26/10/05 19:30:50 INFO SparkEnv: Registering BlockManagerMasterHeartbeat
26/10/05 19:30:50 INFO DiskBlockManager: Created local directory at /tmp/blockmgr-c1b83e14-5fb5-45c1-af9a-80215126af18
26/10/05 19:30:50 INFO MemoryStore: MemoryStore started with capacity 434.4 MiB
26/10/05 19:30:50 INFO SparkEnv: Registering OutputCommitCoordinator
26/10/05 19:30:50 INFO JettyUtils: Start Jetty 0.0.0.0:4040 for SparkUI
26/10/05 19:30:50 INFO Utils: Successfully started service 'SparkUI' on port 4040.
26/10/05 19:30:50 INFO Executor: Starting executor ID driver on host 5314212cbeb0
26/10/05 19:30:50 INFO Executor: OS info Linux, 7.0.0-31-generic, amd64
26/10/05 19:30:50 INFO Executor: Java version 17.0.20.1
26/10/05 19:30:50 INFO Executor: Starting executor with user classpath (userClassPathFirst = false): ''
26/10/05 19:30:50 INFO Executor: Created or updated repl class loader org.apache.spark.util.MutableURLClassLoader@53680ea4 for default.
26/10/05 19:30:50 INFO Utils: Successfully started service 'org.apache.spark.network.netty.NettyBlockTransferService' on port 38355.
26/10/05 19:30:50 INFO NettyBlockTransferService: Server created on 5314212cbeb0:38355
26/10/05 19:30:50 INFO BlockManager: Using org.apache.spark.storage.RandomBlockReplicationPolicy for block replication policy
26/10/05 19:30:50 INFO BlockManagerMaster: Registering BlockManager BlockManagerId(driver, 5314212cbeb0, 38355, None)
26/10/05 19:30:50 INFO BlockManagerMasterEndpoint: Registering block manager 5314212cbeb0:38355 with 434.4 MiB RAM, BlockManagerId(driver, 5314212cbeb0, 38355, None)
26/10/05 19:30:50 INFO BlockManagerMaster: Registered BlockManager BlockManagerId(driver, 5314212cbeb0, 38355, None)
26/10/05 19:30:50 INFO BlockManager: Initialized BlockManager: BlockManagerId(driver, 5314212cbeb0, 38355, None)
26/10/05 19:30:50 INFO SharedState: Setting hive.metastore.warehouse.dir ('null') to the value of spark.sql.warehouse.dir.
26/10/05 19:30:50 INFO SharedState: Warehouse path is 'file:/opt/airflow/spark-warehouse'.
26/10/05 19:30:51 INFO InMemoryFileIndex: It took 39 ms to list leaf files for 1 paths.
26/10/05 19:30:51 INFO SparkContext: Invoking stop() from shutdown hook
26/10/05 19:30:51 INFO SparkContext: SparkContext is stopping with exitCode 0.
26/10/05 19:30:51 INFO SparkUI: Stopped Spark web UI at http://5314212cbeb0:4040
26/10/05 19:30:51 INFO MapOutputTrackerMasterEndpoint: MapOutputTrackerMasterEndpoint stopped!
26/10/05 19:30:51 INFO MemoryStore: MemoryStore cleared
26/10/05 19:30:51 INFO BlockManager: BlockManager stopped
26/10/05 19:30:51 INFO BlockManagerMaster: BlockManagerMaster stopped
26/10/05 19:30:51 INFO OutputCommitCoordinator$OutputCommitCoordinatorEndpoint: OutputCommitCoordinator stopped!
26/10/05 19:30:51 INFO SparkContext: Successfully stopped SparkContext
26/10/05 19:30:51 INFO ShutdownHookManager: Shutdown hook called
26/10/05 19:30:51 INFO ShutdownHookManager: Deleting directory /tmp/spark-8c5abe2c-c34e-4b1b-81fb-8914b87e0528
26/10/05 19:30:51 INFO ShutdownHookManager: Deleting directory /tmp/spark-8c5abe2c-c34e-4b1b-81fb-8914b87e0528/pyspark-67e7f8d4-e03f-4bff-b31d-08dc537e0a7d
26/10/05 19:30:51 INFO ShutdownHookManager: Deleting directory /tmp/spark-405e7297-920d-425a-9ead-483d9f3d5d89

[2026-10-05T19:30:51.848+0000] {taskinstance.py:441} INFO - ::group::Post task execution logs
[2026-10-05T19:30:51.849+0000] {taskinstance.py:2905} ERROR - Task failed with exception
Traceback (most recent call last):
  File "/home/airflow/.local/lib/python3.11/site-packages/airflow/models/taskinstance.py", line 465, in _execute_task
    result = _execute_callable(context=context, **execute_callable_kwargs)
             ^^^^^^^^^^^^^^^^^^^^^^^^^^^^^^^^^^^^^^^^^^^^^^^^^^^^^^^^^^^^^
  File "/home/airflow/.local/lib/python3.11/site-packages/airflow/models/taskinstance.py", line 432, in _execute_callable
    return execute_callable(context=context, **execute_callable_kwargs)
           ^^^^^^^^^^^^^^^^^^^^^^^^^^^^^^^^^^^^^^^^^^^^^^^^^^^^^^^^^^^^
  File "/home/airflow/.local/lib/python3.11/site-packages/airflow/models/baseoperator.py", line 401, in wrapper
    return func(self, *args, **kwargs)
           ^^^^^^^^^^^^^^^^^^^^^^^^^^^
  File "/home/airflow/.local/lib/python3.11/site-packages/airflow/decorators/base.py", line 265, in execute
    return_value = super().execute(context)
                   ^^^^^^^^^^^^^^^^^^^^^^^^
  File "/home/airflow/.local/lib/python3.11/site-packages/airflow/models/baseoperator.py", line 401, in wrapper
    return func(self, *args, **kwargs)
           ^^^^^^^^^^^^^^^^^^^^^^^^^^^
  File "/home/airflow/.local/lib/python3.11/site-packages/airflow/operators/python.py", line 235, in execute
    return_value = self.execute_callable()
                   ^^^^^^^^^^^^^^^^^^^^^^^
  File "/home/airflow/.local/lib/python3.11/site-packages/airflow/operators/python.py", line 252, in execute_callable
    return self.python_callable(*self.op_args, **self.op_kwargs)
           ^^^^^^^^^^^^^^^^^^^^^^^^^^^^^^^^^^^^^^^^^^^^^^^^^^^^^
  File "/opt/airflow/dags/f1_pipeline_dag.py", line 106, in silver_script
    raise e
  File "/opt/airflow/dags/f1_pipeline_dag.py", line 98, in silver_script
    result = subprocess.run([
             ^^^^^^^^^^^^^^^^
  File "/usr/local/lib/python3.11/subprocess.py", line 571, in run
    raise CalledProcessError(retcode, process.args,
subprocess.CalledProcessError: Command '['spark-submit', '/opt/airflow/scripts/process_silver_telemetry.py']' returned non-zero exit status 1.
[2026-10-05T19:30:51.858+0000] {taskinstance.py:1206} INFO - Marking task as UP_FOR_RETRY. dag_id=f1_data_analytics, task_id=silver_script, run_id=manual__2026-10-05T19:30:08+00:00, execution_date=20261005T193008, start_date=20261005T193047, end_date=20261005T193051
[2026-10-05T19:30:51.869+0000] {standard_task_runner.py:110} ERROR - Failed to execute job 27 for task silver_script (Command '['spark-submit', '/opt/airflow/scripts/process_silver_telemetry.py']' returned non-zero exit status 1.; 1421)
[2026-10-05T19:30:51.883+0000] {local_task_job_runner.py:240} INFO - Task exited with return code 1
[2026-10-05T19:30:51.910+0000] {taskinstance.py:3503} INFO - 0 downstream tasks scheduled from follow-on schedule check
[2026-10-05T19:30:51.911+0000] {local_task_job_runner.py:222} INFO - ::endgroup::
