[2026-10-05T19:55:18.291+0000] {local_task_job_runner.py:120} INFO - ::group::Pre task execution logs
[2026-10-05T19:55:18.310+0000] {taskinstance.py:2076} INFO - Dependencies all met for dep_context=non-requeueable deps ti=<TaskInstance: f1_data_analytics.fetching manual__2026-10-05T19:54:57+00:00 [queued]>
[2026-10-05T19:55:18.314+0000] {taskinstance.py:2076} INFO - Dependencies all met for dep_context=requeueable deps ti=<TaskInstance: f1_data_analytics.fetching manual__2026-10-05T19:54:57+00:00 [queued]>
[2026-10-05T19:55:18.315+0000] {taskinstance.py:2306} INFO - Starting attempt 1 of 1
[2026-10-05T19:55:18.323+0000] {taskinstance.py:2330} INFO - Executing <Task(BashOperator): fetching> on 2026-10-05 19:54:57+00:00
[2026-10-05T19:55:18.329+0000] {standard_task_runner.py:63} INFO - Started process 3161 to run task
[2026-10-05T19:55:18.331+0000] {standard_task_runner.py:90} INFO - Running: ['airflow', 'tasks', 'run', 'f1_data_analytics', 'fetching', 'manual__2026-10-05T19:54:57+00:00', '--job-id', '43', '--raw', '--subdir', 'DAGS_FOLDER/f1_pipeline_dag.py', '--cfg-path', '/tmp/tmpgzt7dj95']
[2026-10-05T19:55:18.332+0000] {standard_task_runner.py:91} INFO - Job 43: Subtask fetching
[2026-10-05T19:55:18.360+0000] {task_command.py:426} INFO - Running <TaskInstance: f1_data_analytics.fetching manual__2026-10-05T19:54:57+00:00 [running]> on host 5314212cbeb0
[2026-10-05T19:55:18.423+0000] {taskinstance.py:2648} INFO - Exporting env vars: AIRFLOW_CTX_DAG_OWNER='airflow' AIRFLOW_CTX_DAG_ID='f1_data_analytics' AIRFLOW_CTX_TASK_ID='fetching' AIRFLOW_CTX_EXECUTION_DATE='2026-10-05T19:54:57+00:00' AIRFLOW_CTX_TRY_NUMBER='1' AIRFLOW_CTX_DAG_RUN_ID='manual__2026-10-05T19:54:57+00:00'
[2026-10-05T19:55:18.423+0000] {taskinstance.py:430} INFO - ::endgroup::
[2026-10-05T19:55:18.424+0000] {subprocess.py:63} INFO - Tmp dir root location: /tmp
[2026-10-05T19:55:18.424+0000] {subprocess.py:75} INFO - Running command: ['/usr/bin/bash', '-c', "python /opt/airflow/scripts/fetch_f1_data.py --year 2026 --track 'Silverstone'"]
[2026-10-05T19:55:18.434+0000] {subprocess.py:86} INFO - Output:
[2026-10-05T19:55:19.787+0000] {subprocess.py:93} INFO - core           INFO 	Loading data for British Grand Prix - Race [v3.8.3]
[2026-10-05T19:55:19.788+0000] {subprocess.py:93} INFO - req            INFO 	No cached data found for session_info. Loading data...
[2026-10-05T19:55:19.788+0000] {subprocess.py:93} INFO - _api           INFO 	Fetching session info data...
[2026-10-05T19:55:20.137+0000] {subprocess.py:93} INFO - req            INFO 	Data has been written to cache!
[2026-10-05T19:55:20.137+0000] {subprocess.py:93} INFO - req            INFO 	No cached data found for driver_info. Loading data...
[2026-10-05T19:55:20.137+0000] {subprocess.py:93} INFO - _api           INFO 	Fetching driver list...
[2026-10-05T19:55:20.346+0000] {subprocess.py:93} INFO - req            INFO 	Data has been written to cache!
[2026-10-05T19:55:20.836+0000] {subprocess.py:93} INFO - req            INFO 	No cached data found for session_status_data. Loading data...
[2026-10-05T19:55:20.836+0000] {subprocess.py:93} INFO - _api           INFO 	Fetching session status data...
[2026-10-05T19:55:20.943+0000] {subprocess.py:93} INFO - req            INFO 	Data has been written to cache!
[2026-10-05T19:55:20.944+0000] {subprocess.py:93} INFO - req            INFO 	No cached data found for lap_count. Loading data...
[2026-10-05T19:55:20.944+0000] {subprocess.py:93} INFO - _api           INFO 	Fetching lap count data...
[2026-10-05T19:55:21.290+0000] {subprocess.py:93} INFO - req            INFO 	Data has been written to cache!
[2026-10-05T19:55:21.291+0000] {subprocess.py:93} INFO - req            INFO 	No cached data found for track_status_data. Loading data...
[2026-10-05T19:55:21.291+0000] {subprocess.py:93} INFO - _api           INFO 	Fetching track status data...
[2026-10-05T19:55:21.542+0000] {subprocess.py:93} INFO - req            INFO 	Data has been written to cache!
[2026-10-05T19:55:21.544+0000] {subprocess.py:93} INFO - req            INFO 	No cached data found for _extended_timing_data. Loading data...
[2026-10-05T19:55:21.544+0000] {subprocess.py:93} INFO - _api           INFO 	Fetching timing data...
[2026-10-05T19:55:22.601+0000] {subprocess.py:93} INFO - _api           INFO 	Parsing timing data...
[2026-10-05T19:55:24.174+0000] {subprocess.py:93} INFO - req            INFO 	Data has been written to cache!
[2026-10-05T19:55:24.174+0000] {subprocess.py:93} INFO - req            INFO 	No cached data found for timing_app_data. Loading data...
[2026-10-05T19:55:24.174+0000] {subprocess.py:93} INFO - _api           INFO 	Fetching timing app data...
[2026-10-05T19:55:24.399+0000] {subprocess.py:93} INFO - req            INFO 	Data has been written to cache!
[2026-10-05T19:55:24.399+0000] {subprocess.py:93} INFO - core           INFO 	Processing timing data...
[2026-10-05T19:55:25.838+0000] {subprocess.py:93} INFO - req            INFO 	No cached data found for car_data. Loading data...
[2026-10-05T19:55:25.838+0000] {subprocess.py:93} INFO - _api           INFO 	Fetching car data...
[2026-10-05T19:55:26.268+0000] {subprocess.py:93} INFO - _api           INFO 	Parsing car data...
[2026-10-05T19:55:32.598+0000] {subprocess.py:93} INFO - req            INFO 	Data has been written to cache!
[2026-10-05T19:55:32.598+0000] {subprocess.py:93} INFO - req            INFO 	No cached data found for position_data. Loading data...
[2026-10-05T19:55:32.598+0000] {subprocess.py:93} INFO - _api           INFO 	Fetching position data...
[2026-10-05T19:55:32.960+0000] {subprocess.py:93} INFO - _api           INFO 	Parsing position data...
[2026-10-05T19:55:39.282+0000] {subprocess.py:93} INFO - _api        WARNING 	Driver 241: Position data is incomplete!
[2026-10-05T19:55:39.294+0000] {subprocess.py:93} INFO - _api        WARNING 	Driver 242: Position data is incomplete!
[2026-10-05T19:55:39.306+0000] {subprocess.py:93} INFO - _api        WARNING 	Driver 243: Position data is incomplete!
[2026-10-05T19:55:39.623+0000] {subprocess.py:93} INFO - req            INFO 	Data has been written to cache!
[2026-10-05T19:55:41.726+0000] {subprocess.py:93} INFO - req            INFO 	No cached data found for weather_data. Loading data...
[2026-10-05T19:55:41.727+0000] {subprocess.py:93} INFO - _api           INFO 	Fetching weather data...
[2026-10-05T19:55:41.970+0000] {subprocess.py:93} INFO - req            INFO 	Data has been written to cache!
[2026-10-05T19:55:41.973+0000] {subprocess.py:93} INFO - req            INFO 	No cached data found for race_control_messages. Loading data...
[2026-10-05T19:55:41.973+0000] {subprocess.py:93} INFO - _api           INFO 	Fetching race control messages...
[2026-10-05T19:55:42.200+0000] {subprocess.py:93} INFO - req            INFO 	Data has been written to cache!
[2026-10-05T19:55:42.274+0000] {subprocess.py:93} INFO - core           INFO 	Finished loading data for 22 drivers: ['16', '63', '44', '1', '6', '30', '41', '5', '43', '10', '81', '87', '31', '11', '12', '77', '55', '14', '18', '3', '23', '27']
[2026-10-05T19:55:57.408+0000] {subprocess.py:93} INFO - Fetching data for 2026 Silverstone...
[2026-10-05T19:55:57.408+0000] {subprocess.py:93} INFO - Extracting telemetry for all drivers (this might take a minute)...
[2026-10-05T19:55:57.682+0000] {subprocess.py:97} INFO - Command exited with return code 0
[2026-10-05T19:55:57.683+0000] {taskinstance.py:441} INFO - ::group::Post task execution logs
[2026-10-05T19:55:57.704+0000] {taskinstance.py:1206} INFO - Marking task as SUCCESS. dag_id=f1_data_analytics, task_id=fetching, run_id=manual__2026-10-05T19:54:57+00:00, execution_date=20261005T195457, start_date=20261005T195518, end_date=20261005T195557
[2026-10-05T19:55:57.729+0000] {local_task_job_runner.py:240} INFO - Task exited with return code 0
[2026-10-05T19:55:57.743+0000] {logging_mixin.py:188} WARNING - /home/airflow/.local/lib/python3.11/site-packages/airflow/models/baseoperator.py:1297 AirflowProviderDeprecationWarning: Call to deprecated class PostgresOperator. (Please use `airflow.providers.common.sql.operators.sql.SQLExecuteQueryOperator`.Also, you can provide `hook_params={'schema': <database>}`.)
[2026-10-05T19:55:57.766+0000] {taskinstance.py:3503} INFO - 1 downstream tasks scheduled from follow-on schedule check
[2026-10-05T19:55:57.769+0000] {local_task_job_runner.py:222} INFO - ::endgroup::
