[2026-10-10T14:15:14.102+0000] {local_task_job_runner.py:120} INFO - ::group::Pre task execution logs
[2026-10-10T14:15:14.141+0000] {taskinstance.py:2076} INFO - Dependencies all met for dep_context=non-requeueable deps ti=<TaskInstance: f1_data_analytics.gold_script manual__2026-10-10T14:13:32+00:00 [queued]>
[2026-10-10T14:15:14.153+0000] {taskinstance.py:2076} INFO - Dependencies all met for dep_context=requeueable deps ti=<TaskInstance: f1_data_analytics.gold_script manual__2026-10-10T14:13:32+00:00 [queued]>
[2026-10-10T14:15:14.154+0000] {taskinstance.py:2306} INFO - Starting attempt 1 of 1
[2026-10-10T14:15:14.168+0000] {taskinstance.py:2330} INFO - Executing <Task(_PythonDecoratedOperator): gold_script> on 2026-10-10 14:13:32+00:00
[2026-10-10T14:15:14.174+0000] {standard_task_runner.py:63} INFO - Started process 460 to run task
[2026-10-10T14:15:14.177+0000] {standard_task_runner.py:90} INFO - Running: ['airflow', 'tasks', 'run', 'f1_data_analytics', 'gold_script', 'manual__2026-10-10T14:13:32+00:00', '--job-id', '62', '--raw', '--subdir', 'DAGS_FOLDER/f1_pipeline_dag.py', '--cfg-path', '/tmp/tmpqzuge10h']
[2026-10-10T14:15:14.178+0000] {standard_task_runner.py:91} INFO - Job 62: Subtask gold_script
[2026-10-10T14:15:14.222+0000] {task_command.py:426} INFO - Running <TaskInstance: f1_data_analytics.gold_script manual__2026-10-10T14:13:32+00:00 [running]> on host 5314212cbeb0
[2026-10-10T14:15:14.275+0000] {taskinstance.py:2648} INFO - Exporting env vars: AIRFLOW_CTX_DAG_OWNER='airflow' AIRFLOW_CTX_DAG_ID='f1_data_analytics' AIRFLOW_CTX_TASK_ID='gold_script' AIRFLOW_CTX_EXECUTION_DATE='2026-10-10T14:13:32+00:00' AIRFLOW_CTX_TRY_NUMBER='1' AIRFLOW_CTX_DAG_RUN_ID='manual__2026-10-10T14:13:32+00:00'
[2026-10-10T14:15:14.275+0000] {taskinstance.py:430} INFO - ::endgroup::
[2026-10-10T14:15:14.276+0000] {crypto.py:82} WARNING - empty cryptography key - values will not be stored encrypted.
[2026-10-10T14:15:14.277+0000] {base.py:84} INFO - Using connection ID 'postgres_conn_id' for task execution.
[2026-10-10T14:15:14.277+0000] {f1_pipeline_dag.py:26} INFO - Running spark script: /opt/airflow/scripts/process_gold_telemetry.py
[2026-10-10T14:15:26.967+0000] {f1_pipeline_dag.py:33} INFO - === STDOUT ===
:: loading settings :: url = jar:file:/home/airflow/.local/lib/python3.11/site-packages/pyspark/jars/ivy-2.5.1.jar!/org/apache/ivy/core/settings/ivysettings.xml

[2026-10-10T14:15:26.967+0000] {python.py:237} INFO - Done. Returned value was: None
[2026-10-10T14:15:26.967+0000] {taskinstance.py:441} INFO - ::group::Post task execution logs
[2026-10-10T14:15:26.971+0000] {taskinstance.py:1206} INFO - Marking task as SUCCESS. dag_id=f1_data_analytics, task_id=gold_script, run_id=manual__2026-10-10T14:13:32+00:00, execution_date=20261010T141332, start_date=20261010T141514, end_date=20261010T141526
[2026-10-10T14:15:27.013+0000] {local_task_job_runner.py:240} INFO - Task exited with return code 0
[2026-10-10T14:15:27.027+0000] {taskinstance.py:3503} INFO - 0 downstream tasks scheduled from follow-on schedule check
[2026-10-10T14:15:27.028+0000] {local_task_job_runner.py:222} INFO - ::endgroup::
